<!doctype html public "-//w3c//dtd html 4.0 transitional//en">
<html><head>
<title>Static Call Graph - [..\..\Output\NKP-LJ-05B_APP.axf]</title></head>
<body><HR>
<H1>Static Call Graph for image ..\..\Output\NKP-LJ-05B_APP.axf</H1><HR>
<BR><P>#&#060CALLGRAPH&#062# ARM Linker, 5060750: Last Updated: Wed Oct 30 15:53:26 2024
<BR><P>
<H3>Maximum Stack Usage =        304 bytes + Unknown(Cycles, Untraceable Function Pointers)</H3><H3>
Call chain for Maximum Stack Depth:</H3>
HmiTask &rArr; DisplaySurgeHistoryPage &rArr; DisplaySurgehistoryInfo &rArr; LcdDrawChinese &rArr; display_GB2312_string &rArr; display_graphic_8x16 &rArr; lcd_address &rArr; LCD_WR_REG &rArr; DelayNus
<P>
<H3>
Mutually Recursive functions
</H3> <LI><a href="#[2d]">ADC1_2_IRQHandler</a>&nbsp;&nbsp;&nbsp;&rArr;&nbsp;&nbsp;&nbsp;<a href="#[2d]">ADC1_2_IRQHandler</a><BR>
 <LI><a href="#[6d]">qsort</a>&nbsp;&nbsp;&nbsp;&rArr;&nbsp;&nbsp;&nbsp;<a href="#[6d]">qsort</a><BR>
</UL>
<P>
<H3>
Function Pointers
</H3><UL>
 <LI><a href="#[2d]">ADC1_2_IRQHandler</a> from startup_stm32f10x_hd.o(.text) referenced from startup_stm32f10x_hd.o(RESET)
 <LI><a href="#[4a]">ADC3_IRQHandler</a> from startup_stm32f10x_hd.o(.text) referenced from startup_stm32f10x_hd.o(RESET)
 <LI><a href="#[15]">BusFault_Handler</a> from stm32f10x_it.o(i.BusFault_Handler) referenced from startup_stm32f10x_hd.o(RESET)
 <LI><a href="#[30]">CAN1_RX1_IRQHandler</a> from startup_stm32f10x_hd.o(.text) referenced from startup_stm32f10x_hd.o(RESET)
 <LI><a href="#[31]">CAN1_SCE_IRQHandler</a> from startup_stm32f10x_hd.o(.text) referenced from startup_stm32f10x_hd.o(RESET)
 <LI><a href="#[5b]">CmpCb</a> from ntc_drv.o(i.CmpCb) referenced from ntc_drv.o(i.MedianAvgFltr)
 <LI><a href="#[5c]">CustomFuncHandlerCb</a> from modbus_app.o(i.CustomFuncHandlerCb) referenced from modbus_app.o(i.ModbusAppInit)
 <LI><a href="#[26]">DMA1_Channel1_IRQHandler</a> from startup_stm32f10x_hd.o(.text) referenced from startup_stm32f10x_hd.o(RESET)
 <LI><a href="#[27]">DMA1_Channel2_IRQHandler</a> from startup_stm32f10x_hd.o(.text) referenced from startup_stm32f10x_hd.o(RESET)
 <LI><a href="#[28]">DMA1_Channel3_IRQHandler</a> from startup_stm32f10x_hd.o(.text) referenced from startup_stm32f10x_hd.o(RESET)
 <LI><a href="#[29]">DMA1_Channel4_IRQHandler</a> from startup_stm32f10x_hd.o(.text) referenced from startup_stm32f10x_hd.o(RESET)
 <LI><a href="#[2a]">DMA1_Channel5_IRQHandler</a> from startup_stm32f10x_hd.o(.text) referenced from startup_stm32f10x_hd.o(RESET)
 <LI><a href="#[2b]">DMA1_Channel6_IRQHandler</a> from startup_stm32f10x_hd.o(.text) referenced from startup_stm32f10x_hd.o(RESET)
 <LI><a href="#[2c]">DMA1_Channel7_IRQHandler</a> from startup_stm32f10x_hd.o(.text) referenced from startup_stm32f10x_hd.o(RESET)
 <LI><a href="#[53]">DMA2_Channel1_IRQHandler</a> from startup_stm32f10x_hd.o(.text) referenced from startup_stm32f10x_hd.o(RESET)
 <LI><a href="#[54]">DMA2_Channel2_IRQHandler</a> from startup_stm32f10x_hd.o(.text) referenced from startup_stm32f10x_hd.o(RESET)
 <LI><a href="#[55]">DMA2_Channel3_IRQHandler</a> from startup_stm32f10x_hd.o(.text) referenced from startup_stm32f10x_hd.o(RESET)
 <LI><a href="#[56]">DMA2_Channel4_5_IRQHandler</a> from startup_stm32f10x_hd.o(.text) referenced from startup_stm32f10x_hd.o(RESET)
 <LI><a href="#[18]">DebugMon_Handler</a> from stm32f10x_it.o(i.DebugMon_Handler) referenced from startup_stm32f10x_hd.o(RESET)
 <LI><a href="#[21]">EXTI0_IRQHandler</a> from startup_stm32f10x_hd.o(.text) referenced from startup_stm32f10x_hd.o(RESET)
 <LI><a href="#[43]">EXTI15_10_IRQHandler</a> from startup_stm32f10x_hd.o(.text) referenced from startup_stm32f10x_hd.o(RESET)
 <LI><a href="#[22]">EXTI1_IRQHandler</a> from startup_stm32f10x_hd.o(.text) referenced from startup_stm32f10x_hd.o(RESET)
 <LI><a href="#[23]">EXTI2_IRQHandler</a> from startup_stm32f10x_hd.o(.text) referenced from startup_stm32f10x_hd.o(RESET)
 <LI><a href="#[24]">EXTI3_IRQHandler</a> from startup_stm32f10x_hd.o(.text) referenced from startup_stm32f10x_hd.o(RESET)
 <LI><a href="#[25]">EXTI4_IRQHandler</a> from startup_stm32f10x_hd.o(.text) referenced from startup_stm32f10x_hd.o(RESET)
 <LI><a href="#[32]">EXTI9_5_IRQHandler</a> from startup_stm32f10x_hd.o(.text) referenced from startup_stm32f10x_hd.o(RESET)
 <LI><a href="#[1f]">FLASH_IRQHandler</a> from startup_stm32f10x_hd.o(.text) referenced from startup_stm32f10x_hd.o(RESET)
 <LI><a href="#[4b]">FSMC_IRQHandler</a> from startup_stm32f10x_hd.o(.text) referenced from startup_stm32f10x_hd.o(RESET)
 <LI><a href="#[13]">HardFault_Handler</a> from stm32f10x_it.o(i.HardFault_Handler) referenced from startup_stm32f10x_hd.o(RESET)
 <LI><a href="#[0]">HmiTask</a> from hmi_app2.o(i.HmiTask) referenced 2 times from main.o(.data)
 <LI><a href="#[3b]">I2C1_ER_IRQHandler</a> from startup_stm32f10x_hd.o(.text) referenced from startup_stm32f10x_hd.o(RESET)
 <LI><a href="#[3a]">I2C1_EV_IRQHandler</a> from startup_stm32f10x_hd.o(.text) referenced from startup_stm32f10x_hd.o(RESET)
 <LI><a href="#[3d]">I2C2_ER_IRQHandler</a> from startup_stm32f10x_hd.o(.text) referenced from startup_stm32f10x_hd.o(RESET)
 <LI><a href="#[3c]">I2C2_EV_IRQHandler</a> from startup_stm32f10x_hd.o(.text) referenced from startup_stm32f10x_hd.o(RESET)
 <LI><a href="#[3]">Invalid_Task</a> from invalid_app.o(i.Invalid_Task) referenced 2 times from main.o(.data)
 <LI><a href="#[14]">MemManage_Handler</a> from stm32f10x_it.o(i.MemManage_Handler) referenced from startup_stm32f10x_hd.o(RESET)
 <LI><a href="#[c]">ModbusGetDispersed</a> from modbus_app.o(i.ModbusGetDispersed) referenced 2 times from modbus_app.o(.data)
 <LI><a href="#[6]">ModbusGetHumi</a> from modbus_app.o(i.ModbusGetHumi) referenced 2 times from modbus_app.o(.data)
 <LI><a href="#[5]">ModbusGetLightNum</a> from modbus_app.o(i.ModbusGetLightNum) referenced 2 times from modbus_app.o(.data)
 <LI><a href="#[7]">ModbusGetPhaseVol</a> from modbus_app.o(i.ModbusGetPhaseVol) referenced 2 times from modbus_app.o(.data)
 <LI><a href="#[4]">ModbusGetTemp</a> from modbus_app.o(i.ModbusGetTemp) referenced 2 times from modbus_app.o(.data)
 <LI><a href="#[8]">ModbusSetLed1</a> from modbus_app.o(i.ModbusSetLed1) referenced 2 times from modbus_app.o(.data)
 <LI><a href="#[9]">ModbusSetLed2</a> from modbus_app.o(i.ModbusSetLed2) referenced 2 times from modbus_app.o(.data)
 <LI><a href="#[b]">ModbusSetRtcTime</a> from modbus_app.o(i.ModbusSetRtcTime) referenced 2 times from modbus_app.o(.data)
 <LI><a href="#[a]">ModbusSetRtcTime_Pre</a> from modbus_app.o(i.ModbusSetRtcTime_Pre) referenced 2 times from modbus_app.o(.data)
 <LI><a href="#[1]">ModbusTask</a> from modbus_app.o(i.ModbusTask) referenced 2 times from main.o(.data)
 <LI><a href="#[12]">NMI_Handler</a> from stm32f10x_it.o(i.NMI_Handler) referenced from startup_stm32f10x_hd.o(RESET)
 <LI><a href="#[1c]">PVD_IRQHandler</a> from stm32f10x_it.o(i.PVD_IRQHandler) referenced from startup_stm32f10x_hd.o(RESET)
 <LI><a href="#[19]">PendSV_Handler</a> from stm32f10x_it.o(i.PendSV_Handler) referenced from startup_stm32f10x_hd.o(RESET)
 <LI><a href="#[20]">RCC_IRQHandler</a> from startup_stm32f10x_hd.o(.text) referenced from startup_stm32f10x_hd.o(RESET)
 <LI><a href="#[44]">RTCAlarm_IRQHandler</a> from startup_stm32f10x_hd.o(.text) referenced from startup_stm32f10x_hd.o(RESET)
 <LI><a href="#[1e]">RTC_IRQHandler</a> from startup_stm32f10x_hd.o(.text) referenced from startup_stm32f10x_hd.o(RESET)
 <LI><a href="#[67]">ReadDiscreteInputsCb</a> from modbus_app.o(i.ReadDiscreteInputsCb) referenced from modbus_app.o(.constdata)
 <LI><a href="#[65]">ReadRegsCb</a> from modbus_app.o(i.ReadRegsCb) referenced from modbus_app.o(.constdata)
 <LI><a href="#[11]">Reset_Handler</a> from startup_stm32f10x_hd.o(.text) referenced from startup_stm32f10x_hd.o(RESET)
 <LI><a href="#[4c]">SDIO_IRQHandler</a> from startup_stm32f10x_hd.o(.text) referenced from startup_stm32f10x_hd.o(RESET)
 <LI><a href="#[3e]">SPI1_IRQHandler</a> from startup_stm32f10x_hd.o(.text) referenced from startup_stm32f10x_hd.o(RESET)
 <LI><a href="#[3f]">SPI2_IRQHandler</a> from startup_stm32f10x_hd.o(.text) referenced from startup_stm32f10x_hd.o(RESET)
 <LI><a href="#[4e]">SPI3_IRQHandler</a> from startup_stm32f10x_hd.o(.text) referenced from startup_stm32f10x_hd.o(RESET)
 <LI><a href="#[17]">SVC_Handler</a> from stm32f10x_it.o(i.SVC_Handler) referenced from startup_stm32f10x_hd.o(RESET)
 <LI><a href="#[2]">Sensor_Task</a> from sensor_app.o(i.Sensor_Task) referenced 2 times from main.o(.data)
 <LI><a href="#[1a]">SysTick_Handler</a> from systick_drv.o(i.SysTick_Handler) referenced from startup_stm32f10x_hd.o(RESET)
 <LI><a href="#[58]">SystemInit</a> from system_stm32f10x.o(i.SystemInit) referenced from startup_stm32f10x_hd.o(.text)
 <LI><a href="#[1d]">TAMPER_IRQHandler</a> from startup_stm32f10x_hd.o(.text) referenced from startup_stm32f10x_hd.o(RESET)
 <LI><a href="#[33]">TIM1_BRK_IRQHandler</a> from startup_stm32f10x_hd.o(.text) referenced from startup_stm32f10x_hd.o(RESET)
 <LI><a href="#[36]">TIM1_CC_IRQHandler</a> from startup_stm32f10x_hd.o(.text) referenced from startup_stm32f10x_hd.o(RESET)
 <LI><a href="#[35]">TIM1_TRG_COM_IRQHandler</a> from startup_stm32f10x_hd.o(.text) referenced from startup_stm32f10x_hd.o(RESET)
 <LI><a href="#[34]">TIM1_UP_IRQHandler</a> from startup_stm32f10x_hd.o(.text) referenced from startup_stm32f10x_hd.o(RESET)
 <LI><a href="#[37]">TIM2_IRQHandler</a> from startup_stm32f10x_hd.o(.text) referenced from startup_stm32f10x_hd.o(RESET)
 <LI><a href="#[38]">TIM3_IRQHandler</a> from startup_stm32f10x_hd.o(.text) referenced from startup_stm32f10x_hd.o(RESET)
 <LI><a href="#[39]">TIM4_IRQHandler</a> from startup_stm32f10x_hd.o(.text) referenced from startup_stm32f10x_hd.o(RESET)
 <LI><a href="#[4d]">TIM5_IRQHandler</a> from porttimer.o(i.TIM5_IRQHandler) referenced from startup_stm32f10x_hd.o(RESET)
 <LI><a href="#[51]">TIM6_IRQHandler</a> from startup_stm32f10x_hd.o(.text) referenced from startup_stm32f10x_hd.o(RESET)
 <LI><a href="#[52]">TIM7_IRQHandler</a> from startup_stm32f10x_hd.o(.text) referenced from startup_stm32f10x_hd.o(RESET)
 <LI><a href="#[46]">TIM8_BRK_IRQHandler</a> from startup_stm32f10x_hd.o(.text) referenced from startup_stm32f10x_hd.o(RESET)
 <LI><a href="#[49]">TIM8_CC_IRQHandler</a> from startup_stm32f10x_hd.o(.text) referenced from startup_stm32f10x_hd.o(RESET)
 <LI><a href="#[48]">TIM8_TRG_COM_IRQHandler</a> from startup_stm32f10x_hd.o(.text) referenced from startup_stm32f10x_hd.o(RESET)
 <LI><a href="#[47]">TIM8_UP_IRQHandler</a> from startup_stm32f10x_hd.o(.text) referenced from startup_stm32f10x_hd.o(RESET)
 <LI><a href="#[5a]">TaskScheduleCb</a> from main.o(i.TaskScheduleCb) referenced from main.o(i.AppInit)
 <LI><a href="#[4f]">UART4_IRQHandler</a> from startup_stm32f10x_hd.o(.text) referenced from startup_stm32f10x_hd.o(RESET)
 <LI><a href="#[50]">UART5_IRQHandler</a> from startup_stm32f10x_hd.o(.text) referenced from startup_stm32f10x_hd.o(RESET)
 <LI><a href="#[40]">USART1_IRQHandler</a> from portserial.o(i.USART1_IRQHandler) referenced from startup_stm32f10x_hd.o(RESET)
 <LI><a href="#[41]">USART2_IRQHandler</a> from surgemdl_drv.o(i.USART2_IRQHandler) referenced from startup_stm32f10x_hd.o(RESET)
 <LI><a href="#[42]">USART3_IRQHandler</a> from startup_stm32f10x_hd.o(.text) referenced from startup_stm32f10x_hd.o(RESET)
 <LI><a href="#[45]">USBWakeUp_IRQHandler</a> from startup_stm32f10x_hd.o(.text) referenced from startup_stm32f10x_hd.o(RESET)
 <LI><a href="#[2e]">USB_HP_CAN1_TX_IRQHandler</a> from startup_stm32f10x_hd.o(.text) referenced from startup_stm32f10x_hd.o(RESET)
 <LI><a href="#[2f]">USB_LP_CAN1_RX0_IRQHandler</a> from startup_stm32f10x_hd.o(.text) referenced from startup_stm32f10x_hd.o(RESET)
 <LI><a href="#[16]">UsageFault_Handler</a> from stm32f10x_it.o(i.UsageFault_Handler) referenced from startup_stm32f10x_hd.o(RESET)
 <LI><a href="#[1b]">WWDG_IRQHandler</a> from startup_stm32f10x_hd.o(.text) referenced from startup_stm32f10x_hd.o(RESET)
 <LI><a href="#[66]">WriteRegsCb</a> from modbus_app.o(i.WriteRegsCb) referenced from modbus_app.o(.constdata)
 <LI><a href="#[59]">__main</a> from entry.o(.ARM.Collect$$$$00000000) referenced from startup_stm32f10x_hd.o(.text)
 <LI><a href="#[5d]">_sputc</a> from printfa.o(i._sputc) referenced from printfa.o(i.__0sprintf)
 <LI><a href="#[10]">eMBFuncReadDiscreteInputs</a> from mbfuncdisc.o(i.eMBFuncReadDiscreteInputs) referenced 2 times from mb.o(.data)
 <LI><a href="#[d]">eMBFuncReadHoldingRegister</a> from mbfuncholding.o(i.eMBFuncReadHoldingRegister) referenced 2 times from mb.o(.data)
 <LI><a href="#[f]">eMBFuncWriteHoldingRegister</a> from mbfuncholding.o(i.eMBFuncWriteHoldingRegister) referenced 2 times from mb.o(.data)
 <LI><a href="#[e]">eMBFuncWriteMultipleHoldingRegister</a> from mbfuncholding.o(i.eMBFuncWriteMultipleHoldingRegister) referenced 2 times from mb.o(.data)
 <LI><a href="#[61]">eMBRTUReceive</a> from mbrtu.o(i.eMBRTUReceive) referenced from mb.o(i.eMBInit)
 <LI><a href="#[60]">eMBRTUSend</a> from mbrtu.o(i.eMBRTUSend) referenced from mb.o(i.eMBInit)
 <LI><a href="#[5e]">eMBRTUStart</a> from mbrtu.o(i.eMBRTUStart) referenced from mb.o(i.eMBInit)
 <LI><a href="#[5f]">eMBRTUStop</a> from mbrtu.o(i.eMBRTUStop) referenced from mb.o(i.eMBInit)
 <LI><a href="#[57]">main</a> from main.o(i.main) referenced from entry9a.o(.ARM.Collect$$$$0000000B)
 <LI><a href="#[62]">xMBRTUReceiveFSM</a> from mbrtu.o(i.xMBRTUReceiveFSM) referenced from mb.o(i.eMBInit)
 <LI><a href="#[64]">xMBRTUTimerT35Expired</a> from mbrtu.o(i.xMBRTUTimerT35Expired) referenced from mb.o(i.eMBInit)
 <LI><a href="#[63]">xMBRTUTransmitFSM</a> from mbrtu.o(i.xMBRTUTransmitFSM) referenced from mb.o(i.eMBInit)
</UL>
<P>
<H3>
Global Symbols
</H3>
<P><STRONG><a name="[59]"></a>__main</STRONG> (Thumb, 0 bytes, Stack size unknown bytes, entry.o(.ARM.Collect$$$$00000000))
<BR>[Address Reference Count : 1]<UL><LI> startup_stm32f10x_hd.o(.text)
</UL>
<P><STRONG><a name="[17e]"></a>_main_stk</STRONG> (Thumb, 0 bytes, Stack size unknown bytes, entry2.o(.ARM.Collect$$$$00000001))

<P><STRONG><a name="[68]"></a>_main_scatterload</STRONG> (Thumb, 0 bytes, Stack size unknown bytes, entry5.o(.ARM.Collect$$$$00000004))
<BR><BR>[Calls]<UL><LI><a href="#[69]">&gt;&gt;</a>&nbsp;&nbsp;&nbsp;__scatterload
</UL>

<P><STRONG><a name="[84]"></a>__main_after_scatterload</STRONG> (Thumb, 0 bytes, Stack size unknown bytes, entry5.o(.ARM.Collect$$$$00000004))
<BR><BR>[Called By]<UL><LI><a href="#[69]">&gt;&gt;</a>&nbsp;&nbsp;&nbsp;__scatterload
</UL>

<P><STRONG><a name="[17f]"></a>_main_clock</STRONG> (Thumb, 0 bytes, Stack size unknown bytes, entry7b.o(.ARM.Collect$$$$00000008))

<P><STRONG><a name="[180]"></a>_main_cpp_init</STRONG> (Thumb, 0 bytes, Stack size unknown bytes, entry8b.o(.ARM.Collect$$$$0000000A))

<P><STRONG><a name="[181]"></a>_main_init</STRONG> (Thumb, 0 bytes, Stack size unknown bytes, entry9a.o(.ARM.Collect$$$$0000000B))

<P><STRONG><a name="[182]"></a>__rt_final_cpp</STRONG> (Thumb, 0 bytes, Stack size unknown bytes, entry10a.o(.ARM.Collect$$$$0000000D))

<P><STRONG><a name="[183]"></a>__rt_final_exit</STRONG> (Thumb, 0 bytes, Stack size unknown bytes, entry11a.o(.ARM.Collect$$$$0000000F))

<P><STRONG><a name="[11]"></a>Reset_Handler</STRONG> (Thumb, 8 bytes, Stack size 0 bytes, startup_stm32f10x_hd.o(.text))
<BR>[Address Reference Count : 1]<UL><LI> startup_stm32f10x_hd.o(RESET)
</UL>
<P><STRONG><a name="[2d]"></a>ADC1_2_IRQHandler</STRONG> (Thumb, 0 bytes, Stack size 0 bytes, startup_stm32f10x_hd.o(.text))
<BR><BR>[Calls]<UL><LI><a href="#[2d]">&gt;&gt;</a>&nbsp;&nbsp;&nbsp;ADC1_2_IRQHandler
</UL>
<BR>[Called By]<UL><LI><a href="#[2d]">&gt;&gt;</a>&nbsp;&nbsp;&nbsp;ADC1_2_IRQHandler
</UL>
<BR>[Address Reference Count : 1]<UL><LI> startup_stm32f10x_hd.o(RESET)
</UL>
<P><STRONG><a name="[4a]"></a>ADC3_IRQHandler</STRONG> (Thumb, 0 bytes, Stack size 0 bytes, startup_stm32f10x_hd.o(.text))
<BR>[Address Reference Count : 1]<UL><LI> startup_stm32f10x_hd.o(RESET)
</UL>
<P><STRONG><a name="[30]"></a>CAN1_RX1_IRQHandler</STRONG> (Thumb, 0 bytes, Stack size 0 bytes, startup_stm32f10x_hd.o(.text))
<BR>[Address Reference Count : 1]<UL><LI> startup_stm32f10x_hd.o(RESET)
</UL>
<P><STRONG><a name="[31]"></a>CAN1_SCE_IRQHandler</STRONG> (Thumb, 0 bytes, Stack size 0 bytes, startup_stm32f10x_hd.o(.text))
<BR>[Address Reference Count : 1]<UL><LI> startup_stm32f10x_hd.o(RESET)
</UL>
<P><STRONG><a name="[26]"></a>DMA1_Channel1_IRQHandler</STRONG> (Thumb, 0 bytes, Stack size 0 bytes, startup_stm32f10x_hd.o(.text))
<BR>[Address Reference Count : 1]<UL><LI> startup_stm32f10x_hd.o(RESET)
</UL>
<P><STRONG><a name="[27]"></a>DMA1_Channel2_IRQHandler</STRONG> (Thumb, 0 bytes, Stack size 0 bytes, startup_stm32f10x_hd.o(.text))
<BR>[Address Reference Count : 1]<UL><LI> startup_stm32f10x_hd.o(RESET)
</UL>
<P><STRONG><a name="[28]"></a>DMA1_Channel3_IRQHandler</STRONG> (Thumb, 0 bytes, Stack size 0 bytes, startup_stm32f10x_hd.o(.text))
<BR>[Address Reference Count : 1]<UL><LI> startup_stm32f10x_hd.o(RESET)
</UL>
<P><STRONG><a name="[29]"></a>DMA1_Channel4_IRQHandler</STRONG> (Thumb, 0 bytes, Stack size 0 bytes, startup_stm32f10x_hd.o(.text))
<BR>[Address Reference Count : 1]<UL><LI> startup_stm32f10x_hd.o(RESET)
</UL>
<P><STRONG><a name="[2a]"></a>DMA1_Channel5_IRQHandler</STRONG> (Thumb, 0 bytes, Stack size 0 bytes, startup_stm32f10x_hd.o(.text))
<BR>[Address Reference Count : 1]<UL><LI> startup_stm32f10x_hd.o(RESET)
</UL>
<P><STRONG><a name="[2b]"></a>DMA1_Channel6_IRQHandler</STRONG> (Thumb, 0 bytes, Stack size 0 bytes, startup_stm32f10x_hd.o(.text))
<BR>[Address Reference Count : 1]<UL><LI> startup_stm32f10x_hd.o(RESET)
</UL>
<P><STRONG><a name="[2c]"></a>DMA1_Channel7_IRQHandler</STRONG> (Thumb, 0 bytes, Stack size 0 bytes, startup_stm32f10x_hd.o(.text))
<BR>[Address Reference Count : 1]<UL><LI> startup_stm32f10x_hd.o(RESET)
</UL>
<P><STRONG><a name="[53]"></a>DMA2_Channel1_IRQHandler</STRONG> (Thumb, 0 bytes, Stack size 0 bytes, startup_stm32f10x_hd.o(.text))
<BR>[Address Reference Count : 1]<UL><LI> startup_stm32f10x_hd.o(RESET)
</UL>
<P><STRONG><a name="[54]"></a>DMA2_Channel2_IRQHandler</STRONG> (Thumb, 0 bytes, Stack size 0 bytes, startup_stm32f10x_hd.o(.text))
<BR>[Address Reference Count : 1]<UL><LI> startup_stm32f10x_hd.o(RESET)
</UL>
<P><STRONG><a name="[55]"></a>DMA2_Channel3_IRQHandler</STRONG> (Thumb, 0 bytes, Stack size 0 bytes, startup_stm32f10x_hd.o(.text))
<BR>[Address Reference Count : 1]<UL><LI> startup_stm32f10x_hd.o(RESET)
</UL>
<P><STRONG><a name="[56]"></a>DMA2_Channel4_5_IRQHandler</STRONG> (Thumb, 0 bytes, Stack size 0 bytes, startup_stm32f10x_hd.o(.text))
<BR>[Address Reference Count : 1]<UL><LI> startup_stm32f10x_hd.o(RESET)
</UL>
<P><STRONG><a name="[21]"></a>EXTI0_IRQHandler</STRONG> (Thumb, 0 bytes, Stack size 0 bytes, startup_stm32f10x_hd.o(.text))
<BR>[Address Reference Count : 1]<UL><LI> startup_stm32f10x_hd.o(RESET)
</UL>
<P><STRONG><a name="[43]"></a>EXTI15_10_IRQHandler</STRONG> (Thumb, 0 bytes, Stack size 0 bytes, startup_stm32f10x_hd.o(.text))
<BR>[Address Reference Count : 1]<UL><LI> startup_stm32f10x_hd.o(RESET)
</UL>
<P><STRONG><a name="[22]"></a>EXTI1_IRQHandler</STRONG> (Thumb, 0 bytes, Stack size 0 bytes, startup_stm32f10x_hd.o(.text))
<BR>[Address Reference Count : 1]<UL><LI> startup_stm32f10x_hd.o(RESET)
</UL>
<P><STRONG><a name="[23]"></a>EXTI2_IRQHandler</STRONG> (Thumb, 0 bytes, Stack size 0 bytes, startup_stm32f10x_hd.o(.text))
<BR>[Address Reference Count : 1]<UL><LI> startup_stm32f10x_hd.o(RESET)
</UL>
<P><STRONG><a name="[24]"></a>EXTI3_IRQHandler</STRONG> (Thumb, 0 bytes, Stack size 0 bytes, startup_stm32f10x_hd.o(.text))
<BR>[Address Reference Count : 1]<UL><LI> startup_stm32f10x_hd.o(RESET)
</UL>
<P><STRONG><a name="[25]"></a>EXTI4_IRQHandler</STRONG> (Thumb, 0 bytes, Stack size 0 bytes, startup_stm32f10x_hd.o(.text))
<BR>[Address Reference Count : 1]<UL><LI> startup_stm32f10x_hd.o(RESET)
</UL>
<P><STRONG><a name="[32]"></a>EXTI9_5_IRQHandler</STRONG> (Thumb, 0 bytes, Stack size 0 bytes, startup_stm32f10x_hd.o(.text))
<BR>[Address Reference Count : 1]<UL><LI> startup_stm32f10x_hd.o(RESET)
</UL>
<P><STRONG><a name="[1f]"></a>FLASH_IRQHandler</STRONG> (Thumb, 0 bytes, Stack size 0 bytes, startup_stm32f10x_hd.o(.text))
<BR>[Address Reference Count : 1]<UL><LI> startup_stm32f10x_hd.o(RESET)
</UL>
<P><STRONG><a name="[4b]"></a>FSMC_IRQHandler</STRONG> (Thumb, 0 bytes, Stack size 0 bytes, startup_stm32f10x_hd.o(.text))
<BR>[Address Reference Count : 1]<UL><LI> startup_stm32f10x_hd.o(RESET)
</UL>
<P><STRONG><a name="[3b]"></a>I2C1_ER_IRQHandler</STRONG> (Thumb, 0 bytes, Stack size 0 bytes, startup_stm32f10x_hd.o(.text))
<BR>[Address Reference Count : 1]<UL><LI> startup_stm32f10x_hd.o(RESET)
</UL>
<P><STRONG><a name="[3a]"></a>I2C1_EV_IRQHandler</STRONG> (Thumb, 0 bytes, Stack size 0 bytes, startup_stm32f10x_hd.o(.text))
<BR>[Address Reference Count : 1]<UL><LI> startup_stm32f10x_hd.o(RESET)
</UL>
<P><STRONG><a name="[3d]"></a>I2C2_ER_IRQHandler</STRONG> (Thumb, 0 bytes, Stack size 0 bytes, startup_stm32f10x_hd.o(.text))
<BR>[Address Reference Count : 1]<UL><LI> startup_stm32f10x_hd.o(RESET)
</UL>
<P><STRONG><a name="[3c]"></a>I2C2_EV_IRQHandler</STRONG> (Thumb, 0 bytes, Stack size 0 bytes, startup_stm32f10x_hd.o(.text))
<BR>[Address Reference Count : 1]<UL><LI> startup_stm32f10x_hd.o(RESET)
</UL>
<P><STRONG><a name="[20]"></a>RCC_IRQHandler</STRONG> (Thumb, 0 bytes, Stack size 0 bytes, startup_stm32f10x_hd.o(.text))
<BR>[Address Reference Count : 1]<UL><LI> startup_stm32f10x_hd.o(RESET)
</UL>
<P><STRONG><a name="[44]"></a>RTCAlarm_IRQHandler</STRONG> (Thumb, 0 bytes, Stack size 0 bytes, startup_stm32f10x_hd.o(.text))
<BR>[Address Reference Count : 1]<UL><LI> startup_stm32f10x_hd.o(RESET)
</UL>
<P><STRONG><a name="[1e]"></a>RTC_IRQHandler</STRONG> (Thumb, 0 bytes, Stack size 0 bytes, startup_stm32f10x_hd.o(.text))
<BR>[Address Reference Count : 1]<UL><LI> startup_stm32f10x_hd.o(RESET)
</UL>
<P><STRONG><a name="[4c]"></a>SDIO_IRQHandler</STRONG> (Thumb, 0 bytes, Stack size 0 bytes, startup_stm32f10x_hd.o(.text))
<BR>[Address Reference Count : 1]<UL><LI> startup_stm32f10x_hd.o(RESET)
</UL>
<P><STRONG><a name="[3e]"></a>SPI1_IRQHandler</STRONG> (Thumb, 0 bytes, Stack size 0 bytes, startup_stm32f10x_hd.o(.text))
<BR>[Address Reference Count : 1]<UL><LI> startup_stm32f10x_hd.o(RESET)
</UL>
<P><STRONG><a name="[3f]"></a>SPI2_IRQHandler</STRONG> (Thumb, 0 bytes, Stack size 0 bytes, startup_stm32f10x_hd.o(.text))
<BR>[Address Reference Count : 1]<UL><LI> startup_stm32f10x_hd.o(RESET)
</UL>
<P><STRONG><a name="[4e]"></a>SPI3_IRQHandler</STRONG> (Thumb, 0 bytes, Stack size 0 bytes, startup_stm32f10x_hd.o(.text))
<BR>[Address Reference Count : 1]<UL><LI> startup_stm32f10x_hd.o(RESET)
</UL>
<P><STRONG><a name="[1d]"></a>TAMPER_IRQHandler</STRONG> (Thumb, 0 bytes, Stack size 0 bytes, startup_stm32f10x_hd.o(.text))
<BR>[Address Reference Count : 1]<UL><LI> startup_stm32f10x_hd.o(RESET)
</UL>
<P><STRONG><a name="[33]"></a>TIM1_BRK_IRQHandler</STRONG> (Thumb, 0 bytes, Stack size 0 bytes, startup_stm32f10x_hd.o(.text))
<BR>[Address Reference Count : 1]<UL><LI> startup_stm32f10x_hd.o(RESET)
</UL>
<P><STRONG><a name="[36]"></a>TIM1_CC_IRQHandler</STRONG> (Thumb, 0 bytes, Stack size 0 bytes, startup_stm32f10x_hd.o(.text))
<BR>[Address Reference Count : 1]<UL><LI> startup_stm32f10x_hd.o(RESET)
</UL>
<P><STRONG><a name="[35]"></a>TIM1_TRG_COM_IRQHandler</STRONG> (Thumb, 0 bytes, Stack size 0 bytes, startup_stm32f10x_hd.o(.text))
<BR>[Address Reference Count : 1]<UL><LI> startup_stm32f10x_hd.o(RESET)
</UL>
<P><STRONG><a name="[34]"></a>TIM1_UP_IRQHandler</STRONG> (Thumb, 0 bytes, Stack size 0 bytes, startup_stm32f10x_hd.o(.text))
<BR>[Address Reference Count : 1]<UL><LI> startup_stm32f10x_hd.o(RESET)
</UL>
<P><STRONG><a name="[37]"></a>TIM2_IRQHandler</STRONG> (Thumb, 0 bytes, Stack size 0 bytes, startup_stm32f10x_hd.o(.text))
<BR>[Address Reference Count : 1]<UL><LI> startup_stm32f10x_hd.o(RESET)
</UL>
<P><STRONG><a name="[38]"></a>TIM3_IRQHandler</STRONG> (Thumb, 0 bytes, Stack size 0 bytes, startup_stm32f10x_hd.o(.text))
<BR>[Address Reference Count : 1]<UL><LI> startup_stm32f10x_hd.o(RESET)
</UL>
<P><STRONG><a name="[39]"></a>TIM4_IRQHandler</STRONG> (Thumb, 0 bytes, Stack size 0 bytes, startup_stm32f10x_hd.o(.text))
<BR>[Address Reference Count : 1]<UL><LI> startup_stm32f10x_hd.o(RESET)
</UL>
<P><STRONG><a name="[51]"></a>TIM6_IRQHandler</STRONG> (Thumb, 0 bytes, Stack size 0 bytes, startup_stm32f10x_hd.o(.text))
<BR>[Address Reference Count : 1]<UL><LI> startup_stm32f10x_hd.o(RESET)
</UL>
<P><STRONG><a name="[52]"></a>TIM7_IRQHandler</STRONG> (Thumb, 0 bytes, Stack size 0 bytes, startup_stm32f10x_hd.o(.text))
<BR>[Address Reference Count : 1]<UL><LI> startup_stm32f10x_hd.o(RESET)
</UL>
<P><STRONG><a name="[46]"></a>TIM8_BRK_IRQHandler</STRONG> (Thumb, 0 bytes, Stack size 0 bytes, startup_stm32f10x_hd.o(.text))
<BR>[Address Reference Count : 1]<UL><LI> startup_stm32f10x_hd.o(RESET)
</UL>
<P><STRONG><a name="[49]"></a>TIM8_CC_IRQHandler</STRONG> (Thumb, 0 bytes, Stack size 0 bytes, startup_stm32f10x_hd.o(.text))
<BR>[Address Reference Count : 1]<UL><LI> startup_stm32f10x_hd.o(RESET)
</UL>
<P><STRONG><a name="[48]"></a>TIM8_TRG_COM_IRQHandler</STRONG> (Thumb, 0 bytes, Stack size 0 bytes, startup_stm32f10x_hd.o(.text))
<BR>[Address Reference Count : 1]<UL><LI> startup_stm32f10x_hd.o(RESET)
</UL>
<P><STRONG><a name="[47]"></a>TIM8_UP_IRQHandler</STRONG> (Thumb, 0 bytes, Stack size 0 bytes, startup_stm32f10x_hd.o(.text))
<BR>[Address Reference Count : 1]<UL><LI> startup_stm32f10x_hd.o(RESET)
</UL>
<P><STRONG><a name="[4f]"></a>UART4_IRQHandler</STRONG> (Thumb, 0 bytes, Stack size 0 bytes, startup_stm32f10x_hd.o(.text))
<BR>[Address Reference Count : 1]<UL><LI> startup_stm32f10x_hd.o(RESET)
</UL>
<P><STRONG><a name="[50]"></a>UART5_IRQHandler</STRONG> (Thumb, 0 bytes, Stack size 0 bytes, startup_stm32f10x_hd.o(.text))
<BR>[Address Reference Count : 1]<UL><LI> startup_stm32f10x_hd.o(RESET)
</UL>
<P><STRONG><a name="[42]"></a>USART3_IRQHandler</STRONG> (Thumb, 0 bytes, Stack size 0 bytes, startup_stm32f10x_hd.o(.text))
<BR>[Address Reference Count : 1]<UL><LI> startup_stm32f10x_hd.o(RESET)
</UL>
<P><STRONG><a name="[45]"></a>USBWakeUp_IRQHandler</STRONG> (Thumb, 0 bytes, Stack size 0 bytes, startup_stm32f10x_hd.o(.text))
<BR>[Address Reference Count : 1]<UL><LI> startup_stm32f10x_hd.o(RESET)
</UL>
<P><STRONG><a name="[2e]"></a>USB_HP_CAN1_TX_IRQHandler</STRONG> (Thumb, 0 bytes, Stack size 0 bytes, startup_stm32f10x_hd.o(.text))
<BR>[Address Reference Count : 1]<UL><LI> startup_stm32f10x_hd.o(RESET)
</UL>
<P><STRONG><a name="[2f]"></a>USB_LP_CAN1_RX0_IRQHandler</STRONG> (Thumb, 0 bytes, Stack size 0 bytes, startup_stm32f10x_hd.o(.text))
<BR>[Address Reference Count : 1]<UL><LI> startup_stm32f10x_hd.o(RESET)
</UL>
<P><STRONG><a name="[1b]"></a>WWDG_IRQHandler</STRONG> (Thumb, 0 bytes, Stack size 0 bytes, startup_stm32f10x_hd.o(.text))
<BR>[Address Reference Count : 1]<UL><LI> startup_stm32f10x_hd.o(RESET)
</UL>
<P><STRONG><a name="[6a]"></a>__aeabi_uldivmod</STRONG> (Thumb, 98 bytes, Stack size 40 bytes, uldiv.o(.text))
<BR><BR>[Stack]<UL><LI>Max Depth = 40<LI>Call Chain = __aeabi_uldivmod
</UL>
<BR>[Calls]<UL><LI><a href="#[6b]">&gt;&gt;</a>&nbsp;&nbsp;&nbsp;__aeabi_llsr
<LI><a href="#[6c]">&gt;&gt;</a>&nbsp;&nbsp;&nbsp;__aeabi_llsl
</UL>
<BR>[Called By]<UL><LI><a href="#[e6]">&gt;&gt;</a>&nbsp;&nbsp;&nbsp;GetMOVFail_PCT
<LI><a href="#[15a]">&gt;&gt;</a>&nbsp;&nbsp;&nbsp;_printf_core
<LI><a href="#[15e]">&gt;&gt;</a>&nbsp;&nbsp;&nbsp;_fp_digits
</UL>

<P><STRONG><a name="[6d]"></a>qsort</STRONG> (Thumb, 156 bytes, Stack size 40 bytes, qsort.o(.text))
<BR><BR>[Stack]<UL><LI>Max Depth = 40 + In Cycle
<LI>Call Chain = qsort &rArr;  qsort (Cycle)
</UL>
<BR>[Calls]<UL><LI><a href="#[6d]">&gt;&gt;</a>&nbsp;&nbsp;&nbsp;qsort
</UL>
<BR>[Called By]<UL><LI><a href="#[10f]">&gt;&gt;</a>&nbsp;&nbsp;&nbsp;MedianAvgFltr
<LI><a href="#[6d]">&gt;&gt;</a>&nbsp;&nbsp;&nbsp;qsort
</UL>

<P><STRONG><a name="[184]"></a>__aeabi_memcpy</STRONG> (Thumb, 36 bytes, Stack size 0 bytes, memcpya.o(.text), UNUSED)

<P><STRONG><a name="[111]"></a>__aeabi_memcpy4</STRONG> (Thumb, 0 bytes, Stack size 0 bytes, memcpya.o(.text))
<BR><BR>[Called By]<UL><LI><a href="#[97]">&gt;&gt;</a>&nbsp;&nbsp;&nbsp;ModbusAppInit
</UL>

<P><STRONG><a name="[185]"></a>__aeabi_memcpy8</STRONG> (Thumb, 0 bytes, Stack size 0 bytes, memcpya.o(.text), UNUSED)

<P><STRONG><a name="[6f]"></a>__aeabi_memset</STRONG> (Thumb, 14 bytes, Stack size 0 bytes, memseta.o(.text))
<BR><BR>[Called By]<UL><LI><a href="#[70]">&gt;&gt;</a>&nbsp;&nbsp;&nbsp;_memset$wrapper
<LI><a href="#[6e]">&gt;&gt;</a>&nbsp;&nbsp;&nbsp;__aeabi_memclr
</UL>

<P><STRONG><a name="[186]"></a>__aeabi_memset4</STRONG> (Thumb, 0 bytes, Stack size 0 bytes, memseta.o(.text), UNUSED)

<P><STRONG><a name="[187]"></a>__aeabi_memset8</STRONG> (Thumb, 0 bytes, Stack size 0 bytes, memseta.o(.text), UNUSED)

<P><STRONG><a name="[6e]"></a>__aeabi_memclr</STRONG> (Thumb, 4 bytes, Stack size 0 bytes, memseta.o(.text))
<BR><BR>[Calls]<UL><LI><a href="#[6f]">&gt;&gt;</a>&nbsp;&nbsp;&nbsp;__aeabi_memset
</UL>
<BR>[Called By]<UL><LI><a href="#[41]">&gt;&gt;</a>&nbsp;&nbsp;&nbsp;USART2_IRQHandler
</UL>

<P><STRONG><a name="[af]"></a>__aeabi_memclr4</STRONG> (Thumb, 0 bytes, Stack size 0 bytes, memseta.o(.text))
<BR><BR>[Called By]<UL><LI><a href="#[ae]">&gt;&gt;</a>&nbsp;&nbsp;&nbsp;DisplayInvalidTimeInfo
<LI><a href="#[bf]">&gt;&gt;</a>&nbsp;&nbsp;&nbsp;DisplaySurgehistoryInfo
</UL>

<P><STRONG><a name="[188]"></a>__aeabi_memclr8</STRONG> (Thumb, 0 bytes, Stack size 0 bytes, memseta.o(.text), UNUSED)

<P><STRONG><a name="[70]"></a>_memset$wrapper</STRONG> (Thumb, 18 bytes, Stack size 8 bytes, memseta.o(.text), UNUSED)
<BR><BR>[Calls]<UL><LI><a href="#[6f]">&gt;&gt;</a>&nbsp;&nbsp;&nbsp;__aeabi_memset
</UL>

<P><STRONG><a name="[71]"></a>__aeabi_fadd</STRONG> (Thumb, 164 bytes, Stack size 16 bytes, fadd.o(.text))
<BR><BR>[Stack]<UL><LI>Max Depth = 20<LI>Call Chain = __aeabi_fadd &rArr; _float_epilogue
</UL>
<BR>[Calls]<UL><LI><a href="#[73]">&gt;&gt;</a>&nbsp;&nbsp;&nbsp;_float_round
<LI><a href="#[72]">&gt;&gt;</a>&nbsp;&nbsp;&nbsp;_float_epilogue
</UL>
<BR>[Called By]<UL><LI><a href="#[74]">&gt;&gt;</a>&nbsp;&nbsp;&nbsp;__aeabi_fsub
<LI><a href="#[b8]">&gt;&gt;</a>&nbsp;&nbsp;&nbsp;DisplayTempInfo
<LI><a href="#[75]">&gt;&gt;</a>&nbsp;&nbsp;&nbsp;__aeabi_frsub
</UL>

<P><STRONG><a name="[74]"></a>__aeabi_fsub</STRONG> (Thumb, 6 bytes, Stack size 0 bytes, fadd.o(.text))
<BR><BR>[Stack]<UL><LI>Max Depth = 20<LI>Call Chain = __aeabi_fsub &rArr; __aeabi_fadd &rArr; _float_epilogue
</UL>
<BR>[Calls]<UL><LI><a href="#[71]">&gt;&gt;</a>&nbsp;&nbsp;&nbsp;__aeabi_fadd
</UL>
<BR>[Called By]<UL><LI><a href="#[b8]">&gt;&gt;</a>&nbsp;&nbsp;&nbsp;DisplayTempInfo
</UL>

<P><STRONG><a name="[75]"></a>__aeabi_frsub</STRONG> (Thumb, 6 bytes, Stack size 0 bytes, fadd.o(.text), UNUSED)
<BR><BR>[Calls]<UL><LI><a href="#[71]">&gt;&gt;</a>&nbsp;&nbsp;&nbsp;__aeabi_fadd
</UL>

<P><STRONG><a name="[c5]"></a>__aeabi_fmul</STRONG> (Thumb, 100 bytes, Stack size 8 bytes, fmul.o(.text))
<BR><BR>[Stack]<UL><LI>Max Depth = 8<LI>Call Chain = __aeabi_fmul
</UL>
<BR>[Called By]<UL><LI><a href="#[134]">&gt;&gt;</a>&nbsp;&nbsp;&nbsp;SurgeHistoryProc
<LI><a href="#[4]">&gt;&gt;</a>&nbsp;&nbsp;&nbsp;ModbusGetTemp
<LI><a href="#[7]">&gt;&gt;</a>&nbsp;&nbsp;&nbsp;ModbusGetPhaseVol
<LI><a href="#[b8]">&gt;&gt;</a>&nbsp;&nbsp;&nbsp;DisplayTempInfo
</UL>

<P><STRONG><a name="[76]"></a>__aeabi_fdiv</STRONG> (Thumb, 124 bytes, Stack size 8 bytes, fdiv.o(.text))
<BR><BR>[Stack]<UL><LI>Max Depth = 8<LI>Call Chain = __aeabi_fdiv
</UL>
<BR>[Calls]<UL><LI><a href="#[73]">&gt;&gt;</a>&nbsp;&nbsp;&nbsp;_float_round
</UL>
<BR>[Called By]<UL><LI><a href="#[134]">&gt;&gt;</a>&nbsp;&nbsp;&nbsp;SurgeHistoryProc
<LI><a href="#[bf]">&gt;&gt;</a>&nbsp;&nbsp;&nbsp;DisplaySurgehistoryInfo
<LI><a href="#[b8]">&gt;&gt;</a>&nbsp;&nbsp;&nbsp;DisplayTempInfo
<LI><a href="#[132]">&gt;&gt;</a>&nbsp;&nbsp;&nbsp;TempSensorProc
</UL>

<P><STRONG><a name="[77]"></a>__aeabi_i2f</STRONG> (Thumb, 18 bytes, Stack size 0 bytes, fflti.o(.text))
<BR><BR>[Stack]<UL><LI>Max Depth = 4<LI>Call Chain = __aeabi_i2f &rArr; _float_epilogue
</UL>
<BR>[Calls]<UL><LI><a href="#[72]">&gt;&gt;</a>&nbsp;&nbsp;&nbsp;_float_epilogue
</UL>
<BR>[Called By]<UL><LI><a href="#[bf]">&gt;&gt;</a>&nbsp;&nbsp;&nbsp;DisplaySurgehistoryInfo
<LI><a href="#[b8]">&gt;&gt;</a>&nbsp;&nbsp;&nbsp;DisplayTempInfo
</UL>

<P><STRONG><a name="[78]"></a>__aeabi_ui2f</STRONG> (Thumb, 10 bytes, Stack size 0 bytes, ffltui.o(.text))
<BR><BR>[Stack]<UL><LI>Max Depth = 4<LI>Call Chain = __aeabi_ui2f &rArr; _float_epilogue
</UL>
<BR>[Calls]<UL><LI><a href="#[72]">&gt;&gt;</a>&nbsp;&nbsp;&nbsp;_float_epilogue
</UL>
<BR>[Called By]<UL><LI><a href="#[134]">&gt;&gt;</a>&nbsp;&nbsp;&nbsp;SurgeHistoryProc
<LI><a href="#[132]">&gt;&gt;</a>&nbsp;&nbsp;&nbsp;TempSensorProc
</UL>

<P><STRONG><a name="[c6]"></a>__aeabi_f2uiz</STRONG> (Thumb, 40 bytes, Stack size 0 bytes, ffixui.o(.text))
<BR><BR>[Called By]<UL><LI><a href="#[134]">&gt;&gt;</a>&nbsp;&nbsp;&nbsp;SurgeHistoryProc
<LI><a href="#[4]">&gt;&gt;</a>&nbsp;&nbsp;&nbsp;ModbusGetTemp
<LI><a href="#[7]">&gt;&gt;</a>&nbsp;&nbsp;&nbsp;ModbusGetPhaseVol
<LI><a href="#[b8]">&gt;&gt;</a>&nbsp;&nbsp;&nbsp;DisplayTempInfo
</UL>

<P><STRONG><a name="[c3]"></a>__aeabi_f2d</STRONG> (Thumb, 38 bytes, Stack size 0 bytes, f2d.o(.text))
<BR><BR>[Called By]<UL><LI><a href="#[bf]">&gt;&gt;</a>&nbsp;&nbsp;&nbsp;DisplaySurgehistoryInfo
</UL>

<P><STRONG><a name="[189]"></a>__aeabi_cfcmpeq</STRONG> (Thumb, 0 bytes, Stack size 0 bytes, cfcmple.o(.text), UNUSED)

<P><STRONG><a name="[c8]"></a>__aeabi_cfcmple</STRONG> (Thumb, 20 bytes, Stack size 0 bytes, cfcmple.o(.text))
<BR><BR>[Called By]<UL><LI><a href="#[e6]">&gt;&gt;</a>&nbsp;&nbsp;&nbsp;GetMOVFail_PCT
<LI><a href="#[b8]">&gt;&gt;</a>&nbsp;&nbsp;&nbsp;DisplayTempInfo
</UL>

<P><STRONG><a name="[c7]"></a>__aeabi_cfrcmple</STRONG> (Thumb, 20 bytes, Stack size 0 bytes, cfrcmple.o(.text))
<BR><BR>[Called By]<UL><LI><a href="#[e6]">&gt;&gt;</a>&nbsp;&nbsp;&nbsp;GetMOVFail_PCT
<LI><a href="#[b8]">&gt;&gt;</a>&nbsp;&nbsp;&nbsp;DisplayTempInfo
</UL>

<P><STRONG><a name="[18a]"></a>__aeabi_uidiv</STRONG> (Thumb, 0 bytes, Stack size 12 bytes, uidiv.o(.text), UNUSED)

<P><STRONG><a name="[162]"></a>__aeabi_uidivmod</STRONG> (Thumb, 44 bytes, Stack size 12 bytes, uidiv.o(.text), UNUSED)
<BR><BR>[Called By]<UL><LI><a href="#[15a]">&gt;&gt;</a>&nbsp;&nbsp;&nbsp;_printf_core
</UL>

<P><STRONG><a name="[6c]"></a>__aeabi_llsl</STRONG> (Thumb, 30 bytes, Stack size 0 bytes, llshl.o(.text))
<BR><BR>[Called By]<UL><LI><a href="#[6a]">&gt;&gt;</a>&nbsp;&nbsp;&nbsp;__aeabi_uldivmod
<LI><a href="#[7d]">&gt;&gt;</a>&nbsp;&nbsp;&nbsp;_double_epilogue
<LI><a href="#[7b]">&gt;&gt;</a>&nbsp;&nbsp;&nbsp;__aeabi_dadd
<LI><a href="#[83]">&gt;&gt;</a>&nbsp;&nbsp;&nbsp;__aeabi_d2ulz
</UL>

<P><STRONG><a name="[18b]"></a>_ll_shift_l</STRONG> (Thumb, 0 bytes, Stack size 0 bytes, llshl.o(.text), UNUSED)

<P><STRONG><a name="[6b]"></a>__aeabi_llsr</STRONG> (Thumb, 32 bytes, Stack size 0 bytes, llushr.o(.text))
<BR><BR>[Called By]<UL><LI><a href="#[6a]">&gt;&gt;</a>&nbsp;&nbsp;&nbsp;__aeabi_uldivmod
<LI><a href="#[7d]">&gt;&gt;</a>&nbsp;&nbsp;&nbsp;_double_epilogue
<LI><a href="#[83]">&gt;&gt;</a>&nbsp;&nbsp;&nbsp;__aeabi_d2ulz
</UL>

<P><STRONG><a name="[18c]"></a>_ll_ushift_r</STRONG> (Thumb, 0 bytes, Stack size 0 bytes, llushr.o(.text), UNUSED)

<P><STRONG><a name="[79]"></a>localtime</STRONG> (Thumb, 6 bytes, Stack size 0 bytes, localtime_w.o(.text))
<BR><BR>[Stack]<UL><LI>Max Depth = 8<LI>Call Chain = localtime &rArr; _localtime
</UL>
<BR>[Calls]<UL><LI><a href="#[7a]">&gt;&gt;</a>&nbsp;&nbsp;&nbsp;_localtime
</UL>
<BR>[Called By]<UL><LI><a href="#[c9]">&gt;&gt;</a>&nbsp;&nbsp;&nbsp;GetRtcTime
</UL>

<P><STRONG><a name="[7a]"></a>_localtime</STRONG> (Thumb, 134 bytes, Stack size 8 bytes, localtime_i.o(.text))
<BR><BR>[Stack]<UL><LI>Max Depth = 8<LI>Call Chain = _localtime
</UL>
<BR>[Called By]<UL><LI><a href="#[79]">&gt;&gt;</a>&nbsp;&nbsp;&nbsp;localtime
</UL>

<P><STRONG><a name="[18d]"></a>__I$use$fp</STRONG> (Thumb, 0 bytes, Stack size 0 bytes, iusefp.o(.text), UNUSED)

<P><STRONG><a name="[73]"></a>_float_round</STRONG> (Thumb, 18 bytes, Stack size 0 bytes, fepilogue.o(.text))
<BR><BR>[Called By]<UL><LI><a href="#[76]">&gt;&gt;</a>&nbsp;&nbsp;&nbsp;__aeabi_fdiv
<LI><a href="#[71]">&gt;&gt;</a>&nbsp;&nbsp;&nbsp;__aeabi_fadd
</UL>

<P><STRONG><a name="[72]"></a>_float_epilogue</STRONG> (Thumb, 92 bytes, Stack size 4 bytes, fepilogue.o(.text))
<BR><BR>[Stack]<UL><LI>Max Depth = 4<LI>Call Chain = _float_epilogue
</UL>
<BR>[Called By]<UL><LI><a href="#[78]">&gt;&gt;</a>&nbsp;&nbsp;&nbsp;__aeabi_ui2f
<LI><a href="#[77]">&gt;&gt;</a>&nbsp;&nbsp;&nbsp;__aeabi_i2f
<LI><a href="#[71]">&gt;&gt;</a>&nbsp;&nbsp;&nbsp;__aeabi_fadd
</UL>

<P><STRONG><a name="[7b]"></a>__aeabi_dadd</STRONG> (Thumb, 322 bytes, Stack size 48 bytes, dadd.o(.text), UNUSED)
<BR><BR>[Calls]<UL><LI><a href="#[7c]">&gt;&gt;</a>&nbsp;&nbsp;&nbsp;__aeabi_lasr
<LI><a href="#[7e]">&gt;&gt;</a>&nbsp;&nbsp;&nbsp;_double_round
<LI><a href="#[7d]">&gt;&gt;</a>&nbsp;&nbsp;&nbsp;_double_epilogue
<LI><a href="#[6c]">&gt;&gt;</a>&nbsp;&nbsp;&nbsp;__aeabi_llsl
</UL>
<BR>[Called By]<UL><LI><a href="#[80]">&gt;&gt;</a>&nbsp;&nbsp;&nbsp;__aeabi_drsub
<LI><a href="#[7f]">&gt;&gt;</a>&nbsp;&nbsp;&nbsp;__aeabi_dsub
<LI><a href="#[15e]">&gt;&gt;</a>&nbsp;&nbsp;&nbsp;_fp_digits
</UL>

<P><STRONG><a name="[7f]"></a>__aeabi_dsub</STRONG> (Thumb, 6 bytes, Stack size 0 bytes, dadd.o(.text), UNUSED)
<BR><BR>[Calls]<UL><LI><a href="#[7b]">&gt;&gt;</a>&nbsp;&nbsp;&nbsp;__aeabi_dadd
</UL>

<P><STRONG><a name="[80]"></a>__aeabi_drsub</STRONG> (Thumb, 6 bytes, Stack size 0 bytes, dadd.o(.text), UNUSED)
<BR><BR>[Calls]<UL><LI><a href="#[7b]">&gt;&gt;</a>&nbsp;&nbsp;&nbsp;__aeabi_dadd
</UL>

<P><STRONG><a name="[81]"></a>__aeabi_dmul</STRONG> (Thumb, 228 bytes, Stack size 48 bytes, dmul.o(.text), UNUSED)
<BR><BR>[Calls]<UL><LI><a href="#[7d]">&gt;&gt;</a>&nbsp;&nbsp;&nbsp;_double_epilogue
</UL>
<BR>[Called By]<UL><LI><a href="#[15e]">&gt;&gt;</a>&nbsp;&nbsp;&nbsp;_fp_digits
</UL>

<P><STRONG><a name="[82]"></a>__aeabi_ddiv</STRONG> (Thumb, 222 bytes, Stack size 32 bytes, ddiv.o(.text), UNUSED)
<BR><BR>[Calls]<UL><LI><a href="#[7e]">&gt;&gt;</a>&nbsp;&nbsp;&nbsp;_double_round
</UL>
<BR>[Called By]<UL><LI><a href="#[15e]">&gt;&gt;</a>&nbsp;&nbsp;&nbsp;_fp_digits
</UL>

<P><STRONG><a name="[83]"></a>__aeabi_d2ulz</STRONG> (Thumb, 48 bytes, Stack size 0 bytes, dfixul.o(.text), UNUSED)
<BR><BR>[Calls]<UL><LI><a href="#[6b]">&gt;&gt;</a>&nbsp;&nbsp;&nbsp;__aeabi_llsr
<LI><a href="#[6c]">&gt;&gt;</a>&nbsp;&nbsp;&nbsp;__aeabi_llsl
</UL>
<BR>[Called By]<UL><LI><a href="#[15e]">&gt;&gt;</a>&nbsp;&nbsp;&nbsp;_fp_digits
</UL>

<P><STRONG><a name="[15f]"></a>__aeabi_cdrcmple</STRONG> (Thumb, 48 bytes, Stack size 0 bytes, cdrcmple.o(.text), UNUSED)
<BR><BR>[Called By]<UL><LI><a href="#[15e]">&gt;&gt;</a>&nbsp;&nbsp;&nbsp;_fp_digits
</UL>

<P><STRONG><a name="[69]"></a>__scatterload</STRONG> (Thumb, 28 bytes, Stack size 0 bytes, init.o(.text))
<BR><BR>[Calls]<UL><LI><a href="#[84]">&gt;&gt;</a>&nbsp;&nbsp;&nbsp;__main_after_scatterload
</UL>
<BR>[Called By]<UL><LI><a href="#[68]">&gt;&gt;</a>&nbsp;&nbsp;&nbsp;_main_scatterload
</UL>

<P><STRONG><a name="[18e]"></a>__scatterload_rt2</STRONG> (Thumb, 0 bytes, Stack size 0 bytes, init.o(.text), UNUSED)

<P><STRONG><a name="[7c]"></a>__aeabi_lasr</STRONG> (Thumb, 36 bytes, Stack size 0 bytes, llsshr.o(.text), UNUSED)
<BR><BR>[Called By]<UL><LI><a href="#[7b]">&gt;&gt;</a>&nbsp;&nbsp;&nbsp;__aeabi_dadd
</UL>

<P><STRONG><a name="[18f]"></a>_ll_sshift_r</STRONG> (Thumb, 0 bytes, Stack size 0 bytes, llsshr.o(.text), UNUSED)

<P><STRONG><a name="[7e]"></a>_double_round</STRONG> (Thumb, 30 bytes, Stack size 8 bytes, depilogue.o(.text), UNUSED)
<BR><BR>[Called By]<UL><LI><a href="#[7d]">&gt;&gt;</a>&nbsp;&nbsp;&nbsp;_double_epilogue
<LI><a href="#[82]">&gt;&gt;</a>&nbsp;&nbsp;&nbsp;__aeabi_ddiv
<LI><a href="#[7b]">&gt;&gt;</a>&nbsp;&nbsp;&nbsp;__aeabi_dadd
</UL>

<P><STRONG><a name="[7d]"></a>_double_epilogue</STRONG> (Thumb, 156 bytes, Stack size 32 bytes, depilogue.o(.text), UNUSED)
<BR><BR>[Calls]<UL><LI><a href="#[7e]">&gt;&gt;</a>&nbsp;&nbsp;&nbsp;_double_round
<LI><a href="#[6b]">&gt;&gt;</a>&nbsp;&nbsp;&nbsp;__aeabi_llsr
<LI><a href="#[6c]">&gt;&gt;</a>&nbsp;&nbsp;&nbsp;__aeabi_llsl
</UL>
<BR>[Called By]<UL><LI><a href="#[81]">&gt;&gt;</a>&nbsp;&nbsp;&nbsp;__aeabi_dmul
<LI><a href="#[7b]">&gt;&gt;</a>&nbsp;&nbsp;&nbsp;__aeabi_dadd
</UL>

<P><STRONG><a name="[190]"></a>__decompress</STRONG> (Thumb, 0 bytes, Stack size unknown bytes, __dczerorl2.o(.text), UNUSED)

<P><STRONG><a name="[191]"></a>__decompress1</STRONG> (Thumb, 86 bytes, Stack size unknown bytes, __dczerorl2.o(.text), UNUSED)

<P><STRONG><a name="[8c]"></a>ADC_Cmd</STRONG> (Thumb, 22 bytes, Stack size 0 bytes, stm32f10x_adc.o(i.ADC_Cmd))
<BR><BR>[Called By]<UL><LI><a href="#[87]">&gt;&gt;</a>&nbsp;&nbsp;&nbsp;AdcInit
</UL>

<P><STRONG><a name="[85]"></a>ADC_DeInit</STRONG> (Thumb, 78 bytes, Stack size 8 bytes, stm32f10x_adc.o(i.ADC_DeInit))
<BR><BR>[Stack]<UL><LI>Max Depth = 8<LI>Call Chain = ADC_DeInit
</UL>
<BR>[Calls]<UL><LI><a href="#[86]">&gt;&gt;</a>&nbsp;&nbsp;&nbsp;RCC_APB2PeriphResetCmd
</UL>
<BR>[Called By]<UL><LI><a href="#[87]">&gt;&gt;</a>&nbsp;&nbsp;&nbsp;AdcInit
</UL>

<P><STRONG><a name="[90]"></a>ADC_GetCalibrationStatus</STRONG> (Thumb, 20 bytes, Stack size 0 bytes, stm32f10x_adc.o(i.ADC_GetCalibrationStatus))
<BR><BR>[Called By]<UL><LI><a href="#[87]">&gt;&gt;</a>&nbsp;&nbsp;&nbsp;AdcInit
</UL>

<P><STRONG><a name="[e3]"></a>ADC_GetConversionValue</STRONG> (Thumb, 8 bytes, Stack size 0 bytes, stm32f10x_adc.o(i.ADC_GetConversionValue))
<BR><BR>[Called By]<UL><LI><a href="#[e1]">&gt;&gt;</a>&nbsp;&nbsp;&nbsp;GetAdcVal
</UL>

<P><STRONG><a name="[e2]"></a>ADC_GetFlagStatus</STRONG> (Thumb, 18 bytes, Stack size 0 bytes, stm32f10x_adc.o(i.ADC_GetFlagStatus))
<BR><BR>[Called By]<UL><LI><a href="#[e1]">&gt;&gt;</a>&nbsp;&nbsp;&nbsp;GetAdcVal
</UL>

<P><STRONG><a name="[8e]"></a>ADC_GetResetCalibrationStatus</STRONG> (Thumb, 20 bytes, Stack size 0 bytes, stm32f10x_adc.o(i.ADC_GetResetCalibrationStatus))
<BR><BR>[Called By]<UL><LI><a href="#[87]">&gt;&gt;</a>&nbsp;&nbsp;&nbsp;AdcInit
</UL>

<P><STRONG><a name="[8a]"></a>ADC_Init</STRONG> (Thumb, 70 bytes, Stack size 12 bytes, stm32f10x_adc.o(i.ADC_Init))
<BR><BR>[Stack]<UL><LI>Max Depth = 12<LI>Call Chain = ADC_Init
</UL>
<BR>[Called By]<UL><LI><a href="#[87]">&gt;&gt;</a>&nbsp;&nbsp;&nbsp;AdcInit
</UL>

<P><STRONG><a name="[8b]"></a>ADC_RegularChannelConfig</STRONG> (Thumb, 184 bytes, Stack size 20 bytes, stm32f10x_adc.o(i.ADC_RegularChannelConfig))
<BR><BR>[Stack]<UL><LI>Max Depth = 20<LI>Call Chain = ADC_RegularChannelConfig
</UL>
<BR>[Called By]<UL><LI><a href="#[87]">&gt;&gt;</a>&nbsp;&nbsp;&nbsp;AdcInit
</UL>

<P><STRONG><a name="[8d]"></a>ADC_ResetCalibration</STRONG> (Thumb, 10 bytes, Stack size 0 bytes, stm32f10x_adc.o(i.ADC_ResetCalibration))
<BR><BR>[Called By]<UL><LI><a href="#[87]">&gt;&gt;</a>&nbsp;&nbsp;&nbsp;AdcInit
</UL>

<P><STRONG><a name="[91]"></a>ADC_SoftwareStartConvCmd</STRONG> (Thumb, 22 bytes, Stack size 0 bytes, stm32f10x_adc.o(i.ADC_SoftwareStartConvCmd))
<BR><BR>[Called By]<UL><LI><a href="#[87]">&gt;&gt;</a>&nbsp;&nbsp;&nbsp;AdcInit
</UL>

<P><STRONG><a name="[8f]"></a>ADC_StartCalibration</STRONG> (Thumb, 10 bytes, Stack size 0 bytes, stm32f10x_adc.o(i.ADC_StartCalibration))
<BR><BR>[Called By]<UL><LI><a href="#[87]">&gt;&gt;</a>&nbsp;&nbsp;&nbsp;AdcInit
</UL>

<P><STRONG><a name="[98]"></a>BKP_DeInit</STRONG> (Thumb, 16 bytes, Stack size 8 bytes, stm32f10x_bkp.o(i.BKP_DeInit))
<BR><BR>[Stack]<UL><LI>Max Depth = 8<LI>Call Chain = BKP_DeInit
</UL>
<BR>[Calls]<UL><LI><a href="#[99]">&gt;&gt;</a>&nbsp;&nbsp;&nbsp;RCC_BackupResetCmd
</UL>
<BR>[Called By]<UL><LI><a href="#[cf]">&gt;&gt;</a>&nbsp;&nbsp;&nbsp;RtcDrvInit
</UL>

<P><STRONG><a name="[128]"></a>BKP_ReadBackupRegister</STRONG> (Thumb, 24 bytes, Stack size 8 bytes, stm32f10x_bkp.o(i.BKP_ReadBackupRegister))
<BR><BR>[Stack]<UL><LI>Max Depth = 8<LI>Call Chain = BKP_ReadBackupRegister
</UL>
<BR>[Called By]<UL><LI><a href="#[cf]">&gt;&gt;</a>&nbsp;&nbsp;&nbsp;RtcDrvInit
</UL>

<P><STRONG><a name="[12e]"></a>BKP_WriteBackupRegister</STRONG> (Thumb, 22 bytes, Stack size 8 bytes, stm32f10x_bkp.o(i.BKP_WriteBackupRegister))
<BR><BR>[Stack]<UL><LI>Max Depth = 8<LI>Call Chain = BKP_WriteBackupRegister
</UL>
<BR>[Called By]<UL><LI><a href="#[cf]">&gt;&gt;</a>&nbsp;&nbsp;&nbsp;RtcDrvInit
</UL>

<P><STRONG><a name="[15]"></a>BusFault_Handler</STRONG> (Thumb, 4 bytes, Stack size 0 bytes, stm32f10x_it.o(i.BusFault_Handler))
<BR>[Address Reference Count : 1]<UL><LI> startup_stm32f10x_hd.o(RESET)
</UL>
<P><STRONG><a name="[113]"></a>CustomFuncHandlerCbReg</STRONG> (Thumb, 6 bytes, Stack size 0 bytes, mb.o(i.CustomFuncHandlerCbReg))
<BR><BR>[Called By]<UL><LI><a href="#[97]">&gt;&gt;</a>&nbsp;&nbsp;&nbsp;ModbusAppInit
</UL>

<P><STRONG><a name="[10d]"></a>DMA_Cmd</STRONG> (Thumb, 24 bytes, Stack size 0 bytes, stm32f10x_dma.o(i.DMA_Cmd))
<BR><BR>[Called By]<UL><LI><a href="#[10c]">&gt;&gt;</a>&nbsp;&nbsp;&nbsp;MX_DMA_Enable
</UL>

<P><STRONG><a name="[13a]"></a>DMA_DeInit</STRONG> (Thumb, 324 bytes, Stack size 0 bytes, stm32f10x_dma.o(i.DMA_DeInit))
<BR><BR>[Called By]<UL><LI><a href="#[138]">&gt;&gt;</a>&nbsp;&nbsp;&nbsp;SurgeDmaInit
</UL>

<P><STRONG><a name="[154]"></a>DMA_GetCurrDataCounter</STRONG> (Thumb, 8 bytes, Stack size 0 bytes, stm32f10x_dma.o(i.DMA_GetCurrDataCounter))
<BR><BR>[Called By]<UL><LI><a href="#[41]">&gt;&gt;</a>&nbsp;&nbsp;&nbsp;USART2_IRQHandler
</UL>

<P><STRONG><a name="[13b]"></a>DMA_Init</STRONG> (Thumb, 60 bytes, Stack size 8 bytes, stm32f10x_dma.o(i.DMA_Init))
<BR><BR>[Stack]<UL><LI>Max Depth = 8<LI>Call Chain = DMA_Init
</UL>
<BR>[Called By]<UL><LI><a href="#[138]">&gt;&gt;</a>&nbsp;&nbsp;&nbsp;SurgeDmaInit
</UL>

<P><STRONG><a name="[10e]"></a>DMA_SetCurrDataCounter</STRONG> (Thumb, 4 bytes, Stack size 0 bytes, stm32f10x_dma.o(i.DMA_SetCurrDataCounter))
<BR><BR>[Called By]<UL><LI><a href="#[10c]">&gt;&gt;</a>&nbsp;&nbsp;&nbsp;MX_DMA_Enable
</UL>

<P><STRONG><a name="[18]"></a>DebugMon_Handler</STRONG> (Thumb, 2 bytes, Stack size 0 bytes, stm32f10x_it.o(i.DebugMon_Handler))
<BR>[Address Reference Count : 1]<UL><LI> startup_stm32f10x_hd.o(RESET)
</UL>
<P><STRONG><a name="[cb]"></a>DelayInit</STRONG> (Thumb, 30 bytes, Stack size 0 bytes, delay.o(i.DelayInit))
<BR><BR>[Called By]<UL><LI><a href="#[ca]">&gt;&gt;</a>&nbsp;&nbsp;&nbsp;DrvInit
</UL>

<P><STRONG><a name="[9f]"></a>DelayNms</STRONG> (Thumb, 24 bytes, Stack size 12 bytes, delay.o(i.DelayNms))
<BR><BR>[Stack]<UL><LI>Max Depth = 20<LI>Call Chain = DelayNms &rArr; DelayNus
</UL>
<BR>[Calls]<UL><LI><a href="#[a0]">&gt;&gt;</a>&nbsp;&nbsp;&nbsp;DelayNus
</UL>
<BR>[Called By]<UL><LI><a href="#[cf]">&gt;&gt;</a>&nbsp;&nbsp;&nbsp;RtcDrvInit
<LI><a href="#[d2]">&gt;&gt;</a>&nbsp;&nbsp;&nbsp;Lcd12864DrvInit
<LI><a href="#[ca]">&gt;&gt;</a>&nbsp;&nbsp;&nbsp;DrvInit
</UL>

<P><STRONG><a name="[a0]"></a>DelayNus</STRONG> (Thumb, 54 bytes, Stack size 8 bytes, delay.o(i.DelayNus))
<BR><BR>[Stack]<UL><LI>Max Depth = 8<LI>Call Chain = DelayNus
</UL>
<BR>[Called By]<UL><LI><a href="#[9f]">&gt;&gt;</a>&nbsp;&nbsp;&nbsp;DelayNms
<LI><a href="#[f8]">&gt;&gt;</a>&nbsp;&nbsp;&nbsp;I2CSendNack
<LI><a href="#[f6]">&gt;&gt;</a>&nbsp;&nbsp;&nbsp;I2CSendAck
<LI><a href="#[fb]">&gt;&gt;</a>&nbsp;&nbsp;&nbsp;I2CWaitAck
<LI><a href="#[fa]">&gt;&gt;</a>&nbsp;&nbsp;&nbsp;I2CStop
<LI><a href="#[f9]">&gt;&gt;</a>&nbsp;&nbsp;&nbsp;I2CStart
<LI><a href="#[f7]">&gt;&gt;</a>&nbsp;&nbsp;&nbsp;I2CSendByte
<LI><a href="#[f4]">&gt;&gt;</a>&nbsp;&nbsp;&nbsp;I2CReadByte
<LI><a href="#[109]">&gt;&gt;</a>&nbsp;&nbsp;&nbsp;LCD_WR_REG
</UL>

<P><STRONG><a name="[b1]"></a>DisplayInvalidTimePage</STRONG> (Thumb, 16 bytes, Stack size 8 bytes, hmi_invalid_history.o(i.DisplayInvalidTimePage))
<BR><BR>[Stack]<UL><LI>Max Depth = 264<LI>Call Chain = DisplayInvalidTimePage &rArr; DisplayInvalidTimeInfo &rArr; LcdDrawChinese &rArr; display_GB2312_string &rArr; display_graphic_8x16 &rArr; lcd_address &rArr; LCD_WR_REG &rArr; DelayNus
</UL>
<BR>[Calls]<UL><LI><a href="#[b3]">&gt;&gt;</a>&nbsp;&nbsp;&nbsp;DisplayKeyBar
<LI><a href="#[ae]">&gt;&gt;</a>&nbsp;&nbsp;&nbsp;DisplayInvalidTimeInfo
<LI><a href="#[b2]">&gt;&gt;</a>&nbsp;&nbsp;&nbsp;DisplayMenuKey
</UL>
<BR>[Called By]<UL><LI><a href="#[0]">&gt;&gt;</a>&nbsp;&nbsp;&nbsp;HmiTask
</UL>

<P><STRONG><a name="[b6]"></a>DisplayMainpage</STRONG> (Thumb, 24 bytes, Stack size 8 bytes, hmi_mainpage.o(i.DisplayMainpage))
<BR><BR>[Stack]<UL><LI>Max Depth = 224<LI>Call Chain = DisplayMainpage &rArr; DisplayTime &rArr; LcdDrawString &rArr; display_GB2312_string &rArr; display_graphic_8x16 &rArr; lcd_address &rArr; LCD_WR_REG &rArr; DelayNus
</UL>
<BR>[Calls]<UL><LI><a href="#[b2]">&gt;&gt;</a>&nbsp;&nbsp;&nbsp;DisplayMenuKey
<LI><a href="#[b7]">&gt;&gt;</a>&nbsp;&nbsp;&nbsp;DisplayTime
<LI><a href="#[b8]">&gt;&gt;</a>&nbsp;&nbsp;&nbsp;DisplayTempInfo
<LI><a href="#[b9]">&gt;&gt;</a>&nbsp;&nbsp;&nbsp;DisplaySurgeNumInfo
<LI><a href="#[ab]">&gt;&gt;</a>&nbsp;&nbsp;&nbsp;DisplayInvalidInfo
</UL>
<BR>[Called By]<UL><LI><a href="#[0]">&gt;&gt;</a>&nbsp;&nbsp;&nbsp;HmiTask
</UL>

<P><STRONG><a name="[b2]"></a>DisplayMenuKey</STRONG> (Thumb, 14 bytes, Stack size 8 bytes, hmi_common.o(i.DisplayMenuKey))
<BR><BR>[Stack]<UL><LI>Max Depth = 184<LI>Call Chain = DisplayMenuKey &rArr; LcdDrawString &rArr; display_GB2312_string &rArr; display_graphic_8x16 &rArr; lcd_address &rArr; LCD_WR_REG &rArr; DelayNus
</UL>
<BR>[Calls]<UL><LI><a href="#[a9]">&gt;&gt;</a>&nbsp;&nbsp;&nbsp;LcdDrawString
</UL>
<BR>[Called By]<UL><LI><a href="#[be]">&gt;&gt;</a>&nbsp;&nbsp;&nbsp;DisplaySurgeHistoryPage
<LI><a href="#[bb]">&gt;&gt;</a>&nbsp;&nbsp;&nbsp;DisplayRS485StatePage
<LI><a href="#[b6]">&gt;&gt;</a>&nbsp;&nbsp;&nbsp;DisplayMainpage
<LI><a href="#[b1]">&gt;&gt;</a>&nbsp;&nbsp;&nbsp;DisplayInvalidTimePage
</UL>

<P><STRONG><a name="[ba]"></a>DisplayRS485ConfigPage</STRONG> (Thumb, 12 bytes, Stack size 8 bytes, hmi_serialwork.o(i.DisplayRS485ConfigPage))
<BR><BR>[Stack]<UL><LI>Max Depth = 208<LI>Call Chain = DisplayRS485ConfigPage &rArr; DisplayAddrConfig &rArr; LcdDrawChinese &rArr; display_GB2312_string &rArr; display_graphic_8x16 &rArr; lcd_address &rArr; LCD_WR_REG &rArr; DelayNus
</UL>
<BR>[Calls]<UL><LI><a href="#[b5]">&gt;&gt;</a>&nbsp;&nbsp;&nbsp;DisplayKeyBar
<LI><a href="#[a5]">&gt;&gt;</a>&nbsp;&nbsp;&nbsp;DisplayAddrConfig
</UL>
<BR>[Called By]<UL><LI><a href="#[0]">&gt;&gt;</a>&nbsp;&nbsp;&nbsp;HmiTask
</UL>

<P><STRONG><a name="[bb]"></a>DisplayRS485StatePage</STRONG> (Thumb, 106 bytes, Stack size 24 bytes, hmi_serialwork.o(i.DisplayRS485StatePage))
<BR><BR>[Stack]<UL><LI>Max Depth = 208<LI>Call Chain = DisplayRS485StatePage &rArr; DisplayMenuKey &rArr; LcdDrawString &rArr; display_GB2312_string &rArr; display_graphic_8x16 &rArr; lcd_address &rArr; LCD_WR_REG &rArr; DelayNus
</UL>
<BR>[Calls]<UL><LI><a href="#[bd]">&gt;&gt;</a>&nbsp;&nbsp;&nbsp;GetModbusBaudData
<LI><a href="#[bc]">&gt;&gt;</a>&nbsp;&nbsp;&nbsp;GetModbusAddrData
<LI><a href="#[a7]">&gt;&gt;</a>&nbsp;&nbsp;&nbsp;LcdDrawChinese
<LI><a href="#[a9]">&gt;&gt;</a>&nbsp;&nbsp;&nbsp;LcdDrawString
<LI><a href="#[b2]">&gt;&gt;</a>&nbsp;&nbsp;&nbsp;DisplayMenuKey
<LI><a href="#[a8]">&gt;&gt;</a>&nbsp;&nbsp;&nbsp;__2sprintf
</UL>
<BR>[Called By]<UL><LI><a href="#[0]">&gt;&gt;</a>&nbsp;&nbsp;&nbsp;HmiTask
</UL>

<P><STRONG><a name="[be]"></a>DisplaySurgeHistoryPage</STRONG> (Thumb, 16 bytes, Stack size 8 bytes, hmi_surge_history.o(i.DisplaySurgeHistoryPage))
<BR><BR>[Stack]<UL><LI>Max Depth = 296<LI>Call Chain = DisplaySurgeHistoryPage &rArr; DisplaySurgehistoryInfo &rArr; LcdDrawChinese &rArr; display_GB2312_string &rArr; display_graphic_8x16 &rArr; lcd_address &rArr; LCD_WR_REG &rArr; DelayNus
</UL>
<BR>[Calls]<UL><LI><a href="#[bf]">&gt;&gt;</a>&nbsp;&nbsp;&nbsp;DisplaySurgehistoryInfo
<LI><a href="#[b4]">&gt;&gt;</a>&nbsp;&nbsp;&nbsp;DisplayKeyBar
<LI><a href="#[b2]">&gt;&gt;</a>&nbsp;&nbsp;&nbsp;DisplayMenuKey
</UL>
<BR>[Called By]<UL><LI><a href="#[0]">&gt;&gt;</a>&nbsp;&nbsp;&nbsp;HmiTask
</UL>

<P><STRONG><a name="[d0]"></a>EepromDrvInit</STRONG> (Thumb, 8 bytes, Stack size 8 bytes, eeprom_drv.o(i.EepromDrvInit))
<BR><BR>[Stack]<UL><LI>Max Depth = 40<LI>Call Chain = EepromDrvInit &rArr; Eeprom_GPIO_Config &rArr; GPIO_Init
</UL>
<BR>[Calls]<UL><LI><a href="#[d5]">&gt;&gt;</a>&nbsp;&nbsp;&nbsp;Eeprom_GPIO_Config
</UL>
<BR>[Called By]<UL><LI><a href="#[ca]">&gt;&gt;</a>&nbsp;&nbsp;&nbsp;DrvInit
</UL>

<P><STRONG><a name="[d8]"></a>EraseNorflashForWrite</STRONG> (Thumb, 92 bytes, Stack size 24 bytes, norflash_drv.o(i.EraseNorflashForWrite))
<BR><BR>[Stack]<UL><LI>Max Depth = 56<LI>Call Chain = EraseNorflashForWrite &rArr; EraseNorflashSector &rArr; WaitNorflashWriteEnd &rArr; SPIReadWriteByte
</UL>
<BR>[Calls]<UL><LI><a href="#[d9]">&gt;&gt;</a>&nbsp;&nbsp;&nbsp;EraseNorflashSector
</UL>
<BR>[Called By]<UL><LI><a href="#[100]">&gt;&gt;</a>&nbsp;&nbsp;&nbsp;SwitchinputProc
<LI><a href="#[db]">&gt;&gt;</a>&nbsp;&nbsp;&nbsp;EraseSurgeHistoryInfo
<LI><a href="#[126]">&gt;&gt;</a>&nbsp;&nbsp;&nbsp;RecordSurgeParam
</UL>

<P><STRONG><a name="[db]"></a>EraseSurgeHistoryInfo</STRONG> (Thumb, 54 bytes, Stack size 8 bytes, surge_history.o(i.EraseSurgeHistoryInfo))
<BR><BR>[Stack]<UL><LI>Max Depth = 120<LI>Call Chain = EraseSurgeHistoryInfo &rArr; StoreSurgeNum &rArr; WriteSysParam &rArr; WriteDataWithCheck &rArr; WriteEepromData &rArr; I2CWaitAck &rArr; I2CStop &rArr; DelayNus
</UL>
<BR>[Calls]<UL><LI><a href="#[dc]">&gt;&gt;</a>&nbsp;&nbsp;&nbsp;ToggleLed
<LI><a href="#[d8]">&gt;&gt;</a>&nbsp;&nbsp;&nbsp;EraseNorflashForWrite
<LI><a href="#[dd]">&gt;&gt;</a>&nbsp;&nbsp;&nbsp;StoreSurgeNum
<LI><a href="#[de]">&gt;&gt;</a>&nbsp;&nbsp;&nbsp;PresetNum_Surge
</UL>
<BR>[Called By]<UL><LI><a href="#[f0]">&gt;&gt;</a>&nbsp;&nbsp;&nbsp;ProcKeyEvent
</UL>

<P><STRONG><a name="[df]"></a>FeedDog</STRONG> (Thumb, 8 bytes, Stack size 8 bytes, iwdg_drv.o(i.FeedDog))
<BR><BR>[Stack]<UL><LI>Max Depth = 8<LI>Call Chain = FeedDog
</UL>
<BR>[Calls]<UL><LI><a href="#[e0]">&gt;&gt;</a>&nbsp;&nbsp;&nbsp;IWDG_ReloadCounter
</UL>
<BR>[Called By]<UL><LI><a href="#[2]">&gt;&gt;</a>&nbsp;&nbsp;&nbsp;Sensor_Task
</UL>

<P><STRONG><a name="[d6]"></a>GPIO_Init</STRONG> (Thumb, 278 bytes, Stack size 24 bytes, stm32f10x_gpio.o(i.GPIO_Init))
<BR><BR>[Stack]<UL><LI>Max Depth = 24<LI>Call Chain = GPIO_Init
</UL>
<BR>[Called By]<UL><LI><a href="#[ce]">&gt;&gt;</a>&nbsp;&nbsp;&nbsp;Switchinput_DrvInit
<LI><a href="#[cc]">&gt;&gt;</a>&nbsp;&nbsp;&nbsp;LedDrvInit
<LI><a href="#[cd]">&gt;&gt;</a>&nbsp;&nbsp;&nbsp;KeyDrvInit
<LI><a href="#[d5]">&gt;&gt;</a>&nbsp;&nbsp;&nbsp;Eeprom_GPIO_Config
<LI><a href="#[146]">&gt;&gt;</a>&nbsp;&nbsp;&nbsp;SwitchInit
<LI><a href="#[ed]">&gt;&gt;</a>&nbsp;&nbsp;&nbsp;GpioInit
<LI><a href="#[13d]">&gt;&gt;</a>&nbsp;&nbsp;&nbsp;SurgeGpioInit
<LI><a href="#[ec]">&gt;&gt;</a>&nbsp;&nbsp;&nbsp;GpioInit
<LI><a href="#[107]">&gt;&gt;</a>&nbsp;&nbsp;&nbsp;LCD12864_GPIO_Config
<LI><a href="#[ee]">&gt;&gt;</a>&nbsp;&nbsp;&nbsp;Gpio_Iint
</UL>

<P><STRONG><a name="[106]"></a>GPIO_PinRemapConfig</STRONG> (Thumb, 138 bytes, Stack size 20 bytes, stm32f10x_gpio.o(i.GPIO_PinRemapConfig))
<BR><BR>[Stack]<UL><LI>Max Depth = 20<LI>Call Chain = GPIO_PinRemapConfig
</UL>
<BR>[Called By]<UL><LI><a href="#[cd]">&gt;&gt;</a>&nbsp;&nbsp;&nbsp;KeyDrvInit
</UL>

<P><STRONG><a name="[eb]"></a>GPIO_ReadInputDataBit</STRONG> (Thumb, 18 bytes, Stack size 0 bytes, stm32f10x_gpio.o(i.GPIO_ReadInputDataBit))
<BR><BR>[Called By]<UL><LI><a href="#[e7]">&gt;&gt;</a>&nbsp;&nbsp;&nbsp;GetSwitchinputStatus
<LI><a href="#[dc]">&gt;&gt;</a>&nbsp;&nbsp;&nbsp;ToggleLed
<LI><a href="#[e5]">&gt;&gt;</a>&nbsp;&nbsp;&nbsp;KeyScan
<LI><a href="#[fb]">&gt;&gt;</a>&nbsp;&nbsp;&nbsp;I2CWaitAck
<LI><a href="#[f4]">&gt;&gt;</a>&nbsp;&nbsp;&nbsp;I2CReadByte
<LI><a href="#[175]">&gt;&gt;</a>&nbsp;&nbsp;&nbsp;get_data_from_ROM
<LI><a href="#[a3]">&gt;&gt;</a>&nbsp;&nbsp;&nbsp;SPIReadWriteByte
</UL>

<P><STRONG><a name="[f5]"></a>GPIO_ResetBits</STRONG> (Thumb, 4 bytes, Stack size 0 bytes, stm32f10x_gpio.o(i.GPIO_ResetBits))
<BR><BR>[Called By]<UL><LI><a href="#[f3]">&gt;&gt;</a>&nbsp;&nbsp;&nbsp;TurnOffScreen
<LI><a href="#[115]">&gt;&gt;</a>&nbsp;&nbsp;&nbsp;TurnOnLed
<LI><a href="#[d2]">&gt;&gt;</a>&nbsp;&nbsp;&nbsp;Lcd12864DrvInit
<LI><a href="#[f8]">&gt;&gt;</a>&nbsp;&nbsp;&nbsp;I2CSendNack
<LI><a href="#[f6]">&gt;&gt;</a>&nbsp;&nbsp;&nbsp;I2CSendAck
<LI><a href="#[fb]">&gt;&gt;</a>&nbsp;&nbsp;&nbsp;I2CWaitAck
<LI><a href="#[fa]">&gt;&gt;</a>&nbsp;&nbsp;&nbsp;I2CStop
<LI><a href="#[f9]">&gt;&gt;</a>&nbsp;&nbsp;&nbsp;I2CStart
<LI><a href="#[f7]">&gt;&gt;</a>&nbsp;&nbsp;&nbsp;I2CSendByte
<LI><a href="#[f4]">&gt;&gt;</a>&nbsp;&nbsp;&nbsp;I2CReadByte
<LI><a href="#[170]">&gt;&gt;</a>&nbsp;&nbsp;&nbsp;vMBPortSerialEnable
<LI><a href="#[176]">&gt;&gt;</a>&nbsp;&nbsp;&nbsp;send_command_to_ROM
<LI><a href="#[163]">&gt;&gt;</a>&nbsp;&nbsp;&nbsp;get_n_bytes_data_from_ROM
<LI><a href="#[175]">&gt;&gt;</a>&nbsp;&nbsp;&nbsp;get_data_from_ROM
<LI><a href="#[165]">&gt;&gt;</a>&nbsp;&nbsp;&nbsp;display_graphic_8x16
<LI><a href="#[164]">&gt;&gt;</a>&nbsp;&nbsp;&nbsp;display_graphic_16x16
<LI><a href="#[109]">&gt;&gt;</a>&nbsp;&nbsp;&nbsp;LCD_WR_REG
<LI><a href="#[108]">&gt;&gt;</a>&nbsp;&nbsp;&nbsp;LCD_WR_DATA
<LI><a href="#[a2]">&gt;&gt;</a>&nbsp;&nbsp;&nbsp;SPIStart
<LI><a href="#[a3]">&gt;&gt;</a>&nbsp;&nbsp;&nbsp;SPIReadWriteByte
<LI><a href="#[121]">&gt;&gt;</a>&nbsp;&nbsp;&nbsp;SPIInit
</UL>

<P><STRONG><a name="[ef]"></a>GPIO_SetBits</STRONG> (Thumb, 4 bytes, Stack size 0 bytes, stm32f10x_gpio.o(i.GPIO_SetBits))
<BR><BR>[Called By]<UL><LI><a href="#[f1]">&gt;&gt;</a>&nbsp;&nbsp;&nbsp;clear_screen
<LI><a href="#[f2]">&gt;&gt;</a>&nbsp;&nbsp;&nbsp;TurnOnScreen
<LI><a href="#[114]">&gt;&gt;</a>&nbsp;&nbsp;&nbsp;TurnOffLed
<LI><a href="#[cc]">&gt;&gt;</a>&nbsp;&nbsp;&nbsp;LedDrvInit
<LI><a href="#[d2]">&gt;&gt;</a>&nbsp;&nbsp;&nbsp;Lcd12864DrvInit
<LI><a href="#[f8]">&gt;&gt;</a>&nbsp;&nbsp;&nbsp;I2CSendNack
<LI><a href="#[f6]">&gt;&gt;</a>&nbsp;&nbsp;&nbsp;I2CSendAck
<LI><a href="#[fb]">&gt;&gt;</a>&nbsp;&nbsp;&nbsp;I2CWaitAck
<LI><a href="#[fa]">&gt;&gt;</a>&nbsp;&nbsp;&nbsp;I2CStop
<LI><a href="#[f9]">&gt;&gt;</a>&nbsp;&nbsp;&nbsp;I2CStart
<LI><a href="#[f7]">&gt;&gt;</a>&nbsp;&nbsp;&nbsp;I2CSendByte
<LI><a href="#[f4]">&gt;&gt;</a>&nbsp;&nbsp;&nbsp;I2CReadByte
<LI><a href="#[170]">&gt;&gt;</a>&nbsp;&nbsp;&nbsp;vMBPortSerialEnable
<LI><a href="#[c2]">&gt;&gt;</a>&nbsp;&nbsp;&nbsp;clear_area
<LI><a href="#[176]">&gt;&gt;</a>&nbsp;&nbsp;&nbsp;send_command_to_ROM
<LI><a href="#[163]">&gt;&gt;</a>&nbsp;&nbsp;&nbsp;get_n_bytes_data_from_ROM
<LI><a href="#[175]">&gt;&gt;</a>&nbsp;&nbsp;&nbsp;get_data_from_ROM
<LI><a href="#[165]">&gt;&gt;</a>&nbsp;&nbsp;&nbsp;display_graphic_8x16
<LI><a href="#[164]">&gt;&gt;</a>&nbsp;&nbsp;&nbsp;display_graphic_16x16
<LI><a href="#[109]">&gt;&gt;</a>&nbsp;&nbsp;&nbsp;LCD_WR_REG
<LI><a href="#[108]">&gt;&gt;</a>&nbsp;&nbsp;&nbsp;LCD_WR_DATA
<LI><a href="#[107]">&gt;&gt;</a>&nbsp;&nbsp;&nbsp;LCD12864_GPIO_Config
<LI><a href="#[a4]">&gt;&gt;</a>&nbsp;&nbsp;&nbsp;SPIStop
<LI><a href="#[a3]">&gt;&gt;</a>&nbsp;&nbsp;&nbsp;SPIReadWriteByte
<LI><a href="#[121]">&gt;&gt;</a>&nbsp;&nbsp;&nbsp;SPIInit
<LI><a href="#[ee]">&gt;&gt;</a>&nbsp;&nbsp;&nbsp;Gpio_Iint
</UL>

<P><STRONG><a name="[14e]"></a>GPIO_WriteBit</STRONG> (Thumb, 10 bytes, Stack size 0 bytes, stm32f10x_gpio.o(i.GPIO_WriteBit))
<BR><BR>[Called By]<UL><LI><a href="#[dc]">&gt;&gt;</a>&nbsp;&nbsp;&nbsp;ToggleLed
</UL>

<P><STRONG><a name="[b0]"></a>GetInvalidTime</STRONG> (Thumb, 18 bytes, Stack size 16 bytes, invalid_app.o(i.GetInvalidTime))
<BR><BR>[Stack]<UL><LI>Max Depth = 56<LI>Call Chain = GetInvalidTime &rArr; ReadNorflashData &rArr; SPIReadWriteByte
</UL>
<BR>[Calls]<UL><LI><a href="#[9a]">&gt;&gt;</a>&nbsp;&nbsp;&nbsp;ReadNorflashData
</UL>
<BR>[Called By]<UL><LI><a href="#[ae]">&gt;&gt;</a>&nbsp;&nbsp;&nbsp;DisplayInvalidTimeInfo
</UL>

<P><STRONG><a name="[e4]"></a>GetKeyVal</STRONG> (Thumb, 34 bytes, Stack size 16 bytes, key_drv.o(i.GetKeyVal))
<BR><BR>[Stack]<UL><LI>Max Depth = 40<LI>Call Chain = GetKeyVal &rArr; KeyScan
</UL>
<BR>[Calls]<UL><LI><a href="#[e5]">&gt;&gt;</a>&nbsp;&nbsp;&nbsp;KeyScan
</UL>
<BR>[Called By]<UL><LI><a href="#[f0]">&gt;&gt;</a>&nbsp;&nbsp;&nbsp;ProcKeyEvent
</UL>

<P><STRONG><a name="[bc]"></a>GetModbusAddrData</STRONG> (Thumb, 6 bytes, Stack size 0 bytes, store_app.o(i.GetModbusAddrData))
<BR><BR>[Called By]<UL><LI><a href="#[bb]">&gt;&gt;</a>&nbsp;&nbsp;&nbsp;DisplayRS485StatePage
<LI><a href="#[97]">&gt;&gt;</a>&nbsp;&nbsp;&nbsp;ModbusAppInit
</UL>

<P><STRONG><a name="[bd]"></a>GetModbusBaudData</STRONG> (Thumb, 6 bytes, Stack size 0 bytes, store_app.o(i.GetModbusBaudData))
<BR><BR>[Called By]<UL><LI><a href="#[bb]">&gt;&gt;</a>&nbsp;&nbsp;&nbsp;DisplayRS485StatePage
<LI><a href="#[97]">&gt;&gt;</a>&nbsp;&nbsp;&nbsp;ModbusAppInit
</UL>

<P><STRONG><a name="[ac]"></a>GetMovLevel</STRONG> (Thumb, 6 bytes, Stack size 0 bytes, mov_invalid.o(i.GetMovLevel))
<BR><BR>[Called By]<UL><LI><a href="#[ab]">&gt;&gt;</a>&nbsp;&nbsp;&nbsp;DisplayInvalidInfo
</UL>

<P><STRONG><a name="[13e]"></a>GetRefreshflag</STRONG> (Thumb, 6 bytes, Stack size 0 bytes, surgemdl_drv.o(i.GetRefreshflag))
<BR><BR>[Called By]<UL><LI><a href="#[134]">&gt;&gt;</a>&nbsp;&nbsp;&nbsp;SurgeHistoryProc
</UL>

<P><STRONG><a name="[c9]"></a>GetRtcTime</STRONG> (Thumb, 54 bytes, Stack size 16 bytes, rtc_drv.o(i.GetRtcTime))
<BR><BR>[Stack]<UL><LI>Max Depth = 24<LI>Call Chain = GetRtcTime &rArr; localtime &rArr; _localtime
</UL>
<BR>[Calls]<UL><LI><a href="#[e9]">&gt;&gt;</a>&nbsp;&nbsp;&nbsp;RTC_GetCounter
<LI><a href="#[79]">&gt;&gt;</a>&nbsp;&nbsp;&nbsp;localtime
</UL>
<BR>[Called By]<UL><LI><a href="#[100]">&gt;&gt;</a>&nbsp;&nbsp;&nbsp;SwitchinputProc
<LI><a href="#[134]">&gt;&gt;</a>&nbsp;&nbsp;&nbsp;SurgeHistoryProc
<LI><a href="#[b7]">&gt;&gt;</a>&nbsp;&nbsp;&nbsp;DisplayTime
</UL>

<P><STRONG><a name="[c0]"></a>GetSensorData</STRONG> (Thumb, 42 bytes, Stack size 16 bytes, sensor_drv.o(i.GetSensorData))
<BR><BR>[Stack]<UL><LI>Max Depth = 16<LI>Call Chain = GetSensorData
</UL>
<BR>[Calls]<UL><LI><a href="#[c4]">&gt;&gt;</a>&nbsp;&nbsp;&nbsp;GetTempData
<LI><a href="#[ea]">&gt;&gt;</a>&nbsp;&nbsp;&nbsp;GetSurgemdlData
</UL>
<BR>[Called By]<UL><LI><a href="#[e6]">&gt;&gt;</a>&nbsp;&nbsp;&nbsp;GetMOVFail_PCT
<LI><a href="#[134]">&gt;&gt;</a>&nbsp;&nbsp;&nbsp;SurgeHistoryProc
<LI><a href="#[4]">&gt;&gt;</a>&nbsp;&nbsp;&nbsp;ModbusGetTemp
<LI><a href="#[7]">&gt;&gt;</a>&nbsp;&nbsp;&nbsp;ModbusGetPhaseVol
<LI><a href="#[5]">&gt;&gt;</a>&nbsp;&nbsp;&nbsp;ModbusGetLightNum
<LI><a href="#[6]">&gt;&gt;</a>&nbsp;&nbsp;&nbsp;ModbusGetHumi
<LI><a href="#[bf]">&gt;&gt;</a>&nbsp;&nbsp;&nbsp;DisplaySurgehistoryInfo
<LI><a href="#[b9]">&gt;&gt;</a>&nbsp;&nbsp;&nbsp;DisplaySurgeNumInfo
</UL>

<P><STRONG><a name="[c1]"></a>GetSurgeHistoryInfo</STRONG> (Thumb, 18 bytes, Stack size 16 bytes, surge_history.o(i.GetSurgeHistoryInfo))
<BR><BR>[Stack]<UL><LI>Max Depth = 56<LI>Call Chain = GetSurgeHistoryInfo &rArr; ReadNorflashData &rArr; SPIReadWriteByte
</UL>
<BR>[Calls]<UL><LI><a href="#[9a]">&gt;&gt;</a>&nbsp;&nbsp;&nbsp;ReadNorflashData
</UL>
<BR>[Called By]<UL><LI><a href="#[bf]">&gt;&gt;</a>&nbsp;&nbsp;&nbsp;DisplaySurgehistoryInfo
</UL>

<P><STRONG><a name="[ea]"></a>GetSurgemdlData</STRONG> (Thumb, 28 bytes, Stack size 0 bytes, surgemdl_drv.o(i.GetSurgemdlData))
<BR><BR>[Called By]<UL><LI><a href="#[c0]">&gt;&gt;</a>&nbsp;&nbsp;&nbsp;GetSensorData
</UL>

<P><STRONG><a name="[e7]"></a>GetSwitchinputStatus</STRONG> (Thumb, 60 bytes, Stack size 8 bytes, switch_drv.o(i.GetSwitchinputStatus))
<BR><BR>[Stack]<UL><LI>Max Depth = 8<LI>Call Chain = GetSwitchinputStatus
</UL>
<BR>[Calls]<UL><LI><a href="#[eb]">&gt;&gt;</a>&nbsp;&nbsp;&nbsp;GPIO_ReadInputDataBit
</UL>
<BR>[Called By]<UL><LI><a href="#[e6]">&gt;&gt;</a>&nbsp;&nbsp;&nbsp;GetMOVFail_PCT
<LI><a href="#[100]">&gt;&gt;</a>&nbsp;&nbsp;&nbsp;SwitchinputProc
<LI><a href="#[c]">&gt;&gt;</a>&nbsp;&nbsp;&nbsp;ModbusGetDispersed
</UL>

<P><STRONG><a name="[e8]"></a>GetSysRunTime</STRONG> (Thumb, 8 bytes, Stack size 0 bytes, systick_drv.o(i.GetSysRunTime))
<BR><BR>[Called By]<UL><LI><a href="#[e6]">&gt;&gt;</a>&nbsp;&nbsp;&nbsp;GetMOVFail_PCT
<LI><a href="#[e5]">&gt;&gt;</a>&nbsp;&nbsp;&nbsp;KeyScan
</UL>

<P><STRONG><a name="[c4]"></a>GetTempData</STRONG> (Thumb, 22 bytes, Stack size 0 bytes, ntc_drv.o(i.GetTempData))
<BR><BR>[Called By]<UL><LI><a href="#[c0]">&gt;&gt;</a>&nbsp;&nbsp;&nbsp;GetSensorData
<LI><a href="#[b8]">&gt;&gt;</a>&nbsp;&nbsp;&nbsp;DisplayTempInfo
</UL>

<P><STRONG><a name="[a6]"></a>GetleftrightIndex</STRONG> (Thumb, 4 bytes, Stack size 0 bytes, hmi_app2.o(i.GetleftrightIndex))
<BR><BR>[Called By]<UL><LI><a href="#[a5]">&gt;&gt;</a>&nbsp;&nbsp;&nbsp;DisplayAddrConfig
<LI><a href="#[ae]">&gt;&gt;</a>&nbsp;&nbsp;&nbsp;DisplayInvalidTimeInfo
<LI><a href="#[bf]">&gt;&gt;</a>&nbsp;&nbsp;&nbsp;DisplaySurgehistoryInfo
</UL>

<P><STRONG><a name="[13]"></a>HardFault_Handler</STRONG> (Thumb, 4 bytes, Stack size 0 bytes, stm32f10x_it.o(i.HardFault_Handler))
<BR>[Address Reference Count : 1]<UL><LI> startup_stm32f10x_hd.o(RESET)
</UL>
<P><STRONG><a name="[0]"></a>HmiTask</STRONG> (Thumb, 108 bytes, Stack size 8 bytes, hmi_app2.o(i.HmiTask))
<BR><BR>[Stack]<UL><LI>Max Depth = 304<LI>Call Chain = HmiTask &rArr; DisplaySurgeHistoryPage &rArr; DisplaySurgehistoryInfo &rArr; LcdDrawChinese &rArr; display_GB2312_string &rArr; display_graphic_8x16 &rArr; lcd_address &rArr; LCD_WR_REG &rArr; DelayNus
</UL>
<BR>[Calls]<UL><LI><a href="#[f1]">&gt;&gt;</a>&nbsp;&nbsp;&nbsp;clear_screen
<LI><a href="#[f2]">&gt;&gt;</a>&nbsp;&nbsp;&nbsp;TurnOnScreen
<LI><a href="#[f3]">&gt;&gt;</a>&nbsp;&nbsp;&nbsp;TurnOffScreen
<LI><a href="#[be]">&gt;&gt;</a>&nbsp;&nbsp;&nbsp;DisplaySurgeHistoryPage
<LI><a href="#[bb]">&gt;&gt;</a>&nbsp;&nbsp;&nbsp;DisplayRS485StatePage
<LI><a href="#[ba]">&gt;&gt;</a>&nbsp;&nbsp;&nbsp;DisplayRS485ConfigPage
<LI><a href="#[b6]">&gt;&gt;</a>&nbsp;&nbsp;&nbsp;DisplayMainpage
<LI><a href="#[b1]">&gt;&gt;</a>&nbsp;&nbsp;&nbsp;DisplayInvalidTimePage
<LI><a href="#[f0]">&gt;&gt;</a>&nbsp;&nbsp;&nbsp;ProcKeyEvent
</UL>
<BR>[Address Reference Count : 1]<UL><LI> main.o(.data)
</UL>
<P><STRONG><a name="[f6]"></a>I2CSendAck</STRONG> (Thumb, 62 bytes, Stack size 8 bytes, eeprom_drv.o(i.I2CSendAck))
<BR><BR>[Stack]<UL><LI>Max Depth = 16<LI>Call Chain = I2CSendAck &rArr; DelayNus
</UL>
<BR>[Calls]<UL><LI><a href="#[ef]">&gt;&gt;</a>&nbsp;&nbsp;&nbsp;GPIO_SetBits
<LI><a href="#[f5]">&gt;&gt;</a>&nbsp;&nbsp;&nbsp;GPIO_ResetBits
<LI><a href="#[a0]">&gt;&gt;</a>&nbsp;&nbsp;&nbsp;DelayNus
</UL>
<BR>[Called By]<UL><LI><a href="#[124]">&gt;&gt;</a>&nbsp;&nbsp;&nbsp;ReadEepromData
</UL>

<P><STRONG><a name="[f8]"></a>I2CSendNack</STRONG> (Thumb, 52 bytes, Stack size 8 bytes, eeprom_drv.o(i.I2CSendNack))
<BR><BR>[Stack]<UL><LI>Max Depth = 16<LI>Call Chain = I2CSendNack &rArr; DelayNus
</UL>
<BR>[Calls]<UL><LI><a href="#[ef]">&gt;&gt;</a>&nbsp;&nbsp;&nbsp;GPIO_SetBits
<LI><a href="#[f5]">&gt;&gt;</a>&nbsp;&nbsp;&nbsp;GPIO_ResetBits
<LI><a href="#[a0]">&gt;&gt;</a>&nbsp;&nbsp;&nbsp;DelayNus
</UL>
<BR>[Called By]<UL><LI><a href="#[124]">&gt;&gt;</a>&nbsp;&nbsp;&nbsp;ReadEepromData
</UL>

<P><STRONG><a name="[105]"></a>IWDG_Enable</STRONG> (Thumb, 10 bytes, Stack size 0 bytes, stm32f10x_iwdg.o(i.IWDG_Enable))
<BR><BR>[Called By]<UL><LI><a href="#[d3]">&gt;&gt;</a>&nbsp;&nbsp;&nbsp;IwdgDrvInit
</UL>

<P><STRONG><a name="[e0]"></a>IWDG_ReloadCounter</STRONG> (Thumb, 10 bytes, Stack size 0 bytes, stm32f10x_iwdg.o(i.IWDG_ReloadCounter))
<BR><BR>[Called By]<UL><LI><a href="#[df]">&gt;&gt;</a>&nbsp;&nbsp;&nbsp;FeedDog
</UL>

<P><STRONG><a name="[103]"></a>IWDG_SetPrescaler</STRONG> (Thumb, 6 bytes, Stack size 0 bytes, stm32f10x_iwdg.o(i.IWDG_SetPrescaler))
<BR><BR>[Called By]<UL><LI><a href="#[d3]">&gt;&gt;</a>&nbsp;&nbsp;&nbsp;IwdgDrvInit
</UL>

<P><STRONG><a name="[104]"></a>IWDG_SetReload</STRONG> (Thumb, 6 bytes, Stack size 0 bytes, stm32f10x_iwdg.o(i.IWDG_SetReload))
<BR><BR>[Called By]<UL><LI><a href="#[d3]">&gt;&gt;</a>&nbsp;&nbsp;&nbsp;IwdgDrvInit
</UL>

<P><STRONG><a name="[102]"></a>IWDG_WriteAccessCmd</STRONG> (Thumb, 6 bytes, Stack size 0 bytes, stm32f10x_iwdg.o(i.IWDG_WriteAccessCmd))
<BR><BR>[Called By]<UL><LI><a href="#[d3]">&gt;&gt;</a>&nbsp;&nbsp;&nbsp;IwdgDrvInit
</UL>

<P><STRONG><a name="[fc]"></a>InitIrqAfterBoot</STRONG> (Thumb, 18 bytes, Stack size 8 bytes, iap_drv.o(i.InitIrqAfterBoot))
<BR><BR>[Stack]<UL><LI>Max Depth = 8<LI>Call Chain = InitIrqAfterBoot
</UL>
<BR>[Calls]<UL><LI><a href="#[fd]">&gt;&gt;</a>&nbsp;&nbsp;&nbsp;NVIC_SetVectorTable
</UL>
<BR>[Called By]<UL><LI><a href="#[57]">&gt;&gt;</a>&nbsp;&nbsp;&nbsp;main
</UL>

<P><STRONG><a name="[96]"></a>InitSysParam</STRONG> (Thumb, 62 bytes, Stack size 16 bytes, store_app.o(i.InitSysParam))
<BR><BR>[Stack]<UL><LI>Max Depth = 104<LI>Call Chain = InitSysParam &rArr; WriteSysParam &rArr; WriteDataWithCheck &rArr; WriteEepromData &rArr; I2CWaitAck &rArr; I2CStop &rArr; DelayNus
</UL>
<BR>[Calls]<UL><LI><a href="#[de]">&gt;&gt;</a>&nbsp;&nbsp;&nbsp;PresetNum_Surge
<LI><a href="#[ff]">&gt;&gt;</a>&nbsp;&nbsp;&nbsp;WriteSysParam
<LI><a href="#[fe]">&gt;&gt;</a>&nbsp;&nbsp;&nbsp;ReadSysParam
</UL>
<BR>[Called By]<UL><LI><a href="#[94]">&gt;&gt;</a>&nbsp;&nbsp;&nbsp;AppInit
</UL>

<P><STRONG><a name="[3]"></a>Invalid_Task</STRONG> (Thumb, 12 bytes, Stack size 8 bytes, invalid_app.o(i.Invalid_Task))
<BR><BR>[Stack]<UL><LI>Max Depth = 96<LI>Call Chain = Invalid_Task &rArr; MovInvalidProc &rArr; GetMOVFail_PCT &rArr; __aeabi_uldivmod
</UL>
<BR>[Calls]<UL><LI><a href="#[101]">&gt;&gt;</a>&nbsp;&nbsp;&nbsp;MovInvalidProc
<LI><a href="#[100]">&gt;&gt;</a>&nbsp;&nbsp;&nbsp;SwitchinputProc
</UL>
<BR>[Address Reference Count : 1]<UL><LI> main.o(.data)
</UL>
<P><STRONG><a name="[d3]"></a>IwdgDrvInit</STRONG> (Thumb, 30 bytes, Stack size 8 bytes, iwdg_drv.o(i.IwdgDrvInit))
<BR><BR>[Stack]<UL><LI>Max Depth = 8<LI>Call Chain = IwdgDrvInit
</UL>
<BR>[Calls]<UL><LI><a href="#[102]">&gt;&gt;</a>&nbsp;&nbsp;&nbsp;IWDG_WriteAccessCmd
<LI><a href="#[104]">&gt;&gt;</a>&nbsp;&nbsp;&nbsp;IWDG_SetReload
<LI><a href="#[103]">&gt;&gt;</a>&nbsp;&nbsp;&nbsp;IWDG_SetPrescaler
<LI><a href="#[105]">&gt;&gt;</a>&nbsp;&nbsp;&nbsp;IWDG_Enable
</UL>
<BR>[Called By]<UL><LI><a href="#[ca]">&gt;&gt;</a>&nbsp;&nbsp;&nbsp;DrvInit
</UL>

<P><STRONG><a name="[cd]"></a>KeyDrvInit</STRONG> (Thumb, 94 bytes, Stack size 16 bytes, key_drv.o(i.KeyDrvInit))
<BR><BR>[Stack]<UL><LI>Max Depth = 40<LI>Call Chain = KeyDrvInit &rArr; GPIO_Init
</UL>
<BR>[Calls]<UL><LI><a href="#[106]">&gt;&gt;</a>&nbsp;&nbsp;&nbsp;GPIO_PinRemapConfig
<LI><a href="#[88]">&gt;&gt;</a>&nbsp;&nbsp;&nbsp;RCC_APB2PeriphClockCmd
<LI><a href="#[d6]">&gt;&gt;</a>&nbsp;&nbsp;&nbsp;GPIO_Init
</UL>
<BR>[Called By]<UL><LI><a href="#[ca]">&gt;&gt;</a>&nbsp;&nbsp;&nbsp;DrvInit
</UL>

<P><STRONG><a name="[d2]"></a>Lcd12864DrvInit</STRONG> (Thumb, 148 bytes, Stack size 8 bytes, lcd12864_drv.o(i.Lcd12864DrvInit))
<BR><BR>[Stack]<UL><LI>Max Depth = 64<LI>Call Chain = Lcd12864DrvInit &rArr; clear_screen &rArr; lcd_address &rArr; LCD_WR_REG &rArr; DelayNus
</UL>
<BR>[Calls]<UL><LI><a href="#[f1]">&gt;&gt;</a>&nbsp;&nbsp;&nbsp;clear_screen
<LI><a href="#[f2]">&gt;&gt;</a>&nbsp;&nbsp;&nbsp;TurnOnScreen
<LI><a href="#[9f]">&gt;&gt;</a>&nbsp;&nbsp;&nbsp;DelayNms
<LI><a href="#[ef]">&gt;&gt;</a>&nbsp;&nbsp;&nbsp;GPIO_SetBits
<LI><a href="#[f5]">&gt;&gt;</a>&nbsp;&nbsp;&nbsp;GPIO_ResetBits
<LI><a href="#[109]">&gt;&gt;</a>&nbsp;&nbsp;&nbsp;LCD_WR_REG
<LI><a href="#[107]">&gt;&gt;</a>&nbsp;&nbsp;&nbsp;LCD12864_GPIO_Config
</UL>
<BR>[Called By]<UL><LI><a href="#[ca]">&gt;&gt;</a>&nbsp;&nbsp;&nbsp;DrvInit
</UL>

<P><STRONG><a name="[a7]"></a>LcdDrawChinese</STRONG> (Thumb, 30 bytes, Stack size 24 bytes, lcd12864_drv.o(i.LcdDrawChinese))
<BR><BR>[Stack]<UL><LI>Max Depth = 176<LI>Call Chain = LcdDrawChinese &rArr; display_GB2312_string &rArr; display_graphic_8x16 &rArr; lcd_address &rArr; LCD_WR_REG &rArr; DelayNus
</UL>
<BR>[Calls]<UL><LI><a href="#[10a]">&gt;&gt;</a>&nbsp;&nbsp;&nbsp;display_GB2312_string
</UL>
<BR>[Called By]<UL><LI><a href="#[bb]">&gt;&gt;</a>&nbsp;&nbsp;&nbsp;DisplayRS485StatePage
<LI><a href="#[b5]">&gt;&gt;</a>&nbsp;&nbsp;&nbsp;DisplayKeyBar
<LI><a href="#[a5]">&gt;&gt;</a>&nbsp;&nbsp;&nbsp;DisplayAddrConfig
<LI><a href="#[b3]">&gt;&gt;</a>&nbsp;&nbsp;&nbsp;DisplayKeyBar
<LI><a href="#[ae]">&gt;&gt;</a>&nbsp;&nbsp;&nbsp;DisplayInvalidTimeInfo
<LI><a href="#[bf]">&gt;&gt;</a>&nbsp;&nbsp;&nbsp;DisplaySurgehistoryInfo
<LI><a href="#[b4]">&gt;&gt;</a>&nbsp;&nbsp;&nbsp;DisplayKeyBar
</UL>

<P><STRONG><a name="[ad]"></a>LcdDrawPicture</STRONG> (Thumb, 86 bytes, Stack size 32 bytes, lcd12864_drv.o(i.LcdDrawPicture))
<BR><BR>[Stack]<UL><LI>Max Depth = 72<LI>Call Chain = LcdDrawPicture &rArr; lcd_address &rArr; LCD_WR_REG &rArr; DelayNus
</UL>
<BR>[Calls]<UL><LI><a href="#[10b]">&gt;&gt;</a>&nbsp;&nbsp;&nbsp;lcd_address
<LI><a href="#[108]">&gt;&gt;</a>&nbsp;&nbsp;&nbsp;LCD_WR_DATA
</UL>
<BR>[Called By]<UL><LI><a href="#[b8]">&gt;&gt;</a>&nbsp;&nbsp;&nbsp;DisplayTempInfo
<LI><a href="#[ab]">&gt;&gt;</a>&nbsp;&nbsp;&nbsp;DisplayInvalidInfo
</UL>

<P><STRONG><a name="[a9]"></a>LcdDrawString</STRONG> (Thumb, 30 bytes, Stack size 24 bytes, lcd12864_drv.o(i.LcdDrawString))
<BR><BR>[Stack]<UL><LI>Max Depth = 176<LI>Call Chain = LcdDrawString &rArr; display_GB2312_string &rArr; display_graphic_8x16 &rArr; lcd_address &rArr; LCD_WR_REG &rArr; DelayNus
</UL>
<BR>[Calls]<UL><LI><a href="#[10a]">&gt;&gt;</a>&nbsp;&nbsp;&nbsp;display_GB2312_string
</UL>
<BR>[Called By]<UL><LI><a href="#[bb]">&gt;&gt;</a>&nbsp;&nbsp;&nbsp;DisplayRS485StatePage
<LI><a href="#[a5]">&gt;&gt;</a>&nbsp;&nbsp;&nbsp;DisplayAddrConfig
<LI><a href="#[ae]">&gt;&gt;</a>&nbsp;&nbsp;&nbsp;DisplayInvalidTimeInfo
<LI><a href="#[bf]">&gt;&gt;</a>&nbsp;&nbsp;&nbsp;DisplaySurgehistoryInfo
<LI><a href="#[b2]">&gt;&gt;</a>&nbsp;&nbsp;&nbsp;DisplayMenuKey
<LI><a href="#[b7]">&gt;&gt;</a>&nbsp;&nbsp;&nbsp;DisplayTime
<LI><a href="#[b8]">&gt;&gt;</a>&nbsp;&nbsp;&nbsp;DisplayTempInfo
<LI><a href="#[b9]">&gt;&gt;</a>&nbsp;&nbsp;&nbsp;DisplaySurgeNumInfo
</UL>

<P><STRONG><a name="[cc]"></a>LedDrvInit</STRONG> (Thumb, 108 bytes, Stack size 16 bytes, led_drv.o(i.LedDrvInit))
<BR><BR>[Stack]<UL><LI>Max Depth = 40<LI>Call Chain = LedDrvInit &rArr; GPIO_Init
</UL>
<BR>[Calls]<UL><LI><a href="#[88]">&gt;&gt;</a>&nbsp;&nbsp;&nbsp;RCC_APB2PeriphClockCmd
<LI><a href="#[ef]">&gt;&gt;</a>&nbsp;&nbsp;&nbsp;GPIO_SetBits
<LI><a href="#[d6]">&gt;&gt;</a>&nbsp;&nbsp;&nbsp;GPIO_Init
</UL>
<BR>[Called By]<UL><LI><a href="#[ca]">&gt;&gt;</a>&nbsp;&nbsp;&nbsp;DrvInit
</UL>

<P><STRONG><a name="[14]"></a>MemManage_Handler</STRONG> (Thumb, 4 bytes, Stack size 0 bytes, stm32f10x_it.o(i.MemManage_Handler))
<BR>[Address Reference Count : 1]<UL><LI> startup_stm32f10x_hd.o(RESET)
</UL>
<P><STRONG><a name="[97]"></a>ModbusAppInit</STRONG> (Thumb, 44 bytes, Stack size 24 bytes, modbus_app.o(i.ModbusAppInit))
<BR><BR>[Stack]<UL><LI>Max Depth = 228<LI>Call Chain = ModbusAppInit &rArr; ModbusSlaveInit &rArr; eMBInit &rArr; eMBRTUInit &rArr; xMBPortSerialInit &rArr; UartInit &rArr; USART_Init &rArr; RCC_GetClocksFreq
</UL>
<BR>[Calls]<UL><LI><a href="#[bd]">&gt;&gt;</a>&nbsp;&nbsp;&nbsp;GetModbusBaudData
<LI><a href="#[bc]">&gt;&gt;</a>&nbsp;&nbsp;&nbsp;GetModbusAddrData
<LI><a href="#[112]">&gt;&gt;</a>&nbsp;&nbsp;&nbsp;ModbusSlaveInit
<LI><a href="#[113]">&gt;&gt;</a>&nbsp;&nbsp;&nbsp;CustomFuncHandlerCbReg
<LI><a href="#[111]">&gt;&gt;</a>&nbsp;&nbsp;&nbsp;__aeabi_memcpy4
</UL>
<BR>[Called By]<UL><LI><a href="#[94]">&gt;&gt;</a>&nbsp;&nbsp;&nbsp;AppInit
</UL>

<P><STRONG><a name="[112]"></a>ModbusSlaveInit</STRONG> (Thumb, 34 bytes, Stack size 16 bytes, modbus_slave.o(i.ModbusSlaveInit))
<BR><BR>[Stack]<UL><LI>Max Depth = 204<LI>Call Chain = ModbusSlaveInit &rArr; eMBInit &rArr; eMBRTUInit &rArr; xMBPortSerialInit &rArr; UartInit &rArr; USART_Init &rArr; RCC_GetClocksFreq
</UL>
<BR>[Calls]<UL><LI><a href="#[11d]">&gt;&gt;</a>&nbsp;&nbsp;&nbsp;eMBInit
<LI><a href="#[11e]">&gt;&gt;</a>&nbsp;&nbsp;&nbsp;eMBEnable
</UL>
<BR>[Called By]<UL><LI><a href="#[97]">&gt;&gt;</a>&nbsp;&nbsp;&nbsp;ModbusAppInit
</UL>

<P><STRONG><a name="[1]"></a>ModbusTask</STRONG> (Thumb, 8 bytes, Stack size 8 bytes, modbus_app.o(i.ModbusTask))
<BR><BR>[Stack]<UL><LI>Max Depth = 24<LI>Call Chain = ModbusTask &rArr; eMBPoll
</UL>
<BR>[Calls]<UL><LI><a href="#[11f]">&gt;&gt;</a>&nbsp;&nbsp;&nbsp;eMBPoll
</UL>
<BR>[Address Reference Count : 1]<UL><LI> main.o(.data)
</UL>
<P><STRONG><a name="[101]"></a>MovInvalidProc</STRONG> (Thumb, 16 bytes, Stack size 8 bytes, mov_invalid.o(i.MovInvalidProc))
<BR><BR>[Stack]<UL><LI>Max Depth = 88<LI>Call Chain = MovInvalidProc &rArr; GetMOVFail_PCT &rArr; __aeabi_uldivmod
</UL>
<BR>[Calls]<UL><LI><a href="#[e6]">&gt;&gt;</a>&nbsp;&nbsp;&nbsp;GetMOVFail_PCT
<LI><a href="#[120]">&gt;&gt;</a>&nbsp;&nbsp;&nbsp;CalMovLevel
</UL>
<BR>[Called By]<UL><LI><a href="#[3]">&gt;&gt;</a>&nbsp;&nbsp;&nbsp;Invalid_Task
</UL>

<P><STRONG><a name="[12]"></a>NMI_Handler</STRONG> (Thumb, 2 bytes, Stack size 0 bytes, stm32f10x_it.o(i.NMI_Handler))
<BR>[Address Reference Count : 1]<UL><LI> startup_stm32f10x_hd.o(RESET)
</UL>
<P><STRONG><a name="[144]"></a>NVIC_Init</STRONG> (Thumb, 100 bytes, Stack size 16 bytes, misc.o(i.NVIC_Init))
<BR><BR>[Stack]<UL><LI>Max Depth = 16<LI>Call Chain = NVIC_Init
</UL>
<BR>[Called By]<UL><LI><a href="#[16e]">&gt;&gt;</a>&nbsp;&nbsp;&nbsp;xMBPortTimersInit
<LI><a href="#[156]">&gt;&gt;</a>&nbsp;&nbsp;&nbsp;UartInit
<LI><a href="#[13f]">&gt;&gt;</a>&nbsp;&nbsp;&nbsp;SurgeUartInit
</UL>

<P><STRONG><a name="[143]"></a>NVIC_PriorityGroupConfig</STRONG> (Thumb, 10 bytes, Stack size 0 bytes, misc.o(i.NVIC_PriorityGroupConfig))
<BR><BR>[Called By]<UL><LI><a href="#[16e]">&gt;&gt;</a>&nbsp;&nbsp;&nbsp;xMBPortTimersInit
<LI><a href="#[156]">&gt;&gt;</a>&nbsp;&nbsp;&nbsp;UartInit
<LI><a href="#[13f]">&gt;&gt;</a>&nbsp;&nbsp;&nbsp;SurgeUartInit
</UL>

<P><STRONG><a name="[fd]"></a>NVIC_SetVectorTable</STRONG> (Thumb, 12 bytes, Stack size 0 bytes, misc.o(i.NVIC_SetVectorTable))
<BR><BR>[Called By]<UL><LI><a href="#[fc]">&gt;&gt;</a>&nbsp;&nbsp;&nbsp;InitIrqAfterBoot
</UL>

<P><STRONG><a name="[d1]"></a>NorflashDrvInit</STRONG> (Thumb, 8 bytes, Stack size 8 bytes, norflash_drv.o(i.NorflashDrvInit))
<BR><BR>[Stack]<UL><LI>Max Depth = 48<LI>Call Chain = NorflashDrvInit &rArr; SPIInit &rArr; Gpio_Iint &rArr; GPIO_Init
</UL>
<BR>[Calls]<UL><LI><a href="#[121]">&gt;&gt;</a>&nbsp;&nbsp;&nbsp;SPIInit
</UL>
<BR>[Called By]<UL><LI><a href="#[ca]">&gt;&gt;</a>&nbsp;&nbsp;&nbsp;DrvInit
</UL>

<P><STRONG><a name="[1c]"></a>PVD_IRQHandler</STRONG> (Thumb, 2 bytes, Stack size 0 bytes, stm32f10x_it.o(i.PVD_IRQHandler))
<BR>[Address Reference Count : 1]<UL><LI> startup_stm32f10x_hd.o(RESET)
</UL>
<P><STRONG><a name="[11a]"></a>PWR_BackupAccessCmd</STRONG> (Thumb, 6 bytes, Stack size 0 bytes, stm32f10x_pwr.o(i.PWR_BackupAccessCmd))
<BR><BR>[Called By]<UL><LI><a href="#[cf]">&gt;&gt;</a>&nbsp;&nbsp;&nbsp;RtcDrvInit
<LI><a href="#[b]">&gt;&gt;</a>&nbsp;&nbsp;&nbsp;ModbusSetRtcTime
</UL>

<P><STRONG><a name="[19]"></a>PendSV_Handler</STRONG> (Thumb, 2 bytes, Stack size 0 bytes, stm32f10x_it.o(i.PendSV_Handler))
<BR>[Address Reference Count : 1]<UL><LI> startup_stm32f10x_hd.o(RESET)
</UL>
<P><STRONG><a name="[de]"></a>PresetNum_Surge</STRONG> (Thumb, 6 bytes, Stack size 0 bytes, surgemdl_drv.o(i.PresetNum_Surge))
<BR><BR>[Called By]<UL><LI><a href="#[db]">&gt;&gt;</a>&nbsp;&nbsp;&nbsp;EraseSurgeHistoryInfo
[...]
<LI><a href="#[d9]">&gt;&gt;</a>&nbsp;&nbsp;&nbsp;EraseNorflashSector
<LI><a href="#[d7]">&gt;&gt;</a>&nbsp;&nbsp;&nbsp;EnableNorflashWrite
<LI><a href="#[a1]">&gt;&gt;</a>&nbsp;&nbsp;&nbsp;DisableNorflashWrite
</UL>

<P><STRONG><a name="[a2]"></a>SPIStart</STRONG> (Thumb, 14 bytes, Stack size 8 bytes, norflash_drv.o(i.SPIStart))
<BR><BR>[Stack]<UL><LI>Max Depth = 8<LI>Call Chain = SPIStart
</UL>
<BR>[Calls]<UL><LI><a href="#[f5]">&gt;&gt;</a>&nbsp;&nbsp;&nbsp;GPIO_ResetBits
</UL>
<BR>[Called By]<UL><LI><a href="#[9a]">&gt;&gt;</a>&nbsp;&nbsp;&nbsp;ReadNorflashData
<LI><a href="#[da]">&gt;&gt;</a>&nbsp;&nbsp;&nbsp;WaitNorflashWriteEnd
<LI><a href="#[122]">&gt;&gt;</a>&nbsp;&nbsp;&nbsp;ProgramNorflashPage
<LI><a href="#[d9]">&gt;&gt;</a>&nbsp;&nbsp;&nbsp;EraseNorflashSector
<LI><a href="#[d7]">&gt;&gt;</a>&nbsp;&nbsp;&nbsp;EnableNorflashWrite
<LI><a href="#[a1]">&gt;&gt;</a>&nbsp;&nbsp;&nbsp;DisableNorflashWrite
</UL>

<P><STRONG><a name="[a4]"></a>SPIStop</STRONG> (Thumb, 14 bytes, Stack size 8 bytes, norflash_drv.o(i.SPIStop))
<BR><BR>[Stack]<UL><LI>Max Depth = 8<LI>Call Chain = SPIStop
</UL>
<BR>[Calls]<UL><LI><a href="#[ef]">&gt;&gt;</a>&nbsp;&nbsp;&nbsp;GPIO_SetBits
</UL>
<BR>[Called By]<UL><LI><a href="#[9a]">&gt;&gt;</a>&nbsp;&nbsp;&nbsp;ReadNorflashData
<LI><a href="#[da]">&gt;&gt;</a>&nbsp;&nbsp;&nbsp;WaitNorflashWriteEnd
<LI><a href="#[122]">&gt;&gt;</a>&nbsp;&nbsp;&nbsp;ProgramNorflashPage
<LI><a href="#[d9]">&gt;&gt;</a>&nbsp;&nbsp;&nbsp;EraseNorflashSector
<LI><a href="#[d7]">&gt;&gt;</a>&nbsp;&nbsp;&nbsp;EnableNorflashWrite
<LI><a href="#[a1]">&gt;&gt;</a>&nbsp;&nbsp;&nbsp;DisableNorflashWrite
</UL>

<P><STRONG><a name="[da]"></a>WaitNorflashWriteEnd</STRONG> (Thumb, 44 bytes, Stack size 8 bytes, norflash_drv.o(i.WaitNorflashWriteEnd))
<BR><BR>[Stack]<UL><LI>Max Depth = 24<LI>Call Chain = WaitNorflashWriteEnd &rArr; SPIReadWriteByte
</UL>
<BR>[Calls]<UL><LI><a href="#[a4]">&gt;&gt;</a>&nbsp;&nbsp;&nbsp;SPIStop
<LI><a href="#[a2]">&gt;&gt;</a>&nbsp;&nbsp;&nbsp;SPIStart
<LI><a href="#[a3]">&gt;&gt;</a>&nbsp;&nbsp;&nbsp;SPIReadWriteByte
</UL>
<BR>[Called By]<UL><LI><a href="#[122]">&gt;&gt;</a>&nbsp;&nbsp;&nbsp;ProgramNorflashPage
<LI><a href="#[d9]">&gt;&gt;</a>&nbsp;&nbsp;&nbsp;EraseNorflashSector
</UL>

<P><STRONG><a name="[107]"></a>LCD12864_GPIO_Config</STRONG> (Thumb, 168 bytes, Stack size 8 bytes, lcd12864_drv.o(i.LCD12864_GPIO_Config))
<BR><BR>[Stack]<UL><LI>Max Depth = 32<LI>Call Chain = LCD12864_GPIO_Config &rArr; GPIO_Init
</UL>
<BR>[Calls]<UL><LI><a href="#[88]">&gt;&gt;</a>&nbsp;&nbsp;&nbsp;RCC_APB2PeriphClockCmd
<LI><a href="#[ef]">&gt;&gt;</a>&nbsp;&nbsp;&nbsp;GPIO_SetBits
<LI><a href="#[d6]">&gt;&gt;</a>&nbsp;&nbsp;&nbsp;GPIO_Init
</UL>
<BR>[Called By]<UL><LI><a href="#[d2]">&gt;&gt;</a>&nbsp;&nbsp;&nbsp;Lcd12864DrvInit
</UL>

<P><STRONG><a name="[108]"></a>LCD_WR_DATA</STRONG> (Thumb, 86 bytes, Stack size 16 bytes, lcd12864_drv.o(i.LCD_WR_DATA))
<BR><BR>[Stack]<UL><LI>Max Depth = 16<LI>Call Chain = LCD_WR_DATA
</UL>
<BR>[Calls]<UL><LI><a href="#[ef]">&gt;&gt;</a>&nbsp;&nbsp;&nbsp;GPIO_SetBits
<LI><a href="#[f5]">&gt;&gt;</a>&nbsp;&nbsp;&nbsp;GPIO_ResetBits
</UL>
<BR>[Called By]<UL><LI><a href="#[f1]">&gt;&gt;</a>&nbsp;&nbsp;&nbsp;clear_screen
<LI><a href="#[c2]">&gt;&gt;</a>&nbsp;&nbsp;&nbsp;clear_area
<LI><a href="#[ad]">&gt;&gt;</a>&nbsp;&nbsp;&nbsp;LcdDrawPicture
<LI><a href="#[165]">&gt;&gt;</a>&nbsp;&nbsp;&nbsp;display_graphic_8x16
<LI><a href="#[164]">&gt;&gt;</a>&nbsp;&nbsp;&nbsp;display_graphic_16x16
</UL>

<P><STRONG><a name="[109]"></a>LCD_WR_REG</STRONG> (Thumb, 92 bytes, Stack size 16 bytes, lcd12864_drv.o(i.LCD_WR_REG))
<BR><BR>[Stack]<UL><LI>Max Depth = 24<LI>Call Chain = LCD_WR_REG &rArr; DelayNus
</UL>
<BR>[Calls]<UL><LI><a href="#[ef]">&gt;&gt;</a>&nbsp;&nbsp;&nbsp;GPIO_SetBits
<LI><a href="#[f5]">&gt;&gt;</a>&nbsp;&nbsp;&nbsp;GPIO_ResetBits
<LI><a href="#[a0]">&gt;&gt;</a>&nbsp;&nbsp;&nbsp;DelayNus
</UL>
<BR>[Called By]<UL><LI><a href="#[d2]">&gt;&gt;</a>&nbsp;&nbsp;&nbsp;Lcd12864DrvInit
<LI><a href="#[10b]">&gt;&gt;</a>&nbsp;&nbsp;&nbsp;lcd_address
</UL>

<P><STRONG><a name="[10a]"></a>display_GB2312_string</STRONG> (Thumb, 364 bytes, Stack size 88 bytes, lcd12864_drv.o(i.display_GB2312_string))
<BR><BR>[Stack]<UL><LI>Max Depth = 152<LI>Call Chain = display_GB2312_string &rArr; display_graphic_8x16 &rArr; lcd_address &rArr; LCD_WR_REG &rArr; DelayNus
</UL>
<BR>[Calls]<UL><LI><a href="#[163]">&gt;&gt;</a>&nbsp;&nbsp;&nbsp;get_n_bytes_data_from_ROM
<LI><a href="#[165]">&gt;&gt;</a>&nbsp;&nbsp;&nbsp;display_graphic_8x16
<LI><a href="#[164]">&gt;&gt;</a>&nbsp;&nbsp;&nbsp;display_graphic_16x16
</UL>
<BR>[Called By]<UL><LI><a href="#[a7]">&gt;&gt;</a>&nbsp;&nbsp;&nbsp;LcdDrawChinese
<LI><a href="#[a9]">&gt;&gt;</a>&nbsp;&nbsp;&nbsp;LcdDrawString
</UL>

<P><STRONG><a name="[164]"></a>display_graphic_16x16</STRONG> (Thumb, 80 bytes, Stack size 24 bytes, lcd12864_drv.o(i.display_graphic_16x16))
<BR><BR>[Stack]<UL><LI>Max Depth = 64<LI>Call Chain = display_graphic_16x16 &rArr; lcd_address &rArr; LCD_WR_REG &rArr; DelayNus
</UL>
<BR>[Calls]<UL><LI><a href="#[ef]">&gt;&gt;</a>&nbsp;&nbsp;&nbsp;GPIO_SetBits
<LI><a href="#[f5]">&gt;&gt;</a>&nbsp;&nbsp;&nbsp;GPIO_ResetBits
<LI><a href="#[10b]">&gt;&gt;</a>&nbsp;&nbsp;&nbsp;lcd_address
<LI><a href="#[108]">&gt;&gt;</a>&nbsp;&nbsp;&nbsp;LCD_WR_DATA
</UL>
<BR>[Called By]<UL><LI><a href="#[10a]">&gt;&gt;</a>&nbsp;&nbsp;&nbsp;display_GB2312_string
</UL>

<P><STRONG><a name="[165]"></a>display_graphic_8x16</STRONG> (Thumb, 72 bytes, Stack size 24 bytes, lcd12864_drv.o(i.display_graphic_8x16))
<BR><BR>[Stack]<UL><LI>Max Depth = 64<LI>Call Chain = display_graphic_8x16 &rArr; lcd_address &rArr; LCD_WR_REG &rArr; DelayNus
</UL>
<BR>[Calls]<UL><LI><a href="#[ef]">&gt;&gt;</a>&nbsp;&nbsp;&nbsp;GPIO_SetBits
<LI><a href="#[f5]">&gt;&gt;</a>&nbsp;&nbsp;&nbsp;GPIO_ResetBits
<LI><a href="#[10b]">&gt;&gt;</a>&nbsp;&nbsp;&nbsp;lcd_address
<LI><a href="#[108]">&gt;&gt;</a>&nbsp;&nbsp;&nbsp;LCD_WR_DATA
</UL>
<BR>[Called By]<UL><LI><a href="#[10a]">&gt;&gt;</a>&nbsp;&nbsp;&nbsp;display_GB2312_string
</UL>

<P><STRONG><a name="[175]"></a>get_data_from_ROM</STRONG> (Thumb, 66 bytes, Stack size 16 bytes, lcd12864_drv.o(i.get_data_from_ROM))
<BR><BR>[Stack]<UL><LI>Max Depth = 16<LI>Call Chain = get_data_from_ROM
</UL>
<BR>[Calls]<UL><LI><a href="#[ef]">&gt;&gt;</a>&nbsp;&nbsp;&nbsp;GPIO_SetBits
<LI><a href="#[f5]">&gt;&gt;</a>&nbsp;&nbsp;&nbsp;GPIO_ResetBits
<LI><a href="#[eb]">&gt;&gt;</a>&nbsp;&nbsp;&nbsp;GPIO_ReadInputDataBit
</UL>
<BR>[Called By]<UL><LI><a href="#[163]">&gt;&gt;</a>&nbsp;&nbsp;&nbsp;get_n_bytes_data_from_ROM
</UL>

<P><STRONG><a name="[163]"></a>get_n_bytes_data_from_ROM</STRONG> (Thumb, 94 bytes, Stack size 32 bytes, lcd12864_drv.o(i.get_n_bytes_data_from_ROM))
<BR><BR>[Stack]<UL><LI>Max Depth = 48<LI>Call Chain = get_n_bytes_data_from_ROM &rArr; send_command_to_ROM
</UL>
<BR>[Calls]<UL><LI><a href="#[ef]">&gt;&gt;</a>&nbsp;&nbsp;&nbsp;GPIO_SetBits
<LI><a href="#[f5]">&gt;&gt;</a>&nbsp;&nbsp;&nbsp;GPIO_ResetBits
<LI><a href="#[176]">&gt;&gt;</a>&nbsp;&nbsp;&nbsp;send_command_to_ROM
<LI><a href="#[175]">&gt;&gt;</a>&nbsp;&nbsp;&nbsp;get_data_from_ROM
</UL>
<BR>[Called By]<UL><LI><a href="#[10a]">&gt;&gt;</a>&nbsp;&nbsp;&nbsp;display_GB2312_string
</UL>

<P><STRONG><a name="[10b]"></a>lcd_address</STRONG> (Thumb, 40 bytes, Stack size 16 bytes, lcd12864_drv.o(i.lcd_address))
<BR><BR>[Stack]<UL><LI>Max Depth = 40<LI>Call Chain = lcd_address &rArr; LCD_WR_REG &rArr; DelayNus
</UL>
<BR>[Calls]<UL><LI><a href="#[109]">&gt;&gt;</a>&nbsp;&nbsp;&nbsp;LCD_WR_REG
</UL>
<BR>[Called By]<UL><LI><a href="#[f1]">&gt;&gt;</a>&nbsp;&nbsp;&nbsp;clear_screen
<LI><a href="#[c2]">&gt;&gt;</a>&nbsp;&nbsp;&nbsp;clear_area
<LI><a href="#[ad]">&gt;&gt;</a>&nbsp;&nbsp;&nbsp;LcdDrawPicture
<LI><a href="#[165]">&gt;&gt;</a>&nbsp;&nbsp;&nbsp;display_graphic_8x16
<LI><a href="#[164]">&gt;&gt;</a>&nbsp;&nbsp;&nbsp;display_graphic_16x16
</UL>

<P><STRONG><a name="[176]"></a>send_command_to_ROM</STRONG> (Thumb, 66 bytes, Stack size 16 bytes, lcd12864_drv.o(i.send_command_to_ROM))
<BR><BR>[Stack]<UL><LI>Max Depth = 16<LI>Call Chain = send_command_to_ROM
</UL>
<BR>[Calls]<UL><LI><a href="#[ef]">&gt;&gt;</a>&nbsp;&nbsp;&nbsp;GPIO_SetBits
<LI><a href="#[f5]">&gt;&gt;</a>&nbsp;&nbsp;&nbsp;GPIO_ResetBits
</UL>
<BR>[Called By]<UL><LI><a href="#[163]">&gt;&gt;</a>&nbsp;&nbsp;&nbsp;get_n_bytes_data_from_ROM
</UL>

<P><STRONG><a name="[87]"></a>AdcInit</STRONG> (Thumb, 132 bytes, Stack size 24 bytes, ntc_drv.o(i.AdcInit))
<BR><BR>[Stack]<UL><LI>Max Depth = 44<LI>Call Chain = AdcInit &rArr; ADC_RegularChannelConfig
</UL>
<BR>[Calls]<UL><LI><a href="#[88]">&gt;&gt;</a>&nbsp;&nbsp;&nbsp;RCC_APB2PeriphClockCmd
<LI><a href="#[89]">&gt;&gt;</a>&nbsp;&nbsp;&nbsp;RCC_ADCCLKConfig
<LI><a href="#[8f]">&gt;&gt;</a>&nbsp;&nbsp;&nbsp;ADC_StartCalibration
<LI><a href="#[91]">&gt;&gt;</a>&nbsp;&nbsp;&nbsp;ADC_SoftwareStartConvCmd
<LI><a href="#[8d]">&gt;&gt;</a>&nbsp;&nbsp;&nbsp;ADC_ResetCalibration
<LI><a href="#[8b]">&gt;&gt;</a>&nbsp;&nbsp;&nbsp;ADC_RegularChannelConfig
<LI><a href="#[8a]">&gt;&gt;</a>&nbsp;&nbsp;&nbsp;ADC_Init
<LI><a href="#[8e]">&gt;&gt;</a>&nbsp;&nbsp;&nbsp;ADC_GetResetCalibrationStatus
<LI><a href="#[90]">&gt;&gt;</a>&nbsp;&nbsp;&nbsp;ADC_GetCalibrationStatus
<LI><a href="#[85]">&gt;&gt;</a>&nbsp;&nbsp;&nbsp;ADC_DeInit
<LI><a href="#[8c]">&gt;&gt;</a>&nbsp;&nbsp;&nbsp;ADC_Cmd
</UL>
<BR>[Called By]<UL><LI><a href="#[12f]">&gt;&gt;</a>&nbsp;&nbsp;&nbsp;TempDrvInit
</UL>

<P><STRONG><a name="[92]"></a>AdcToTemp10Mpl</STRONG> (Thumb, 84 bytes, Stack size 16 bytes, ntc_drv.o(i.AdcToTemp10Mpl))
<BR><BR>[Stack]<UL><LI>Max Depth = 36<LI>Call Chain = AdcToTemp10Mpl &rArr; DescBinarySearch
</UL>
<BR>[Calls]<UL><LI><a href="#[93]">&gt;&gt;</a>&nbsp;&nbsp;&nbsp;DescBinarySearch
</UL>
<BR>[Called By]<UL><LI><a href="#[132]">&gt;&gt;</a>&nbsp;&nbsp;&nbsp;TempSensorProc
</UL>

<P><STRONG><a name="[110]"></a>ArithAvgFltr</STRONG> (Thumb, 30 bytes, Stack size 8 bytes, ntc_drv.o(i.ArithAvgFltr))
<BR><BR>[Stack]<UL><LI>Max Depth = 8<LI>Call Chain = ArithAvgFltr
</UL>
<BR>[Called By]<UL><LI><a href="#[10f]">&gt;&gt;</a>&nbsp;&nbsp;&nbsp;MedianAvgFltr
</UL>

<P><STRONG><a name="[5b]"></a>CmpCb</STRONG> (Thumb, 38 bytes, Stack size 16 bytes, ntc_drv.o(i.CmpCb))
<BR><BR>[Stack]<UL><LI>Max Depth = 16<LI>Call Chain = CmpCb
</UL>
<BR>[Address Reference Count : 1]<UL><LI> ntc_drv.o(i.MedianAvgFltr)
</UL>
<P><STRONG><a name="[93]"></a>DescBinarySearch</STRONG> (Thumb, 48 bytes, Stack size 20 bytes, ntc_drv.o(i.DescBinarySearch))
<BR><BR>[Stack]<UL><LI>Max Depth = 20<LI>Call Chain = DescBinarySearch
</UL>
<BR>[Called By]<UL><LI><a href="#[92]">&gt;&gt;</a>&nbsp;&nbsp;&nbsp;AdcToTemp10Mpl
</UL>

<P><STRONG><a name="[e1]"></a>GetAdcVal</STRONG> (Thumb, 24 bytes, Stack size 8 bytes, ntc_drv.o(i.GetAdcVal))
<BR><BR>[Stack]<UL><LI>Max Depth = 8<LI>Call Chain = GetAdcVal
</UL>
<BR>[Calls]<UL><LI><a href="#[e2]">&gt;&gt;</a>&nbsp;&nbsp;&nbsp;ADC_GetFlagStatus
<LI><a href="#[e3]">&gt;&gt;</a>&nbsp;&nbsp;&nbsp;ADC_GetConversionValue
</UL>
<BR>[Called By]<UL><LI><a href="#[132]">&gt;&gt;</a>&nbsp;&nbsp;&nbsp;TempSensorProc
</UL>

<P><STRONG><a name="[ec]"></a>GpioInit</STRONG> (Thumb, 32 bytes, Stack size 8 bytes, ntc_drv.o(i.GpioInit))
<BR><BR>[Stack]<UL><LI>Max Depth = 32<LI>Call Chain = GpioInit &rArr; GPIO_Init
</UL>
<BR>[Calls]<UL><LI><a href="#[88]">&gt;&gt;</a>&nbsp;&nbsp;&nbsp;RCC_APB2PeriphClockCmd
<LI><a href="#[d6]">&gt;&gt;</a>&nbsp;&nbsp;&nbsp;GPIO_Init
</UL>
<BR>[Called By]<UL><LI><a href="#[12f]">&gt;&gt;</a>&nbsp;&nbsp;&nbsp;TempDrvInit
</UL>

<P><STRONG><a name="[10f]"></a>MedianAvgFltr</STRONG> (Thumb, 28 bytes, Stack size 16 bytes, ntc_drv.o(i.MedianAvgFltr))
<BR><BR>[Stack]<UL><LI>Max Depth = 56<LI>Call Chain = MedianAvgFltr &rArr; qsort &rArr;  qsort (Cycle)
</UL>
<BR>[Calls]<UL><LI><a href="#[110]">&gt;&gt;</a>&nbsp;&nbsp;&nbsp;ArithAvgFltr
<LI><a href="#[6d]">&gt;&gt;</a>&nbsp;&nbsp;&nbsp;qsort
</UL>
<BR>[Called By]<UL><LI><a href="#[132]">&gt;&gt;</a>&nbsp;&nbsp;&nbsp;TempSensorProc
</UL>

<P><STRONG><a name="[10c]"></a>MX_DMA_Enable</STRONG> (Thumb, 30 bytes, Stack size 8 bytes, surgemdl_drv.o(i.MX_DMA_Enable))
<BR><BR>[Stack]<UL><LI>Max Depth = 8<LI>Call Chain = MX_DMA_Enable
</UL>
<BR>[Calls]<UL><LI><a href="#[10e]">&gt;&gt;</a>&nbsp;&nbsp;&nbsp;DMA_SetCurrDataCounter
<LI><a href="#[10d]">&gt;&gt;</a>&nbsp;&nbsp;&nbsp;DMA_Cmd
</UL>
<BR>[Called By]<UL><LI><a href="#[41]">&gt;&gt;</a>&nbsp;&nbsp;&nbsp;USART2_IRQHandler
<LI><a href="#[138]">&gt;&gt;</a>&nbsp;&nbsp;&nbsp;SurgeDmaInit
</UL>

<P><STRONG><a name="[138]"></a>SurgeDmaInit</STRONG> (Thumb, 98 bytes, Stack size 48 bytes, surgemdl_drv.o(i.SurgeDmaInit))
<BR><BR>[Stack]<UL><LI>Max Depth = 56<LI>Call Chain = SurgeDmaInit &rArr; DMA_Init
</UL>
<BR>[Calls]<UL><LI><a href="#[13c]">&gt;&gt;</a>&nbsp;&nbsp;&nbsp;USART_DMACmd
<LI><a href="#[139]">&gt;&gt;</a>&nbsp;&nbsp;&nbsp;RCC_AHBPeriphClockCmd
<LI><a href="#[13b]">&gt;&gt;</a>&nbsp;&nbsp;&nbsp;DMA_Init
<LI><a href="#[13a]">&gt;&gt;</a>&nbsp;&nbsp;&nbsp;DMA_DeInit
<LI><a href="#[10c]">&gt;&gt;</a>&nbsp;&nbsp;&nbsp;MX_DMA_Enable
</UL>
<BR>[Called By]<UL><LI><a href="#[130]">&gt;&gt;</a>&nbsp;&nbsp;&nbsp;SurgeMdlDrvInit
</UL>

<P><STRONG><a name="[13d]"></a>SurgeGpioInit</STRONG> (Thumb, 78 bytes, Stack size 8 bytes, surgemdl_drv.o(i.SurgeGpioInit))
<BR><BR>[Stack]<UL><LI>Max Depth = 32<LI>Call Chain = SurgeGpioInit &rArr; GPIO_Init
</UL>
<BR>[Calls]<UL><LI><a href="#[88]">&gt;&gt;</a>&nbsp;&nbsp;&nbsp;RCC_APB2PeriphClockCmd
<LI><a href="#[d6]">&gt;&gt;</a>&nbsp;&nbsp;&nbsp;GPIO_Init
</UL>
<BR>[Called By]<UL><LI><a href="#[130]">&gt;&gt;</a>&nbsp;&nbsp;&nbsp;SurgeMdlDrvInit
</UL>

<P><STRONG><a name="[13f]"></a>SurgeUartInit</STRONG> (Thumb, 126 bytes, Stack size 32 bytes, surgemdl_drv.o(i.SurgeUartInit))
<BR><BR>[Stack]<UL><LI>Max Depth = 100<LI>Call Chain = SurgeUartInit &rArr; USART_Init &rArr; RCC_GetClocksFreq
</UL>
<BR>[Calls]<UL><LI><a href="#[119]">&gt;&gt;</a>&nbsp;&nbsp;&nbsp;RCC_APB1PeriphClockCmd
<LI><a href="#[141]">&gt;&gt;</a>&nbsp;&nbsp;&nbsp;USART_Init
<LI><a href="#[142]">&gt;&gt;</a>&nbsp;&nbsp;&nbsp;USART_ITConfig
<LI><a href="#[140]">&gt;&gt;</a>&nbsp;&nbsp;&nbsp;USART_DeInit
<LI><a href="#[145]">&gt;&gt;</a>&nbsp;&nbsp;&nbsp;USART_Cmd
<LI><a href="#[143]">&gt;&gt;</a>&nbsp;&nbsp;&nbsp;NVIC_PriorityGroupConfig
<LI><a href="#[144]">&gt;&gt;</a>&nbsp;&nbsp;&nbsp;NVIC_Init
</UL>
<BR>[Called By]<UL><LI><a href="#[130]">&gt;&gt;</a>&nbsp;&nbsp;&nbsp;SurgeMdlDrvInit
</UL>

<P><STRONG><a name="[ed]"></a>GpioInit</STRONG> (Thumb, 62 bytes, Stack size 8 bytes, portserial.o(i.GpioInit))
<BR><BR>[Stack]<UL><LI>Max Depth = 32<LI>Call Chain = GpioInit &rArr; GPIO_Init
</UL>
<BR>[Calls]<UL><LI><a href="#[88]">&gt;&gt;</a>&nbsp;&nbsp;&nbsp;RCC_APB2PeriphClockCmd
<LI><a href="#[d6]">&gt;&gt;</a>&nbsp;&nbsp;&nbsp;GPIO_Init
</UL>
<BR>[Called By]<UL><LI><a href="#[16d]">&gt;&gt;</a>&nbsp;&nbsp;&nbsp;xMBPortSerialInit
</UL>

<P><STRONG><a name="[146]"></a>SwitchInit</STRONG> (Thumb, 40 bytes, Stack size 8 bytes, portserial.o(i.SwitchInit))
<BR><BR>[Stack]<UL><LI>Max Depth = 32<LI>Call Chain = SwitchInit &rArr; GPIO_Init
</UL>
<BR>[Calls]<UL><LI><a href="#[88]">&gt;&gt;</a>&nbsp;&nbsp;&nbsp;RCC_APB2PeriphClockCmd
<LI><a href="#[d6]">&gt;&gt;</a>&nbsp;&nbsp;&nbsp;GPIO_Init
</UL>
<BR>[Called By]<UL><LI><a href="#[16d]">&gt;&gt;</a>&nbsp;&nbsp;&nbsp;xMBPortSerialInit
</UL>

<P><STRONG><a name="[156]"></a>UartInit</STRONG> (Thumb, 104 bytes, Stack size 32 bytes, portserial.o(i.UartInit))
<BR><BR>[Stack]<UL><LI>Max Depth = 100<LI>Call Chain = UartInit &rArr; USART_Init &rArr; RCC_GetClocksFreq
</UL>
<BR>[Calls]<UL><LI><a href="#[88]">&gt;&gt;</a>&nbsp;&nbsp;&nbsp;RCC_APB2PeriphClockCmd
<LI><a href="#[141]">&gt;&gt;</a>&nbsp;&nbsp;&nbsp;USART_Init
<LI><a href="#[140]">&gt;&gt;</a>&nbsp;&nbsp;&nbsp;USART_DeInit
<LI><a href="#[145]">&gt;&gt;</a>&nbsp;&nbsp;&nbsp;USART_Cmd
<LI><a href="#[143]">&gt;&gt;</a>&nbsp;&nbsp;&nbsp;NVIC_PriorityGroupConfig
<LI><a href="#[144]">&gt;&gt;</a>&nbsp;&nbsp;&nbsp;NVIC_Init
</UL>
<BR>[Called By]<UL><LI><a href="#[16d]">&gt;&gt;</a>&nbsp;&nbsp;&nbsp;xMBPortSerialInit
</UL>

<P><STRONG><a name="[150]"></a>prvvUARTRxISR</STRONG> (Thumb, 10 bytes, Stack size 8 bytes, portserial.o(i.prvvUARTRxISR))
<BR><BR>[Stack]<UL><LI>Max Depth = 8<LI>Call Chain = prvvUARTRxISR
</UL>
<BR>[Called By]<UL><LI><a href="#[40]">&gt;&gt;</a>&nbsp;&nbsp;&nbsp;USART1_IRQHandler
</UL>

<P><STRONG><a name="[152]"></a>prvvUARTTxReadyISR</STRONG> (Thumb, 10 bytes, Stack size 8 bytes, portserial.o(i.prvvUARTTxReadyISR))
<BR><BR>[Stack]<UL><LI>Max Depth = 8<LI>Call Chain = prvvUARTTxReadyISR
</UL>
<BR>[Called By]<UL><LI><a href="#[40]">&gt;&gt;</a>&nbsp;&nbsp;&nbsp;USART1_IRQHandler
</UL>

<P><STRONG><a name="[14a]"></a>prvvTIMERExpiredISR</STRONG> (Thumb, 10 bytes, Stack size 8 bytes, porttimer.o(i.prvvTIMERExpiredISR))
<BR><BR>[Stack]<UL><LI>Max Depth = 8<LI>Call Chain = prvvTIMERExpiredISR
</UL>
<BR>[Called By]<UL><LI><a href="#[4d]">&gt;&gt;</a>&nbsp;&nbsp;&nbsp;TIM5_IRQHandler
</UL>

<P><STRONG><a name="[136]"></a>SetSysClock</STRONG> (Thumb, 8 bytes, Stack size 8 bytes, system_stm32f10x.o(i.SetSysClock))
<BR><BR>[Stack]<UL><LI>Max Depth = 20<LI>Call Chain = SetSysClock &rArr; SetSysClockTo72
</UL>
<BR>[Calls]<UL><LI><a href="#[137]">&gt;&gt;</a>&nbsp;&nbsp;&nbsp;SetSysClockTo72
</UL>
<BR>[Called By]<UL><LI><a href="#[58]">&gt;&gt;</a>&nbsp;&nbsp;&nbsp;SystemInit
</UL>

<P><STRONG><a name="[137]"></a>SetSysClockTo72</STRONG> (Thumb, 214 bytes, Stack size 12 bytes, system_stm32f10x.o(i.SetSysClockTo72))
<BR><BR>[Stack]<UL><LI>Max Depth = 12<LI>Call Chain = SetSysClockTo72
</UL>
<BR>[Called By]<UL><LI><a href="#[136]">&gt;&gt;</a>&nbsp;&nbsp;&nbsp;SetSysClock
</UL>

<P><STRONG><a name="[174]"></a>stderr_putchar</STRONG> (Thumb, 4 bytes, Stack size 0 bytes, retarget_io.o(i.stderr_putchar))
<BR><BR>[Called By]<UL><LI><a href="#[173]">&gt;&gt;</a>&nbsp;&nbsp;&nbsp;fputc
</UL>

<P><STRONG><a name="[15e]"></a>_fp_digits</STRONG> (Thumb, 366 bytes, Stack size 64 bytes, printfa.o(i._fp_digits), UNUSED)
<BR><BR>[Calls]<UL><LI><a href="#[6a]">&gt;&gt;</a>&nbsp;&nbsp;&nbsp;__aeabi_uldivmod
<LI><a href="#[81]">&gt;&gt;</a>&nbsp;&nbsp;&nbsp;__aeabi_dmul
<LI><a href="#[82]">&gt;&gt;</a>&nbsp;&nbsp;&nbsp;__aeabi_ddiv
<LI><a href="#[7b]">&gt;&gt;</a>&nbsp;&nbsp;&nbsp;__aeabi_dadd
<LI><a href="#[83]">&gt;&gt;</a>&nbsp;&nbsp;&nbsp;__aeabi_d2ulz
<LI><a href="#[15f]">&gt;&gt;</a>&nbsp;&nbsp;&nbsp;__aeabi_cdrcmple
</UL>
<BR>[Called By]<UL><LI><a href="#[15a]">&gt;&gt;</a>&nbsp;&nbsp;&nbsp;_printf_core
</UL>

<P><STRONG><a name="[15a]"></a>_printf_core</STRONG> (Thumb, 1744 bytes, Stack size 136 bytes, printfa.o(i._printf_core), UNUSED)
<BR><BR>[Calls]<UL><LI><a href="#[6a]">&gt;&gt;</a>&nbsp;&nbsp;&nbsp;__aeabi_uldivmod
<LI><a href="#[162]">&gt;&gt;</a>&nbsp;&nbsp;&nbsp;__aeabi_uidivmod
<LI><a href="#[160]">&gt;&gt;</a>&nbsp;&nbsp;&nbsp;_printf_pre_padding
<LI><a href="#[161]">&gt;&gt;</a>&nbsp;&nbsp;&nbsp;_printf_post_padding
<LI><a href="#[15e]">&gt;&gt;</a>&nbsp;&nbsp;&nbsp;_fp_digits
</UL>
<BR>[Called By]<UL><LI><a href="#[159]">&gt;&gt;</a>&nbsp;&nbsp;&nbsp;__0sprintf
</UL>

<P><STRONG><a name="[161]"></a>_printf_post_padding</STRONG> (Thumb, 36 bytes, Stack size 24 bytes, printfa.o(i._printf_post_padding), UNUSED)
<BR><BR>[Called By]<UL><LI><a href="#[15a]">&gt;&gt;</a>&nbsp;&nbsp;&nbsp;_printf_core
</UL>

<P><STRONG><a name="[160]"></a>_printf_pre_padding</STRONG> (Thumb, 46 bytes, Stack size 24 bytes, printfa.o(i._printf_pre_padding), UNUSED)
<BR><BR>[Called By]<UL><LI><a href="#[15a]">&gt;&gt;</a>&nbsp;&nbsp;&nbsp;_printf_core
</UL>

<P><STRONG><a name="[5d]"></a>_sputc</STRONG> (Thumb, 10 bytes, Stack size 0 bytes, printfa.o(i._sputc))
<BR><BR>[Called By]<UL><LI><a href="#[159]">&gt;&gt;</a>&nbsp;&nbsp;&nbsp;__0sprintf
</UL>
<BR>[Address Reference Count : 1]<UL><LI> printfa.o(i.__0sprintf)
</UL><P>
<H3>
Undefined Global Symbols
</H3><HR></body></html>
