Component: ARM Compiler 5.06 update 6 (build 750) Tool: armlink [4d35ed]

==============================================================================

Section Cross References

    main.o(i.AppInit) refers to systick_drv.o(i.TaskScheduleCbReg) for TaskScheduleCbReg
    main.o(i.AppInit) refers to store_app.o(i.InitSysParam) for InitSysParam
    main.o(i.AppInit) refers to modbus_app.o(i.ModbusAppInit) for ModbusAppInit
    main.o(i.AppInit) refers to main.o(i.TaskScheduleCb) for TaskScheduleCb
    main.o(i.DrvInit) refers to delay.o(i.DelayInit) for DelayInit
    main.o(i.DrvInit) refers to led_drv.o(i.LedDrvInit) for LedDrvInit
    main.o(i.DrvInit) refers to key_drv.o(i.KeyDrvInit) for KeyDrvInit
    main.o(i.DrvInit) refers to switchinput_drv.o(i.Switchinput_DrvInit) for Switchinput_DrvInit
    main.o(i.DrvInit) refers to rtc_drv.o(i.RtcDrvInit) for RtcDrvInit
    main.o(i.DrvInit) refers to eeprom_drv.o(i.EepromDrvInit) for EepromDrvInit
    main.o(i.DrvInit) refers to norflash_drv.o(i.NorflashDrvInit) for NorflashDrvInit
    main.o(i.DrvInit) refers to lcd12864_drv.o(i.Lcd12864DrvInit) for Lcd12864DrvInit
    main.o(i.DrvInit) refers to timing_drv.o(i.TimingDrvInit) for TimingDrvInit
    main.o(i.DrvInit) refers to surgecs_drv.o(i.SurgeCsDrvInit) for SurgeCsDrvInit
    main.o(i.DrvInit) refers to sensor_drv.o(i.SensorDrvInit) for SensorDrvInit
    main.o(i.TaskHandler) refers to main.o(.data) for g_taskComps
    main.o(i.TaskScheduleCb) refers to main.o(.data) for g_taskComps
    main.o(i.main) refers to stm32f10x_rcc.o(i.RCC_APB2PeriphClockCmd) for RCC_APB2PeriphClockCmd
    main.o(i.main) refers to stm32f10x_gpio.o(i.GPIO_PinRemapConfig) for GPIO_PinRemapConfig
    main.o(i.main) refers to systick_drv.o(i.SysTick_Init) for SysTick_Init
    main.o(i.main) refers to main.o(i.DrvInit) for DrvInit
    main.o(i.main) refers to main.o(i.AppInit) for AppInit
    main.o(i.main) refers to main.o(i.TaskHandler) for TaskHandler
    main.o(.data) refers to modbus_app.o(i.ModbusTask) for ModbusTask
    main.o(.data) refers to hmi_app.o(i.Hmipass_Task) for Hmipass_Task
    main.o(.data) refers to surge_app.o(i.SurgeModuleworkTask) for SurgeModuleworkTask
    main.o(.data) refers to sensor_app.o(i.Sensor_Task) for Sensor_Task
    main.o(.data) refers to switchin_app.o(i.Switchinput_Task) for Switchinput_Task
    main.o(.data) refers to movfail_app.o(i.MovFail_Task) for MovFail_Task
    sensor_app.o(i.Sensor_Task) refers to sensor_drv.o(i.SensorDrvProc) for SensorDrvProc
    store_app.o(i.GetModbusAddrData) refers to store_app.o(.bss) for g_sysParamCurrent
    store_app.o(i.GetModbusBaudData) refers to store_app.o(.bss) for g_sysParamCurrent
    store_app.o(i.InitSysParam) refers to store_app.o(i.ReadSysParam) for ReadSysParam
    store_app.o(i.InitSysParam) refers to surge_app.o(i.SetDisplayNum) for SetDisplayNum
    store_app.o(i.InitSysParam) refers to store_app.o(i.WriteSysParam) for WriteSysParam
    store_app.o(i.InitSysParam) refers to store_app.o(.bss) for g_sysParamCurrent
    store_app.o(i.InitSysParam) refers to store_app.o(.constdata) for g_sysParamDefault
    store_app.o(i.ReadDataWithCheck) refers to eeprom_drv.o(i.ReadEepromData) for ReadEepromData
    store_app.o(i.ReadDataWithCheck) refers to store_app.o(i.CalcCrc8) for CalcCrc8
    store_app.o(i.ReadSysParam) refers to store_app.o(i.ReadDataWithCheck) for ReadDataWithCheck
    store_app.o(i.SetModbusAddrParam) refers to mb.o(i.eMBSetSlaveAddr) for eMBSetSlaveAddr
    store_app.o(i.SetModbusAddrParam) refers to store_app.o(i.WriteSysParam) for WriteSysParam
    store_app.o(i.SetModbusAddrParam) refers to store_app.o(.bss) for g_sysParamCurrent
    store_app.o(i.SetModbusBaudParam) refers to store_app.o(i.WriteSysParam) for WriteSysParam
    store_app.o(i.SetModbusBaudParam) refers to store_app.o(.bss) for g_sysParamCurrent
    store_app.o(i.WriteDataWithCheck) refers to store_app.o(i.CalcCrc8) for CalcCrc8
    store_app.o(i.WriteDataWithCheck) refers to eeprom_drv.o(i.WriteEepromData) for WriteEepromData
    store_app.o(i.WriteSysParam) refers to store_app.o(i.WriteDataWithCheck) for WriteDataWithCheck
    hmi_app.o(i.Display_Lock) refers to stm32f10x_gpio.o(i.GPIO_ResetBits) for GPIO_ResetBits
    hmi_app.o(i.Hmipass_Task) refers to key_drv.o(i.GetKeyVal) for GetKeyVal
    hmi_app.o(i.Hmipass_Task) refers to lcd12864_drv.o(i.clear_screen) for clear_screen
    hmi_app.o(i.Hmipass_Task) refers to hmi_app.o(.data) for func_index
    hmi_app.o(i.Main_Menu_Func) refers to lcd12864_drv.o(i.LCD_Showhanzi) for LCD_Showhanzi
    hmi_app.o(i.Main_Menu_Func) refers to lcd12864_drv.o(i.display_64x32) for display_64x32
    hmi_app.o(i.Main_Menu_Func) refers to picture.o(.constdata) for gImage_Surge
    hmi_app.o(i.Main_UI) refers to lcd12864_drv.o(i.clear_screen) for clear_screen
    hmi_app.o(i.Main_UI) refers to rtc_drv.o(i.GetRtcTime) for GetRtcTime
    hmi_app.o(i.Main_UI) refers to lcd12864_drv.o(i.LCD_ShowIntNum) for LCD_ShowIntNum
[...]
    i.eMBPoll                                0x08004620   Section        0  mb.o(i.eMBPoll)
    i.eMBRTUInit                             0x08004788   Section        0  mbrtu.o(i.eMBRTUInit)
    i.eMBRTUReceive                          0x080047d8   Section        0  mbrtu.o(i.eMBRTUReceive)
    i.eMBRTUSend                             0x0800487c   Section        0  mbrtu.o(i.eMBRTUSend)
    i.eMBRTUStart                            0x08004924   Section        0  mbrtu.o(i.eMBRTUStart)
    i.eMBRTUStop                             0x08004940   Section        0  mbrtu.o(i.eMBRTUStop)
    i.eMBRegDiscreteCB                       0x08004950   Section        0  modbus_slave.o(i.eMBRegDiscreteCB)
    i.eMBRegHoldingCB                        0x08004974   Section        0  modbus_slave.o(i.eMBRegHoldingCB)
    i.eMBSetSlaveAddr                        0x080049b0   Section        0  mb.o(i.eMBSetSlaveAddr)
    i.fputc                                  0x080049cc   Section        0  retarget_io.o(i.fputc)
    i.fputs                                  0x080049ec   Section        0  fputs.o(i.fputs)
    i.get_data_from_ROM                      0x08004a04   Section        0  lcd12864_drv.o(i.get_data_from_ROM)
    get_data_from_ROM                        0x08004a05   Thumb Code    66  lcd12864_drv.o(i.get_data_from_ROM)
    i.get_n_bytes_data_from_ROM              0x08004a4c   Section        0  lcd12864_drv.o(i.get_n_bytes_data_from_ROM)
    i.lcd_address                            0x08004ab8   Section        0  lcd12864_drv.o(i.lcd_address)
    lcd_address                              0x08004ab9   Thumb Code    40  lcd12864_drv.o(i.lcd_address)
    i.main                                   0x08004ae0   Section        0  main.o(i.main)
    i.mypow                                  0x08004b08   Section        0  lcd12864_drv.o(i.mypow)
    i.prveMBError2Exception                  0x08004b1e   Section        0  mbutils.o(i.prveMBError2Exception)
    i.prvvTIMERExpiredISR                    0x08004b40   Section        0  porttimer.o(i.prvvTIMERExpiredISR)
    prvvTIMERExpiredISR                      0x08004b41   Thumb Code    10  porttimer.o(i.prvvTIMERExpiredISR)
    i.prvvUARTRxISR                          0x08004b50   Section        0  portserial.o(i.prvvUARTRxISR)
    prvvUARTRxISR                            0x08004b51   Thumb Code    10  portserial.o(i.prvvUARTRxISR)
    i.prvvUARTTxReadyISR                     0x08004b60   Section        0  portserial.o(i.prvvUARTTxReadyISR)
    prvvUARTTxReadyISR                       0x08004b61   Thumb Code    10  portserial.o(i.prvvUARTTxReadyISR)
    i.send_command_to_ROM                    0x08004b70   Section        0  lcd12864_drv.o(i.send_command_to_ROM)
    i.stderr_putchar                         0x08004bb8   Section        0  retarget_io.o(i.stderr_putchar)
    stderr_putchar                           0x08004bb9   Thumb Code     4  retarget_io.o(i.stderr_putchar)
    i.usMBCRC16                              0x08004bbc   Section        0  mbcrc.o(i.usMBCRC16)
    i.vMBPortSerialEnable                    0x08004bf4   Section        0  portserial.o(i.vMBPortSerialEnable)
    i.vMBPortTimersDisable                   0x08004c64   Section        0  porttimer.o(i.vMBPortTimersDisable)
    i.vMBPortTimersEnable                    0x08004c90   Section        0  porttimer.o(i.vMBPortTimersEnable)
    i.xMBPortEventGet                        0x08004cbc   Section        0  portevent.o(i.xMBPortEventGet)
    i.xMBPortEventInit                       0x08004ce0   Section        0  portevent.o(i.xMBPortEventInit)
    i.xMBPortEventPost                       0x08004cf0   Section        0  portevent.o(i.xMBPortEventPost)
    i.xMBPortSerialGetByte                   0x08004d08   Section        0  portserial.o(i.xMBPortSerialGetByte)
    i.xMBPortSerialInit                      0x08004d20   Section        0  portserial.o(i.xMBPortSerialInit)
    i.xMBPortSerialPutByte                   0x08004d40   Section        0  portserial.o(i.xMBPortSerialPutByte)
    i.xMBPortTimersInit                      0x08004d58   Section        0  porttimer.o(i.xMBPortTimersInit)
    i.xMBRTUReceiveFSM                       0x08004dcc   Section        0  mbrtu.o(i.xMBRTUReceiveFSM)
    i.xMBRTUTimerT35Expired                  0x08004ea4   Section        0  mbrtu.o(i.xMBRTUTimerT35Expired)
    i.xMBRTUTransmitFSM                      0x08004f2c   Section        0  mbrtu.o(i.xMBRTUTransmitFSM)
    .constdata                               0x08004fec   Section       12  store_app.o(.constdata)
    g_sysParamDefault                        0x08004fec   Data          12  store_app.o(.constdata)
    .constdata                               0x08004ff8   Section     1024  picture.o(.constdata)
    .constdata                               0x080053f8   Section       20  modbus_app.o(.constdata)
    .constdata                               0x0800540c   Section      512  mbcrc.o(.constdata)
    aucCRCHi                                 0x0800540c   Data         256  mbcrc.o(.constdata)
    aucCRCLo                                 0x0800550c   Data         256  mbcrc.o(.constdata)
    .constdata                               0x0800560c   Section      200  ntc_drv.o(.constdata)
    g_ntcAdcTable                            0x0800560c   Data         200  ntc_drv.o(.constdata)
    .constdata                               0x080056d4   Section       12  localtime_i.o(.constdata)
    monlen                                   0x080056d4   Data          12  localtime_i.o(.constdata)
    .conststring                             0x080056e0   Section       99  mbrtu.o(.conststring)
    .data                                    0x20000000   Section       72  main.o(.data)
    g_taskComps                              0x20000000   Data          72  main.o(.data)
    .data                                    0x20000048   Section      273  hmi_app.o(.data)
    func_index                               0x20000138   Data           1  hmi_app.o(.data)
    last_index                               0x20000139   Data           1  hmi_app.o(.data)
    current_operation_func                   0x2000013c   Data           4  hmi_app.o(.data)
    LastNum                                  0x2000014a   Data           1  hmi_app.o(.data)
    index                                    0x2000014b   Data           1  hmi_app.o(.data)
    cur_pos                                  0x2000014c   Data           1  hmi_app.o(.data)
    cur_pos                                  0x2000014d   Data           1  hmi_app.o(.data)
    cur_pos                                  0x2000014e   Data           1  hmi_app.o(.data)
    BaudIndex                                0x2000014f   Data           1  hmi_app.o(.data)
    RS485Addr                                0x20000150   Data           1  hmi_app.o(.data)
    RS485Baud                                0x20000154   Data           4  hmi_app.o(.data)
    cur_pos                                  0x20000158   Data           1  hmi_app.o(.data)
    .data                                    0x20000159   Section        1  surge_app.o(.data)
    Num                                      0x20000159   Data           1  surge_app.o(.data)
    .data                                    0x2000015a   Section        2  switchin_app.o(.data)
    flag                                     0x2000015a   Data           2  switchin_app.o(.data)
    .data                                    0x20000160   Section       21  movfail_app.o(.data)
    PCT                                      0x20000173   Data           1  movfail_app.o(.data)
    flag                                     0x20000174   Data           1  movfail_app.o(.data)
    .data                                    0x20000178   Section      140  modbus_app.o(.data)
    g_regInstanceTab                         0x20000178   Data         128  modbus_app.o(.data)
    g_regdiscreteInstanceTab                 0x200001f8   Data           8  modbus_app.o(.data)
    Time_Stamp                               0x20000200   Data           4  modbus_app.o(.data)
    .data                                    0x20000204   Section      185  mb.o(.data)
    ucMBAddress                              0x20000204   Data           1  mb.o(.data)
    eMBCurrentMode                           0x20000205   Data           1  mb.o(.data)
    eMBState                                 0x20000206   Data           1  mb.o(.data)
    peMBFrameSendCur                         0x20000208   Data           4  mb.o(.data)
    pvMBFrameStartCur                        0x2000020c   Data           4  mb.o(.data)
    pvMBFrameStopCur                         0x20000210   Data           4  mb.o(.data)
    peMBFrameReceiveCur                      0x20000214   Data           4  mb.o(.data)
    pvMBFrameCloseCur                        0x20000218   Data           4  mb.o(.data)
    xFuncHandlers                            0x20000230   Data         128  mb.o(.data)
    CustomFuncHandler                        0x200002b0   Data           4  mb.o(.data)
    ucMBFrame                                0x200002b4   Data           4  mb.o(.data)
    ucRcvAddress                             0x200002b8   Data           1  mb.o(.data)
    ucFunctionCode                           0x200002b9   Data           1  mb.o(.data)
    usLength                                 0x200002ba   Data           2  mb.o(.data)
    eException                               0x200002bc   Data           1  mb.o(.data)
    .data                                    0x200002c0   Section       12  mbrtu.o(.data)
    eSndState                                0x200002c0   Data           1  mbrtu.o(.data)
    eRcvState                                0x200002c1   Data           1  mbrtu.o(.data)
    pucSndBufferCur                          0x200002c4   Data           4  mbrtu.o(.data)
    usSndBufferCount                         0x200002c8   Data           2  mbrtu.o(.data)
    usRcvBufferPos                           0x200002ca   Data           2  mbrtu.o(.data)
    .data                                    0x200002d0   Section       12  systick_drv.o(.data)
    g_sysRunTime                             0x200002d0   Data           8  systick_drv.o(.data)
    g_pTaskScheduleFunc                      0x200002d8   Data           4  systick_drv.o(.data)
    .data                                    0x200002dc   Section       36  led_drv.o(.data)
    g_gpioList                               0x200002dc   Data          36  led_drv.o(.data)
    .data                                    0x20000300   Section        8  ntc_drv.o(.data)
    g_tempData                               0x20000300   Data           4  ntc_drv.o(.data)
    s_index                                  0x20000304   Data           2  ntc_drv.o(.data)
    s_convertNum                             0x20000306   Data           2  ntc_drv.o(.data)
    .data                                    0x20000308   Section       48  key_drv.o(.data)
    g_gpioList                               0x20000308   Data          48  key_drv.o(.data)
    .data                                    0x20000338   Section        1  timing_drv.o(.data)
    .data                                    0x2000033c   Section        4  lcd12864_drv.o(.data)
    .data                                    0x20000340   Section       40  surgecs_drv.o(.data)
    g_recvDataLen                            0x20000340   Data           2  surgecs_drv.o(.data)
    g_uartHwInfo                             0x20000344   Data          36  surgecs_drv.o(.data)
    .data                                    0x20000368   Section       26  switchinput_drv.o(.data)
    g_gpioList                               0x20000368   Data          24  switchinput_drv.o(.data)
    res                                      0x20000380   Data           2  switchinput_drv.o(.data)
    .data                                    0x20000382   Section        2  portevent.o(.data)
    eQueuedEvent                             0x20000382   Data           1  portevent.o(.data)
    xEventInQueue                            0x20000383   Data           1  portevent.o(.data)
    .data                                    0x20000384   Section       20  portserial.o(.data)
    g_uartHwInfo                             0x20000384   Data          20  portserial.o(.data)
    .data                                    0x20000398   Section       20  stm32f10x_rcc.o(.data)
    APBAHBPrescTable                         0x20000398   Data          16  stm32f10x_rcc.o(.data)
    ADCPrescTable                            0x200003a8   Data           4  stm32f10x_rcc.o(.data)
    .data                                    0x200003ac   Section       20  system_stm32f10x.o(.data)
    .data                                    0x200003c0   Section        4  stderr.o(.data)
    .bss                                     0x200003c4   Section       12  store_app.o(.bss)
    g_sysParamCurrent                        0x200003c4   Data          12  store_app.o(.bss)
    .bss                                     0x200003d0   Section       40  hmi_app.o(.bss)
    bufferRead                               0x200003d0   Data          20  hmi_app.o(.bss)
    bufferRead                               0x200003e4   Data          20  hmi_app.o(.bss)
    .bss                                     0x200003f8   Section       12  surge_app.o(.bss)
    g_SurgeParamCurrent                      0x200003f8   Data          12  surge_app.o(.bss)
    .bss                                     0x20000404   Section       16  switchin_app.o(.bss)
    RtcTime                                  0x20000404   Data          16  switchin_app.o(.bss)
    .bss                                     0x20000414   Section       31  modbus_app.o(.bss)
    bufferRead                               0x20000414   Data          11  modbus_app.o(.bss)
    bufferSend                               0x2000041f   Data          20  modbus_app.o(.bss)
    .bss                                     0x20000433   Section      256  mbrtu.o(.bss)
    .bss                                     0x20000534   Section       12  modbus_slave.o(.bss)
    g_modbusFuncCb                           0x20000534   Data          12  modbus_slave.o(.bss)
    .bss                                     0x20000540   Section       20  ntc_drv.o(.bss)
    g_temp10MplBuf                           0x20000540   Data          20  ntc_drv.o(.bss)
    .bss                                     0x20000558   Section       64  key_drv.o(.bss)
    g_keyInfo                                0x20000558   Data          64  key_drv.o(.bss)
    .bss                                     0x20000598   Section       30  surgecs_drv.o(.bss)
    g_recvDataBuf                            0x20000598   Data          30  surgecs_drv.o(.bss)
    .bss                                     0x200005b8   Section       44  localtime_w.o(.bss)
    _tms                                     0x200005b8   Data          44  localtime_w.o(.bss)
    STACK                                    0x200005e8   Section    12288  startup_stm32f10x_hd.o(STACK)

    Global Symbols

    Symbol Name                              Value     Ov Type        Size  Object(Section)

    BuildAttributes$$THM_ISAv4$P$D$K$B$S$PE$A:L22UL41UL21$X:L11$S22US41US21$IEEE1$IW$USESV6$~STKCKD$USESV7$~SHL$OTIME$ROPI$EBA8$MICROLIB$REQ8$PRES8$EABIv2 0x00000000   Number         0  anon$$obj.o ABSOLUTE
    __ARM_use_no_argv                        0x00000000   Number         0  main.o ABSOLUTE
    __cpp_initialize__aeabi_                  - Undefined Weak Reference
    __cxa_finalize                            - Undefined Weak Reference
    _clock_init                               - Undefined Weak Reference
    _microlib_exit                            - Undefined Weak Reference
    __Vectors_Size                           0x00000130   Number         0  startup_stm32f10x_hd.o ABSOLUTE
    __Vectors                                0x08000000   Data           4  startup_stm32f10x_hd.o(RESET)
    __Vectors_End                            0x08000130   Data           0  startup_stm32f10x_hd.o(RESET)
    __main                                   0x08000131   Thumb Code     0  entry.o(.ARM.Collect$$$$00000000)
    _main_stk                                0x08000131   Thumb Code     0  entry2.o(.ARM.Collect$$$$00000001)
    _main_scatterload                        0x08000135   Thumb Code     0  entry5.o(.ARM.Collect$$$$00000004)
    __main_after_scatterload                 0x08000139   Thumb Code     0  entry5.o(.ARM.Collect$$$$00000004)
    _main_clock                              0x08000139   Thumb Code     0  entry7b.o(.ARM.Collect$$$$00000008)
    _main_cpp_init                           0x08000139   Thumb Code     0  entry8b.o(.ARM.Collect$$$$0000000A)
    _main_init                               0x08000139   Thumb Code     0  entry9a.o(.ARM.Collect$$$$0000000B)
    __rt_final_cpp                           0x08000141   Thumb Code     0  entry10a.o(.ARM.Collect$$$$0000000D)
    __rt_final_exit                          0x08000141   Thumb Code     0  entry11a.o(.ARM.Collect$$$$0000000F)
    Reset_Handler                            0x08000145   Thumb Code     8  startup_stm32f10x_hd.o(.text)
    ADC1_2_IRQHandler                        0x0800015f   Thumb Code     0  startup_stm32f10x_hd.o(.text)
    ADC3_IRQHandler                          0x0800015f   Thumb Code     0  startup_stm32f10x_hd.o(.text)
    CAN1_RX1_IRQHandler                      0x0800015f   Thumb Code     0  startup_stm32f10x_hd.o(.text)
    CAN1_SCE_IRQHandler                      0x0800015f   Thumb Code     0  startup_stm32f10x_hd.o(.text)
    DMA1_Channel1_IRQHandler                 0x0800015f   Thumb Code     0  startup_stm32f10x_hd.o(.text)
    DMA1_Channel2_IRQHandler                 0x0800015f   Thumb Code     0  startup_stm32f10x_hd.o(.text)
    DMA1_Channel3_IRQHandler                 0x0800015f   Thumb Code     0  startup_stm32f10x_hd.o(.text)
    DMA1_Channel4_IRQHandler                 0x0800015f   Thumb Code     0  startup_stm32f10x_hd.o(.text)
    DMA1_Channel5_IRQHandler                 0x0800015f   Thumb Code     0  startup_stm32f10x_hd.o(.text)
    DMA1_Channel6_IRQHandler                 0x0800015f   Thumb Code     0  startup_stm32f10x_hd.o(.text)
    DMA1_Channel7_IRQHandler                 0x0800015f   Thumb Code     0  startup_stm32f10x_hd.o(.text)
    DMA2_Channel1_IRQHandler                 0x0800015f   Thumb Code     0  startup_stm32f10x_hd.o(.text)
    DMA2_Channel2_IRQHandler                 0x0800015f   Thumb Code     0  startup_stm32f10x_hd.o(.text)
    DMA2_Channel3_IRQHandler                 0x0800015f   Thumb Code     0  startup_stm32f10x_hd.o(.text)
    DMA2_Channel4_5_IRQHandler               0x0800015f   Thumb Code     0  startup_stm32f10x_hd.o(.text)
    EXTI0_IRQHandler                         0x0800015f   Thumb Code     0  startup_stm32f10x_hd.o(.text)
    EXTI15_10_IRQHandler                     0x0800015f   Thumb Code     0  startup_stm32f10x_hd.o(.text)
    EXTI1_IRQHandler                         0x0800015f   Thumb Code     0  startup_stm32f10x_hd.o(.text)
    EXTI2_IRQHandler                         0x0800015f   Thumb Code     0  startup_stm32f10x_hd.o(.text)
    EXTI3_IRQHandler                         0x0800015f   Thumb Code     0  startup_stm32f10x_hd.o(.text)
    EXTI4_IRQHandler                         0x0800015f   Thumb Code     0  startup_stm32f10x_hd.o(.text)
    EXTI9_5_IRQHandler                       0x0800015f   Thumb Code     0  startup_stm32f10x_hd.o(.text)
    FLASH_IRQHandler                         0x0800015f   Thumb Code     0  startup_stm32f10x_hd.o(.text)
    FSMC_IRQHandler                          0x0800015f   Thumb Code     0  startup_stm32f10x_hd.o(.text)
    I2C1_ER_IRQHandler                       0x0800015f   Thumb Code     0  startup_stm32f10x_hd.o(.text)
    I2C1_EV_IRQHandler                       0x0800015f   Thumb Code     0  startup_stm32f10x_hd.o(.text)
    I2C2_ER_IRQHandler                       0x0800015f   Thumb Code     0  startup_stm32f10x_hd.o(.text)
    I2C2_EV_IRQHandler                       0x0800015f   Thumb Code     0  startup_stm32f10x_hd.o(.text)
    RCC_IRQHandler                           0x0800015f   Thumb Code     0  startup_stm32f10x_hd.o(.text)
    RTCAlarm_IRQHandler                      0x0800015f   Thumb Code     0  startup_stm32f10x_hd.o(.text)
    RTC_IRQHandler                           0x0800015f   Thumb Code     0  startup_stm32f10x_hd.o(.text)
    SDIO_IRQHandler                          0x0800015f   Thumb Code     0  startup_stm32f10x_hd.o(.text)
    SPI1_IRQHandler                          0x0800015f   Thumb Code     0  startup_stm32f10x_hd.o(.text)
    SPI2_IRQHandler                          0x0800015f   Thumb Code     0  startup_stm32f10x_hd.o(.text)
    SPI3_IRQHandler                          0x0800015f   Thumb Code     0  startup_stm32f10x_hd.o(.text)
    TAMPER_IRQHandler                        0x0800015f   Thumb Code     0  startup_stm32f10x_hd.o(.text)
    TIM1_BRK_IRQHandler                      0x0800015f   Thumb Code     0  startup_stm32f10x_hd.o(.text)
    TIM1_CC_IRQHandler                       0x0800015f   Thumb Code     0  startup_stm32f10x_hd.o(.text)
    TIM1_TRG_COM_IRQHandler                  0x0800015f   Thumb Code     0  startup_stm32f10x_hd.o(.text)
    TIM1_UP_IRQHandler                       0x0800015f   Thumb Code     0  startup_stm32f10x_hd.o(.text)
    TIM3_IRQHandler                          0x0800015f   Thumb Code     0  startup_stm32f10x_hd.o(.text)
    TIM4_IRQHandler                          0x0800015f   Thumb Code     0  startup_stm32f10x_hd.o(.text)
    TIM6_IRQHandler                          0x0800015f   Thumb Code     0  startup_stm32f10x_hd.o(.text)
    TIM7_IRQHandler                          0x0800015f   Thumb Code     0  startup_stm32f10x_hd.o(.text)
    TIM8_BRK_IRQHandler                      0x0800015f   Thumb Code     0  startup_stm32f10x_hd.o(.text)
    TIM8_CC_IRQHandler                       0x0800015f   Thumb Code     0  startup_stm32f10x_hd.o(.text)
    TIM8_TRG_COM_IRQHandler                  0x0800015f   Thumb Code     0  startup_stm32f10x_hd.o(.text)
    TIM8_UP_IRQHandler                       0x0800015f   Thumb Code     0  startup_stm32f10x_hd.o(.text)
    UART4_IRQHandler                         0x0800015f   Thumb Code     0  startup_stm32f10x_hd.o(.text)
    UART5_IRQHandler                         0x0800015f   Thumb Code     0  startup_stm32f10x_hd.o(.text)
    USART3_IRQHandler                        0x0800015f   Thumb Code     0  startup_stm32f10x_hd.o(.text)
    USBWakeUp_IRQHandler                     0x0800015f   Thumb Code     0  startup_stm32f10x_hd.o(.text)
    USB_HP_CAN1_TX_IRQHandler                0x0800015f   Thumb Code     0  startup_stm32f10x_hd.o(.text)
    USB_LP_CAN1_RX0_IRQHandler               0x0800015f   Thumb Code     0  startup_stm32f10x_hd.o(.text)
    WWDG_IRQHandler                          0x0800015f   Thumb Code     0  startup_stm32f10x_hd.o(.text)
    __aeabi_uldivmod                         0x08000169   Thumb Code    98  uldiv.o(.text)
    qsort                                    0x080001cb   Thumb Code   156  qsort.o(.text)
    __aeabi_memcpy                           0x08000267   Thumb Code    36  memcpya.o(.text)
    __aeabi_memcpy4                          0x08000267   Thumb Code     0  memcpya.o(.text)
    __aeabi_memcpy8                          0x08000267   Thumb Code     0  memcpya.o(.text)
    __aeabi_memset                           0x0800028b   Thumb Code    14  memseta.o(.text)
    __aeabi_memset4                          0x0800028b   Thumb Code     0  memseta.o(.text)
    __aeabi_memset8                          0x0800028b   Thumb Code     0  memseta.o(.text)
    __aeabi_memclr                           0x08000299   Thumb Code     4  memseta.o(.text)
    __aeabi_memclr4                          0x08000299   Thumb Code     0  memseta.o(.text)
    __aeabi_memclr8                          0x08000299   Thumb Code     0  memseta.o(.text)
    _memset$wrapper                          0x0800029d   Thumb Code    18  memseta.o(.text)
    __aeabi_fmul                             0x080002af   Thumb Code   100  fmul.o(.text)
    __aeabi_fdiv                             0x08000313   Thumb Code   124  fdiv.o(.text)
    __aeabi_i2f                              0x0800038f   Thumb Code    18  fflti.o(.text)
    __aeabi_ui2f                             0x080003a1   Thumb Code    10  ffltui.o(.text)
    __aeabi_f2uiz                            0x080003ab   Thumb Code    40  ffixui.o(.text)
    __aeabi_f2d                              0x080003d3   Thumb Code    38  f2d.o(.text)
    __aeabi_cdrcmple                         0x080003f9   Thumb Code    48  cdrcmple.o(.text)
    __aeabi_cfcmpeq                          0x08000429   Thumb Code     0  cfcmple.o(.text)
    __aeabi_cfcmple                          0x08000429   Thumb Code    20  cfcmple.o(.text)
    __aeabi_cfrcmple                         0x0800043d   Thumb Code    20  cfrcmple.o(.text)
    __aeabi_llsl                             0x08000451   Thumb Code    30  llshl.o(.text)
    _ll_shift_l                              0x08000451   Thumb Code     0  llshl.o(.text)
    __aeabi_llsr                             0x0800046f   Thumb Code    32  llushr.o(.text)
    _ll_ushift_r                             0x0800046f   Thumb Code     0  llushr.o(.text)
    localtime                                0x08000491   Thumb Code     6  localtime_w.o(.text)
    _localtime                               0x0800049d   Thumb Code   134  localtime_i.o(.text)
    __I$use$fp                               0x08000529   Thumb Code     0  iusefp.o(.text)
    _float_round                             0x08000529   Thumb Code    18  fepilogue.o(.text)
    _float_epilogue                          0x0800053b   Thumb Code    92  fepilogue.o(.text)
    __scatterload                            0x08000599   Thumb Code    28  init.o(.text)
    __scatterload_rt2                        0x08000599   Thumb Code     0  init.o(.text)
    __decompress                             0x080005bd   Thumb Code     0  __dczerorl2.o(.text)
    __decompress1                            0x080005bd   Thumb Code    86  __dczerorl2.o(.text)
    ADC_Cmd                                  0x08000613   Thumb Code    22  stm32f10x_adc.o(i.ADC_Cmd)
    ADC_DeInit                               0x08000629   Thumb Code    78  stm32f10x_adc.o(i.ADC_DeInit)
    ADC_GetCalibrationStatus                 0x08000685   Thumb Code    20  stm32f10x_adc.o(i.ADC_GetCalibrationStatus)
    ADC_GetConversionValue                   0x08000699   Thumb Code     8  stm32f10x_adc.o(i.ADC_GetConversionValue)
    ADC_GetFlagStatus                        0x080006a1   Thumb Code    18  stm32f10x_adc.o(i.ADC_GetFlagStatus)
    ADC_GetResetCalibrationStatus            0x080006b3   Thumb Code    20  stm32f10x_adc.o(i.ADC_GetResetCalibrationStatus)
    ADC_Init                                 0x080006c9   Thumb Code    70  stm32f10x_adc.o(i.ADC_Init)
    ADC_RegularChannelConfig                 0x08000719   Thumb Code   184  stm32f10x_adc.o(i.ADC_RegularChannelConfig)
    ADC_ResetCalibration                     0x080007d1   Thumb Code    10  stm32f10x_adc.o(i.ADC_ResetCalibration)
    ADC_SoftwareStartConvCmd                 0x080007db   Thumb Code    22  stm32f10x_adc.o(i.ADC_SoftwareStartConvCmd)
    ADC_StartCalibration                     0x080007f1   Thumb Code    10  stm32f10x_adc.o(i.ADC_StartCalibration)
    BKP_DeInit                               0x08000907   Thumb Code    16  stm32f10x_bkp.o(i.BKP_DeInit)
    BKP_ReadBackupRegister                   0x08000919   Thumb Code    24  stm32f10x_bkp.o(i.BKP_ReadBackupRegister)
    BKP_WriteBackupRegister                  0x08000935   Thumb Code    22  stm32f10x_bkp.o(i.BKP_WriteBackupRegister)
    BusFault_Handler                         0x08000951   Thumb Code     4  stm32f10x_it.o(i.BusFault_Handler)
    CustomFuncHandlerCbReg                   0x08000a55   Thumb Code     6  mb.o(i.CustomFuncHandlerCbReg)
    DMA_Cmd                                  0x08000a61   Thumb Code    24  stm32f10x_dma.o(i.DMA_Cmd)
    DMA_DeInit                               0x08000a79   Thumb Code   324  stm32f10x_dma.o(i.DMA_DeInit)
    DMA_GetCurrDataCounter                   0x08000bc5   Thumb Code     8  stm32f10x_dma.o(i.DMA_GetCurrDataCounter)
    DMA_Init                                 0x08000bcd   Thumb Code    60  stm32f10x_dma.o(i.DMA_Init)
    DMA_SetCurrDataCounter                   0x08000c09   Thumb Code     4  stm32f10x_dma.o(i.DMA_SetCurrDataCounter)
    DebugMon_Handler                         0x08000c0d   Thumb Code     2  stm32f10x_it.o(i.DebugMon_Handler)
    DelayInit                                0x08000c11   Thumb Code    30  delay.o(i.DelayInit)
    DelayNms                                 0x08000c39   Thumb Code    24  delay.o(i.DelayNms)
    DelayNus                                 0x08000c51   Thumb Code    54  delay.o(i.DelayNus)
    EepromDrvInit                            0x08000d15   Thumb Code     8  eeprom_drv.o(i.EepromDrvInit)
    EraseNorflashForWrite                    0x08000d5b   Thumb Code    92  norflash_drv.o(i.EraseNorflashForWrite)
    GPIO_Init                                0x08000ded   Thumb Code   278  stm32f10x_gpio.o(i.GPIO_Init)
    GPIO_PinRemapConfig                      0x08000f05   Thumb Code   138  stm32f10x_gpio.o(i.GPIO_PinRemapConfig)
    GPIO_ReadInputDataBit                    0x08000f95   Thumb Code    18  stm32f10x_gpio.o(i.GPIO_ReadInputDataBit)
    GPIO_ResetBits                           0x08000fa7   Thumb Code     4  stm32f10x_gpio.o(i.GPIO_ResetBits)
    GPIO_SetBits                             0x08000fab   Thumb Code     4  stm32f10x_gpio.o(i.GPIO_SetBits)
    GPIO_WriteBit                            0x08000faf   Thumb Code    10  stm32f10x_gpio.o(i.GPIO_WriteBit)
    GetKeyVal                                0x08000fd5   Thumb Code    34  key_drv.o(i.GetKeyVal)
    GetModbusAddrData                        0x080010d1   Thumb Code     6  store_app.o(i.GetModbusAddrData)
    GetModbusBaudData                        0x080010dd   Thumb Code     6  store_app.o(i.GetModbusBaudData)
    GetRtcTime                               0x080010e9   Thumb Code    54  rtc_drv.o(i.GetRtcTime)
    GetSPD_PCT                               0x08001121   Thumb Code     6  movfail_app.o(i.GetSPD_PCT)
    GetSPD_State                             0x0800112d   Thumb Code     6  movfail_app.o(i.GetSPD_State)
    GetSensorData                            0x08001139   Thumb Code    12  sensor_drv.o(i.GetSensorData)
    GetSurgeNum                              0x08001145   Thumb Code     6  surge_app.o(i.GetSurgeNum)
    GetSwitchinputStatus                     0x08001151   Thumb Code    60  switchinput_drv.o(i.GetSwitchinputStatus)
    GetSysRunTime                            0x08001195   Thumb Code     8  systick_drv.o(i.GetSysRunTime)
    GetTempData                              0x080011a1   Thumb Code     6  ntc_drv.o(i.GetTempData)
    HardFault_Handler                        0x0800127d   Thumb Code     4  stm32f10x_it.o(i.HardFault_Handler)
    Hmipass_Task                             0x08001281   Thumb Code   170  hmi_app.o(i.Hmipass_Task)
    I2CSendAck                               0x08001395   Thumb Code    62  eeprom_drv.o(i.I2CSendAck)
    I2CSendNack                              0x08001435   Thumb Code    52  eeprom_drv.o(i.I2CSendNack)
    InitSysParam                             0x08001541   Thumb Code    62  store_app.o(i.InitSysParam)
    KeyDrvInit                               0x08001589   Thumb Code    78  key_drv.o(i.KeyDrvInit)
    LCD_ShowFloatNum                         0x08001799   Thumb Code   156  lcd12864_drv.o(i.LCD_ShowFloatNum)
    LCD_ShowIntNum                           0x0800183d   Thumb Code   146  lcd12864_drv.o(i.LCD_ShowIntNum)
    LCD_Showhanzi                            0x080018cf   Thumb Code    30  lcd12864_drv.o(i.LCD_Showhanzi)
    Lcd12864DrvInit                          0x080019b1   Thumb Code   144  lcd12864_drv.o(i.Lcd12864DrvInit)
    LedDrvInit                               0x08001a49   Thumb Code   108  led_drv.o(i.LedDrvInit)
    MemManage_Handler                        0x08001d59   Thumb Code     4  stm32f10x_it.o(i.MemManage_Handler)
    ModbusAppInit                            0x08001d5d   Thumb Code    44  modbus_app.o(i.ModbusAppInit)
    ModbusSlaveInit                          0x08001ec9   Thumb Code    34  modbus_slave.o(i.ModbusSlaveInit)
    ModbusTask                               0x08001ef1   Thumb Code     8  modbus_app.o(i.ModbusTask)
    MovFail_Task                             0x08001ef9   Thumb Code    36  movfail_app.o(i.MovFail_Task)
    NMI_Handler                              0x08001f25   Thumb Code     2  stm32f10x_it.o(i.NMI_Handler)
    NVIC_Init                                0x08001f29   Thumb Code   100  misc.o(i.NVIC_Init)
    NVIC_PriorityGroupConfig                 0x08001f99   Thumb Code    10  misc.o(i.NVIC_PriorityGroupConfig)
    NorflashDrvInit                          0x08001fad   Thumb Code     8  norflash_drv.o(i.NorflashDrvInit)
    PVD_IRQHandler                           0x08001fb5   Thumb Code     2  stm32f10x_it.o(i.PVD_IRQHandler)
    PWR_BackupAccessCmd                      0x08001fb9   Thumb Code     6  stm32f10x_pwr.o(i.PWR_BackupAccessCmd)
    PendSV_Handler                           0x08001fc5   Thumb Code     2  stm32f10x_it.o(i.PendSV_Handler)
    PushDataToBuf                            0x08002011   Thumb Code    40  ntc_drv.o(i.PushDataToBuf)
    RCC_ADCCLKConfig                         0x08002041   Thumb Code    18  stm32f10x_rcc.o(i.RCC_ADCCLKConfig)
    RCC_AHBPeriphClockCmd                    0x08002059   Thumb Code    26  stm32f10x_rcc.o(i.RCC_AHBPeriphClockCmd)
    RCC_APB1PeriphClockCmd                   0x08002079   Thumb Code    26  stm32f10x_rcc.o(i.RCC_APB1PeriphClockCmd)
    RCC_APB1PeriphResetCmd                   0x08002099   Thumb Code    26  stm32f10x_rcc.o(i.RCC_APB1PeriphResetCmd)
    RCC_APB2PeriphClockCmd                   0x080020b9   Thumb Code    26  stm32f10x_rcc.o(i.RCC_APB2PeriphClockCmd)
    RCC_APB2PeriphResetCmd                   0x080020d9   Thumb Code    26  stm32f10x_rcc.o(i.RCC_APB2PeriphResetCmd)
    RCC_BackupResetCmd                       0x080020f9   Thumb Code     6  stm32f10x_rcc.o(i.RCC_BackupResetCmd)
    RCC_GetClocksFreq                        0x08002105   Thumb Code   192  stm32f10x_rcc.o(i.RCC_GetClocksFreq)
    RCC_GetFlagStatus                        0x080021d9   Thumb Code    56  stm32f10x_rcc.o(i.RCC_GetFlagStatus)
    RCC_LSEConfig                            0x08002215   Thumb Code    46  stm32f10x_rcc.o(i.RCC_LSEConfig)
    RCC_RTCCLKCmd                            0x08002249   Thumb Code     6  stm32f10x_rcc.o(i.RCC_RTCCLKCmd)
    RCC_RTCCLKConfig                         0x08002255   Thumb Code    12  stm32f10x_rcc.o(i.RCC_RTCCLKConfig)
    RTC_EnterConfigMode                      0x08002265   Thumb Code    14  stm32f10x_rtc.o(i.RTC_EnterConfigMode)
    RTC_ExitConfigMode                       0x08002279   Thumb Code    16  stm32f10x_rtc.o(i.RTC_ExitConfigMode)
    RTC_GetCounter                           0x0800228d   Thumb Code    16  stm32f10x_rtc.o(i.RTC_GetCounter)
    RTC_SetCounter                           0x080022a1   Thumb Code    24  stm32f10x_rtc.o(i.RTC_SetCounter)
    RTC_SetPrescaler                         0x080022bd   Thumb Code    26  stm32f10x_rtc.o(i.RTC_SetPrescaler)
    RTC_WaitForLastTask                      0x080022dd   Thumb Code    16  stm32f10x_rtc.o(i.RTC_WaitForLastTask)
    RTC_WaitForSynchro                       0x080022f1   Thumb Code    30  stm32f10x_rtc.o(i.RTC_WaitForSynchro)
    ReadEepromData                           0x08002399   Thumb Code   126  eeprom_drv.o(i.ReadEepromData)
    ReadNorflashData                         0x08002417   Thumb Code    68  norflash_drv.o(i.ReadNorflashData)
    ReadSysParam                             0x080024c9   Thumb Code    42  store_app.o(i.ReadSysParam)
    RecvStr                                  0x08002605   Thumb Code     4  surge_app.o(i.RecvStr)
    RecvSurgeModuleStr                       0x0800260d   Thumb Code     4  surgecs_drv.o(i.RecvSurgeModuleStr)
    RtcDrvInit                               0x08002615   Thumb Code   184  rtc_drv.o(i.RtcDrvInit)
    SVC_Handler                              0x08002779   Thumb Code     2  stm32f10x_it.o(i.SVC_Handler)
    SensorDrvInit                            0x0800277b   Thumb Code     8  sensor_drv.o(i.SensorDrvInit)
    SensorDrvProc                            0x08002783   Thumb Code     8  sensor_drv.o(i.SensorDrvProc)
    Sensor_Task                              0x0800278b   Thumb Code     8  sensor_app.o(i.Sensor_Task)
    SetDisplayNum                            0x08002795   Thumb Code     6  surge_app.o(i.SetDisplayNum)
    SetModbusAddrParam                       0x080027a1   Thumb Code    78  store_app.o(i.SetModbusAddrParam)
    SetModbusBaudParam                       0x080027f5   Thumb Code    56  store_app.o(i.SetModbusBaudParam)
    SurgeCsDrvInit                           0x08002b95   Thumb Code    20  surgecs_drv.o(i.SurgeCsDrvInit)
    SurgeModuleworkTask                      0x08002e71   Thumb Code     8  surge_app.o(i.SurgeModuleworkTask)
    Switchinput_DrvInit                      0x08002fad   Thumb Code    78  switchinput_drv.o(i.Switchinput_DrvInit)
    Switchinput_Task                         0x08003001   Thumb Code     8  switchin_app.o(i.Switchinput_Task)
    SysTick_Handler                          0x08003009   Thumb Code    38  systick_drv.o(i.SysTick_Handler)
    SysTick_Init                             0x08003039   Thumb Code    92  systick_drv.o(i.SysTick_Init)
    SystemInit                               0x080030a1   Thumb Code    78  system_stm32f10x.o(i.SystemInit)
    TIM2_IRQHandler                          0x08003101   Thumb Code    50  timing_drv.o(i.TIM2_IRQHandler)
    TIM5_IRQHandler                          0x08003139   Thumb Code    34  porttimer.o(i.TIM5_IRQHandler)
    TIM_ClearFlag                            0x08003161   Thumb Code     6  stm32f10x_tim.o(i.TIM_ClearFlag)
    TIM_ClearITPendingBit                    0x08003167   Thumb Code     6  stm32f10x_tim.o(i.TIM_ClearITPendingBit)
    TIM_Cmd                                  0x0800316d   Thumb Code    24  stm32f10x_tim.o(i.TIM_Cmd)
    TIM_DeInit                               0x08003185   Thumb Code   424  stm32f10x_tim.o(i.TIM_DeInit)
    TIM_GetITStatus                          0x0800336d   Thumb Code    34  stm32f10x_tim.o(i.TIM_GetITStatus)
    TIM_ITConfig                             0x0800338f   Thumb Code    18  stm32f10x_tim.o(i.TIM_ITConfig)
    TIM_SetCounter                           0x080033a1   Thumb Code     4  stm32f10x_tim.o(i.TIM_SetCounter)
    TIM_TimeBaseInit                         0x080033a5   Thumb Code   122  stm32f10x_tim.o(i.TIM_TimeBaseInit)
    TaskScheduleCbReg                        0x080034e9   Thumb Code     6  systick_drv.o(i.TaskScheduleCbReg)
    TempDrvInit                              0x080034f5   Thumb Code    12  ntc_drv.o(i.TempDrvInit)
    TempSensorProc                           0x08003501   Thumb Code   112  ntc_drv.o(i.TempSensorProc)
    TimingDrvInit                            0x080035f3   Thumb Code    12  timing_drv.o(i.TimingDrvInit)
    ToggleLed                                0x08003601   Thumb Code    80  led_drv.o(i.ToggleLed)
    TurnOffLed                               0x08003655   Thumb Code    42  led_drv.o(i.TurnOffLed)
    TurnOnLed                                0x08003685   Thumb Code    42  led_drv.o(i.TurnOnLed)
    USART1_IRQHandler                        0x080036b5   Thumb Code    64  portserial.o(i.USART1_IRQHandler)
    USART2_IRQHandler                        0x080036f9   Thumb Code    82  surgecs_drv.o(i.USART2_IRQHandler)
    USART_ClearFlag                          0x08003759   Thumb Code    18  stm32f10x_usart.o(i.USART_ClearFlag)
    USART_ClearITPendingBit                  0x0800376b   Thumb Code    30  stm32f10x_usart.o(i.USART_ClearITPendingBit)
    USART_Cmd                                0x08003789   Thumb Code    24  stm32f10x_usart.o(i.USART_Cmd)
    USART_DMACmd                             0x080037a1   Thumb Code    18  stm32f10x_usart.o(i.USART_DMACmd)
    USART_DeInit                             0x080037b5   Thumb Code   134  stm32f10x_usart.o(i.USART_DeInit)
    USART_GetFlagStatus                      0x08003851   Thumb Code    26  stm32f10x_usart.o(i.USART_GetFlagStatus)
    USART_GetITStatus                        0x0800386b   Thumb Code    84  stm32f10x_usart.o(i.USART_GetITStatus)
    USART_ITConfig                           0x080038bf   Thumb Code    74  stm32f10x_usart.o(i.USART_ITConfig)
    USART_Init                               0x08003909   Thumb Code   210  stm32f10x_usart.o(i.USART_Init)
    USART_ReceiveData                        0x080039e1   Thumb Code    10  stm32f10x_usart.o(i.USART_ReceiveData)
    USART_SendData                           0x080039eb   Thumb Code     8  stm32f10x_usart.o(i.USART_SendData)
    UsageFault_Handler                       0x08003a65   Thumb Code     4  stm32f10x_it.o(i.UsageFault_Handler)
    WriteEepromData                          0x08003bfd   Thumb Code   150  eeprom_drv.o(i.WriteEepromData)
    WriteNorflashData                        0x08003c93   Thumb Code   120  norflash_drv.o(i.WriteNorflashData)
    WriteSysParam                            0x08003d99   Thumb Code    44  store_app.o(i.WriteSysParam)
    __aeabi_assert                           0x08003ff1   Thumb Code   110  retarget_io.o(i.__aeabi_assert)
    __scatterload_copy                       0x0800408d   Thumb Code    14  handlers.o(i.__scatterload_copy)
    __scatterload_null                       0x0800409b   Thumb Code     2  handlers.o(i.__scatterload_null)
    __scatterload_zeroinit                   0x0800409d   Thumb Code    14  handlers.o(i.__scatterload_zeroinit)
    abort                                    0x080040ab   Thumb Code     4  retarget_io.o(i.abort)
    clear_screen                             0x080040b1   Thumb Code    52  lcd12864_drv.o(i.clear_screen)
    display_64x32                            0x080040e9   Thumb Code    68  lcd12864_drv.o(i.display_64x32)
    display_GB2312_string                    0x0800412d   Thumb Code   364  lcd12864_drv.o(i.display_GB2312_string)
    display_graphic_16x16                    0x080042a1   Thumb Code    80  lcd12864_drv.o(i.display_graphic_16x16)
    display_graphic_8x16                     0x080042f9   Thumb Code    72  lcd12864_drv.o(i.display_graphic_8x16)
    eMBEnable                                0x08004345   Thumb Code    32  mb.o(i.eMBEnable)
    eMBFuncReadDiscreteInputs                0x0800436d   Thumb Code   164  mbfuncdisc.o(i.eMBFuncReadDiscreteInputs)
    eMBFuncReadHoldingRegister               0x08004411   Thumb Code   134  mbfuncholding.o(i.eMBFuncReadHoldingRegister)
    eMBFuncWriteHoldingRegister              0x08004497   Thumb Code    62  mbfuncholding.o(i.eMBFuncWriteHoldingRegister)
    eMBFuncWriteMultipleHoldingRegister      0x080044d5   Thumb Code   106  mbfuncholding.o(i.eMBFuncWriteMultipleHoldingRegister)
    eMBInit                                  0x08004541   Thumb Code   150  mb.o(i.eMBInit)
    eMBPoll                                  0x08004621   Thumb Code   312  mb.o(i.eMBPoll)
    eMBRTUInit                               0x08004789   Thumb Code    76  mbrtu.o(i.eMBRTUInit)
    eMBRTUReceive                            0x080047d9   Thumb Code    82  mbrtu.o(i.eMBRTUReceive)
    eMBRTUSend                               0x0800487d   Thumb Code   146  mbrtu.o(i.eMBRTUSend)
    eMBRTUStart                              0x08004925   Thumb Code    22  mbrtu.o(i.eMBRTUStart)
    eMBRTUStop                               0x08004941   Thumb Code    16  mbrtu.o(i.eMBRTUStop)
    eMBRegDiscreteCB                         0x08004951   Thumb Code    30  modbus_slave.o(i.eMBRegDiscreteCB)
    eMBRegHoldingCB                          0x08004975   Thumb Code    54  modbus_slave.o(i.eMBRegHoldingCB)
    eMBSetSlaveAddr                          0x080049b1   Thumb Code    24  mb.o(i.eMBSetSlaveAddr)
    fputc                                    0x080049cd   Thumb Code    26  retarget_io.o(i.fputc)
    fputs                                    0x080049ed   Thumb Code    24  fputs.o(i.fputs)
    get_n_bytes_data_from_ROM                0x08004a4d   Thumb Code    94  lcd12864_drv.o(i.get_n_bytes_data_from_ROM)
    main                                     0x08004ae1   Thumb Code    36  main.o(i.main)
    mypow                                    0x08004b09   Thumb Code    22  lcd12864_drv.o(i.mypow)
    prveMBError2Exception                    0x08004b1f   Thumb Code    34  mbutils.o(i.prveMBError2Exception)
    send_command_to_ROM                      0x08004b71   Thumb Code    66  lcd12864_drv.o(i.send_command_to_ROM)
    usMBCRC16                                0x08004bbd   Thumb Code    48  mbcrc.o(i.usMBCRC16)
    vMBPortSerialEnable                      0x08004bf5   Thumb Code   104  portserial.o(i.vMBPortSerialEnable)
    vMBPortTimersDisable                     0x08004c65   Thumb Code    38  porttimer.o(i.vMBPortTimersDisable)
    vMBPortTimersEnable                      0x08004c91   Thumb Code    38  porttimer.o(i.vMBPortTimersEnable)
    xMBPortEventGet                          0x08004cbd   Thumb Code    26  portevent.o(i.xMBPortEventGet)
    xMBPortEventInit                         0x08004ce1   Thumb Code    10  portevent.o(i.xMBPortEventInit)
    xMBPortEventPost                         0x08004cf1   Thumb Code    16  portevent.o(i.xMBPortEventPost)
    xMBPortSerialGetByte                     0x08004d09   Thumb Code    18  portserial.o(i.xMBPortSerialGetByte)
    xMBPortSerialInit                        0x08004d21   Thumb Code    32  portserial.o(i.xMBPortSerialInit)
    xMBPortSerialPutByte                     0x08004d41   Thumb Code    18  portserial.o(i.xMBPortSerialPutByte)
    xMBPortTimersInit                        0x08004d59   Thumb Code   112  porttimer.o(i.xMBPortTimersInit)
    xMBRTUReceiveFSM                         0x08004dcd   Thumb Code   140  mbrtu.o(i.xMBRTUReceiveFSM)
    xMBRTUTimerT35Expired                    0x08004ea5   Thumb Code    96  mbrtu.o(i.xMBRTUTimerT35Expired)
    xMBRTUTransmitFSM                        0x08004f2d   Thumb Code   116  mbrtu.o(i.xMBRTUTransmitFSM)
    gImage_Surge                             0x08004ff8   Data         256  picture.o(.constdata)
    gImage_Discon                            0x080050f8   Data         256  picture.o(.constdata)
    gImage_Config                            0x080051f8   Data         256  picture.o(.constdata)
    gImage_Ver                               0x080052f8   Data         256  picture.o(.constdata)
    Region$$Table$$Base                      0x08005744   Number         0  anon$$obj.o(Region$$Table)
    Region$$Table$$Limit                     0x08005764   Number         0  anon$$obj.o(Region$$Table)
    table                                    0x20000048   Data         240  hmi_app.o(.data)
    g_RtcTime                                0x20000140   Data           8  hmi_app.o(.data)
    cnt                                      0x20000148   Data           2  hmi_app.o(.data)
    StartTime                                0x20000160   Data           8  movfail_app.o(.data)
    ProcTime                                 0x20000168   Data           8  movfail_app.o(.data)
    SpaceTime                                0x20000170   Data           1  movfail_app.o(.data)
    flag_fail                                0x20000171   Data           1  movfail_app.o(.data)
    g_PCT                                    0x20000172   Data           1  movfail_app.o(.data)
    pxMBFrameCBByteReceived                  0x2000021c   Data           4  mb.o(.data)
    pxMBFrameCBTransmitterEmpty              0x20000220   Data           4  mb.o(.data)
    pxMBPortCBTimerExpired                   0x20000224   Data           4  mb.o(.data)
    pxMBFrameCBReceiveFSMCur                 0x20000228   Data           4  mb.o(.data)
    pxMBFrameCBTransmitFSMCur                0x2000022c   Data           4  mb.o(.data)
    g_timer                                  0x20000338   Data           1  timing_drv.o(.data)
    fontaddr                                 0x2000033c   Data           4  lcd12864_drv.o(.data)
    SystemCoreClock                          0x200003ac   Data           4  system_stm32f10x.o(.data)
    AHBPrescTable                            0x200003b0   Data          16  system_stm32f10x.o(.data)
    __stderr                                 0x200003c0   Data           4  stderr.o(.data)
    ucRTUBuf                                 0x20000433   Data         256  mbrtu.o(.bss)
    __initial_sp                             0x200035e8   Data           0  startup_stm32f10x_hd.o(STACK)



==============================================================================

Memory Map of the image

  Image Entry point : 0x08000131

  Load Region LR_IROM1 (Base: 0x08000000, Size: 0x00005b28, Max: 0x00040000, ABSOLUTE, COMPRESSED[0x000058b4])

    Execution Region ER_IROM1 (Exec base: 0x08000000, Load base: 0x08000000, Size: 0x00005764, Max: 0x00040000, ABSOLUTE)

    Exec Addr    Load Addr    Size         Type   Attr      Idx    E Section Name        Object

    0x08000000   0x08000000   0x00000130   Data   RO         4675    RESET               startup_stm32f10x_hd.o
    0x08000130   0x08000130   0x00000000   Code   RO         4729  * .ARM.Collect$$$$00000000  mc_w.l(entry.o)
    0x08000130   0x08000130   0x00000004   Code   RO         4772    .ARM.Collect$$$$00000001  mc_w.l(entry2.o)
    0x08000134   0x08000134   0x00000004   Code   RO         4775    .ARM.Collect$$$$00000004  mc_w.l(entry5.o)
    0x08000138   0x08000138   0x00000000   Code   RO         4777    .ARM.Collect$$$$00000008  mc_w.l(entry7b.o)
    0x08000138   0x08000138   0x00000000   Code   RO         4779    .ARM.Collect$$$$0000000A  mc_w.l(entry8b.o)
    0x08000138   0x08000138   0x00000008   Code   RO         4780    .ARM.Collect$$$$0000000B  mc_w.l(entry9a.o)
    0x08000140   0x08000140   0x00000000   Code   RO         4782    .ARM.Collect$$$$0000000D  mc_w.l(entry10a.o)
    0x08000140   0x08000140   0x00000000   Code   RO         4784    .ARM.Collect$$$$0000000F  mc_w.l(entry11a.o)
    0x08000140   0x08000140   0x00000004   Code   RO         4773    .ARM.Collect$$$$00002712  mc_w.l(entry2.o)
    0x08000144   0x08000144   0x00000024   Code   RO         4676    .text               startup_stm32f10x_hd.o
    0x08000168   0x08000168   0x00000062   Code   RO         4737    .text               mc_w.l(uldiv.o)
    0x080001ca   0x080001ca   0x0000009c   Code   RO         4739    .text               mc_w.l(qsort.o)
    0x08000266   0x08000266   0x00000024   Code   RO         4748    .text               mc_w.l(memcpya.o)
    0x0800028a   0x0800028a   0x00000024   Code   RO         4750    .text               mc_w.l(memseta.o)
    0x080002ae   0x080002ae   0x00000064   Code   RO         4754    .text               mf_w.l(fmul.o)
    0x08000312   0x08000312   0x0000007c   Code   RO         4756    .text               mf_w.l(fdiv.o)
    0x0800038e   0x0800038e   0x00000012   Code   RO         4758    .text               mf_w.l(fflti.o)
    0x080003a0   0x080003a0   0x0000000a   Code   RO         4760    .text               mf_w.l(ffltui.o)
    0x080003aa   0x080003aa   0x00000028   Code   RO         4762    .text               mf_w.l(ffixui.o)
    0x080003d2   0x080003d2   0x00000026   Code   RO         4764    .text               mf_w.l(f2d.o)
    0x080003f8   0x080003f8   0x00000030   Code   RO         4766    .text               mf_w.l(cdrcmple.o)
    0x08000428   0x08000428   0x00000014   Code   RO         4768    .text               mf_w.l(cfcmple.o)
    0x0800043c   0x0800043c   0x00000014   Code   RO         4770    .text               mf_w.l(cfrcmple.o)
    0x08000450   0x08000450   0x0000001e   Code   RO         4786    .text               mc_w.l(llshl.o)
    0x0800046e   0x0800046e   0x00000020   Code   RO         4788    .text               mc_w.l(llushr.o)
    0x0800048e   0x0800048e   0x00000002   PAD
    0x08000490   0x08000490   0x0000000c   Code   RO         4790    .text               mc_w.l(localtime_w.o)
    0x0800049c   0x0800049c   0x0000008c   Code   RO         4793    .text               mc_w.l(localtime_i.o)
    0x08000528   0x08000528   0x00000000   Code   RO         4796    .text               mc_w.l(iusefp.o)
    0x08000528   0x08000528   0x0000006e   Code   RO         4797    .text               mf_w.l(fepilogue.o)
    0x08000596   0x08000596   0x00000002   PAD
    0x08000598   0x08000598   0x00000024   Code   RO         4799    .text               mc_w.l(init.o)
    0x080005bc   0x080005bc   0x00000056   Code   RO         4809    .text               mc_w.l(__dczerorl2.o)
    0x08000612   0x08000612   0x00000016   Code   RO         1714    i.ADC_Cmd           stm32f10x_adc.o
    0x08000628   0x08000628   0x0000005c   Code   RO         1716    i.ADC_DeInit        stm32f10x_adc.o
    0x08000684   0x08000684   0x00000014   Code   RO         1722    i.ADC_GetCalibrationStatus  stm32f10x_adc.o
    0x08000698   0x08000698   0x00000008   Code   RO         1723    i.ADC_GetConversionValue  stm32f10x_adc.o
    0x080006a0   0x080006a0   0x00000012   Code   RO         1725    i.ADC_GetFlagStatus  stm32f10x_adc.o
    0x080006b2   0x080006b2   0x00000014   Code   RO         1728    i.ADC_GetResetCalibrationStatus  stm32f10x_adc.o
    0x080006c6   0x080006c6   0x00000002   PAD
    0x080006c8   0x080006c8   0x00000050   Code   RO         1732    i.ADC_Init          stm32f10x_adc.o
    0x08000718   0x08000718   0x000000b8   Code   RO         1736    i.ADC_RegularChannelConfig  stm32f10x_adc.o
    0x080007d0   0x080007d0   0x0000000a   Code   RO         1737    i.ADC_ResetCalibration  stm32f10x_adc.o
    0x080007da   0x080007da   0x00000016   Code   RO         1739    i.ADC_SoftwareStartConvCmd  stm32f10x_adc.o
    0x080007f0   0x080007f0   0x0000000a   Code   RO         1741    i.ADC_StartCalibration  stm32f10x_adc.o
    0x080007fa   0x080007fa   0x00000002   PAD
    0x080007fc   0x080007fc   0x00000088   Code   RO          991    i.AdcInit           ntc_drv.o
    0x08000884   0x08000884   0x0000004c   Code   RO          992    i.AdcToTemp10Mpl    ntc_drv.o
    0x080008d0   0x080008d0   0x00000018   Code   RO            1    i.AppInit           main.o
    0x080008e8   0x080008e8   0x0000001e   Code   RO          993    i.ArithAvgFltr      ntc_drv.o
    0x08000906   0x08000906   0x00000010   Code   RO         1932    i.BKP_DeInit        stm32f10x_bkp.o
    0x08000916   0x08000916   0x00000002   PAD
    0x08000918   0x08000918   0x0000001c   Code   RO         1937    i.BKP_ReadBackupRegister  stm32f10x_bkp.o
    0x08000934   0x08000934   0x0000001c   Code   RO         1941    i.BKP_WriteBackupRegister  stm32f10x_bkp.o
    0x08000950   0x08000950   0x00000004   Code   RO          803    i.BusFault_Handler  stm32f10x_it.o
    0x08000954   0x08000954   0x0000003a   Code   RO          206    i.CalcCrc8          store_app.o
    0x0800098e   0x0800098e   0x00000026   Code   RO          994    i.CmpCb             ntc_drv.o
    0x080009b4   0x080009b4   0x000000a0   Code   RO          460    i.CustomFuncHandlerCb  modbus_app.o
    0x08000a54   0x08000a54   0x0000000c   Code   RO          569    i.CustomFuncHandlerCbReg  mb.o
    0x08000a60   0x08000a60   0x00000018   Code   RO         2399    i.DMA_Cmd           stm32f10x_dma.o
    0x08000a78   0x08000a78   0x0000014c   Code   RO         2400    i.DMA_DeInit        stm32f10x_dma.o
    0x08000bc4   0x08000bc4   0x00000008   Code   RO         2401    i.DMA_GetCurrDataCounter  stm32f10x_dma.o
    0x08000bcc   0x08000bcc   0x0000003c   Code   RO         2405    i.DMA_Init          stm32f10x_dma.o
    0x08000c08   0x08000c08   0x00000004   Code   RO         2406    i.DMA_SetCurrDataCounter  stm32f10x_dma.o
    0x08000c0c   0x08000c0c   0x00000002   Code   RO          804    i.DebugMon_Handler  stm32f10x_it.o
    0x08000c0e   0x08000c0e   0x00000002   PAD
    0x08000c10   0x08000c10   0x00000028   Code   RO          902    i.DelayInit         delay.o
    0x08000c38   0x08000c38   0x00000018   Code   RO          903    i.DelayNms          delay.o
    0x08000c50   0x08000c50   0x0000003c   Code   RO          904    i.DelayNus          delay.o
    0x08000c8c   0x08000c8c   0x00000030   Code   RO          995    i.DescBinarySearch  ntc_drv.o
    0x08000cbc   0x08000cbc   0x00000012   Code   RO         1233    i.DisableNorflashWrite  norflash_drv.o
    0x08000cce   0x08000cce   0x00000002   PAD
    0x08000cd0   0x08000cd0   0x00000014   Code   RO          297    i.Display_Lock      hmi_app.o
    0x08000ce4   0x08000ce4   0x00000030   Code   RO            2    i.DrvInit           main.o
    0x08000d14   0x08000d14   0x00000008   Code   RO         1075    i.EepromDrvInit     eeprom_drv.o
    0x08000d1c   0x08000d1c   0x0000002c   Code   RO         1078    i.Eeprom_GPIO_Config  eeprom_drv.o
    0x08000d48   0x08000d48   0x00000012   Code   RO         1234    i.EnableNorflashWrite  norflash_drv.o
    0x08000d5a   0x08000d5a   0x0000005c   Code   RO         1236    i.EraseNorflashForWrite  norflash_drv.o
    0x08000db6   0x08000db6   0x00000036   Code   RO         1237    i.EraseNorflashSector  norflash_drv.o
    0x08000dec   0x08000dec   0x00000116   Code   RO         2823    i.GPIO_Init         stm32f10x_gpio.o
    0x08000f02   0x08000f02   0x00000002   PAD
    0x08000f04   0x08000f04   0x00000090   Code   RO         2825    i.GPIO_PinRemapConfig  stm32f10x_gpio.o
    0x08000f94   0x08000f94   0x00000012   Code   RO         2827    i.GPIO_ReadInputDataBit  stm32f10x_gpio.o
    0x08000fa6   0x08000fa6   0x00000004   Code   RO         2830    i.GPIO_ResetBits    stm32f10x_gpio.o
    0x08000faa   0x08000faa   0x00000004   Code   RO         2831    i.GPIO_SetBits      stm32f10x_gpio.o
    0x08000fae   0x08000fae   0x0000000a   Code   RO         2834    i.GPIO_WriteBit     stm32f10x_gpio.o
    0x08000fb8   0x08000fb8   0x0000001c   Code   RO          996    i.GetAdcVal         ntc_drv.o
    0x08000fd4   0x08000fd4   0x00000022   Code   RO         1159    i.GetKeyVal         key_drv.o
    0x08000ff6   0x08000ff6   0x00000002   PAD
    0x08000ff8   0x08000ff8   0x000000d8   Code   RO          428    i.GetMOVFail_PCT    movfail_app.o
    0x080010d0   0x080010d0   0x0000000c   Code   RO          207    i.GetModbusAddrData  store_app.o
    0x080010dc   0x080010dc   0x0000000c   Code   RO          208    i.GetModbusBaudData  store_app.o
    0x080010e8   0x080010e8   0x00000036   Code   RO         1185    i.GetRtcTime        rtc_drv.o
    0x0800111e   0x0800111e   0x00000002   PAD
    0x08001120   0x08001120   0x0000000c   Code   RO          429    i.GetSPD_PCT        movfail_app.o
    0x0800112c   0x0800112c   0x0000000c   Code   RO          430    i.GetSPD_State      movfail_app.o
    0x08001138   0x08001138   0x0000000c   Code   RO          964    i.GetSensorData     sensor_drv.o
    0x08001144   0x08001144   0x0000000c   Code   RO          353    i.GetSurgeNum       surge_app.o
    0x08001150   0x08001150   0x00000044   Code   RO         1528    i.GetSwitchinputStatus  switchinput_drv.o
    0x08001194   0x08001194   0x0000000c   Code   RO          866    i.GetSysRunTime     systick_drv.o
    0x080011a0   0x080011a0   0x0000000c   Code   RO          997    i.GetTempData       ntc_drv.o
    0x080011ac   0x080011ac   0x00000024   Code   RO          998    i.GpioInit          ntc_drv.o
    0x080011d0   0x080011d0   0x00000044   Code   RO         1574    i.GpioInit          portserial.o
    0x08001214   0x08001214   0x00000068   Code   RO         1238    i.Gpio_Iint         norflash_drv.o
    0x0800127c   0x0800127c   0x00000004   Code   RO          805    i.HardFault_Handler  stm32f10x_it.o
    0x08001280   0x08001280   0x000000bc   Code   RO          298    i.Hmipass_Task      hmi_app.o
    0x0800133c   0x0800133c   0x00000058   Code   RO         1079    i.I2CReadByte       eeprom_drv.o
    0x08001394   0x08001394   0x00000044   Code   RO         1080    i.I2CSendAck        eeprom_drv.o
    0x080013d8   0x080013d8   0x0000005c   Code   RO         1081    i.I2CSendByte       eeprom_drv.o
    0x08001434   0x08001434   0x00000038   Code   RO         1082    i.I2CSendNack       eeprom_drv.o
    0x0800146c   0x0800146c   0x00000044   Code   RO         1083    i.I2CStart          eeprom_drv.o
    0x080014b0   0x080014b0   0x00000034   Code   RO         1084    i.I2CStop           eeprom_drv.o
    0x080014e4   0x080014e4   0x0000005c   Code   RO         1085    i.I2CWaitAck        eeprom_drv.o
    0x08001540   0x08001540   0x00000048   Code   RO          209    i.InitSysParam      store_app.o
    0x08001588   0x08001588   0x00000054   Code   RO         1160    i.KeyDrvInit        key_drv.o
    0x080015dc   0x080015dc   0x00000108   Code   RO         1161    i.KeyScan           key_drv.o
    0x080016e4   0x080016e4   0x000000b4   Code   RO         1363    i.LCD12864_GPIO_Config  lcd12864_drv.o
    0x08001798   0x08001798   0x000000a4   Code   RO         1364    i.LCD_ShowFloatNum  lcd12864_drv.o
    0x0800183c   0x0800183c   0x00000092   Code   RO         1365    i.LCD_ShowIntNum    lcd12864_drv.o
    0x080018ce   0x080018ce   0x0000001e   Code   RO         1366    i.LCD_Showhanzi     lcd12864_drv.o
    0x080018ec   0x080018ec   0x00000060   Code   RO         1367    i.LCD_WR_DATA       lcd12864_drv.o
    0x0800194c   0x0800194c   0x00000064   Code   RO         1368    i.LCD_WR_REG        lcd12864_drv.o
    0x080019b0   0x080019b0   0x00000098   Code   RO         1369    i.Lcd12864DrvInit   lcd12864_drv.o
    0x08001a48   0x08001a48   0x00000070   Code   RO          927    i.LedDrvInit        led_drv.o
    0x08001ab8   0x08001ab8   0x0000001e   Code   RO         1481    i.MX_DMA_Enable     surgecs_drv.o
    0x08001ad6   0x08001ad6   0x00000002   PAD
    0x08001ad8   0x08001ad8   0x00000120   Code   RO          299    i.Main_Menu_Func    hmi_app.o
    0x08001bf8   0x08001bf8   0x00000140   Code   RO          300    i.Main_UI           hmi_app.o
    0x08001d38   0x08001d38   0x00000020   Code   RO          999    i.MedianAvgFltr     ntc_drv.o
    0x08001d58   0x08001d58   0x00000004   Code   RO          806    i.MemManage_Handler  stm32f10x_it.o
    0x08001d5c   0x08001d5c   0x00000034   Code   RO          461    i.ModbusAppInit     modbus_app.o
    0x08001d90   0x08001d90   0x0000003e   Code   RO          462    i.ModbusGetDispersed  modbus_app.o
    0x08001dce   0x08001dce   0x0000001c   Code   RO          463    i.ModbusGetHumi     modbus_app.o
    0x08001dea   0x08001dea   0x0000000c   Code   RO          464    i.ModbusGetLightNum  modbus_app.o
    0x08001df6   0x08001df6   0x00000002   PAD
    0x08001df8   0x08001df8   0x00000024   Code   RO          465    i.ModbusGetPhaseVol  modbus_app.o
    0x08001e1c   0x08001e1c   0x00000024   Code   RO          466    i.ModbusGetTemp     modbus_app.o
    0x08001e40   0x08001e40   0x00000016   Code   RO          467    i.ModbusSetLed1     modbus_app.o
    0x08001e56   0x08001e56   0x00000016   Code   RO          468    i.ModbusSetLed2     modbus_app.o
    0x08001e6c   0x08001e6c   0x00000048   Code   RO          469    i.ModbusSetRtcTime  modbus_app.o
    0x08001eb4   0x08001eb4   0x00000014   Code   RO          470    i.ModbusSetRtcTime_Pre  modbus_app.o
    0x08001ec8   0x08001ec8   0x00000028   Code   RO          774    i.ModbusSlaveInit   modbus_slave.o
    0x08001ef0   0x08001ef0   0x00000008   Code   RO          471    i.ModbusTask        modbus_app.o
    0x08001ef8   0x08001ef8   0x0000002c   Code   RO          431    i.MovFail_Task      movfail_app.o
    0x08001f24   0x08001f24   0x00000002   Code   RO          807    i.NMI_Handler       stm32f10x_it.o
    0x08001f26   0x08001f26   0x00000002   PAD
    0x08001f28   0x08001f28   0x00000070   Code   RO         1672    i.NVIC_Init         misc.o
    0x08001f98   0x08001f98   0x00000014   Code   RO         1673    i.NVIC_PriorityGroupConfig  misc.o
    0x08001fac   0x08001fac   0x00000008   Code   RO         1239    i.NorflashDrvInit   norflash_drv.o
    0x08001fb4   0x08001fb4   0x00000002   Code   RO          808    i.PVD_IRQHandler    stm32f10x_it.o
    0x08001fb6   0x08001fb6   0x00000002   PAD
    0x08001fb8   0x08001fb8   0x0000000c   Code   RO         3177    i.PWR_BackupAccessCmd  stm32f10x_pwr.o
    0x08001fc4   0x08001fc4   0x00000002   Code   RO          809    i.PendSV_Handler    stm32f10x_it.o
    0x08001fc6   0x08001fc6   0x00000048   Code   RO         1241    i.ProgramNorflashPage  norflash_drv.o
    0x0800200e   0x0800200e   0x00000002   PAD
    0x08002010   0x08002010   0x00000030   Code   RO         1000    i.PushDataToBuf     ntc_drv.o
    0x08002040   0x08002040   0x00000018   Code   RO         3237    i.RCC_ADCCLKConfig  stm32f10x_rcc.o
    0x08002058   0x08002058   0x00000020   Code   RO         3238    i.RCC_AHBPeriphClockCmd  stm32f10x_rcc.o
    0x08002078   0x08002078   0x00000020   Code   RO         3239    i.RCC_APB1PeriphClockCmd  stm32f10x_rcc.o
    0x08002098   0x08002098   0x00000020   Code   RO         3240    i.RCC_APB1PeriphResetCmd  stm32f10x_rcc.o
    0x080020b8   0x080020b8   0x00000020   Code   RO         3241    i.RCC_APB2PeriphClockCmd  stm32f10x_rcc.o
    0x080020d8   0x080020d8   0x00000020   Code   RO         3242    i.RCC_APB2PeriphResetCmd  stm32f10x_rcc.o
    0x080020f8   0x080020f8   0x0000000c   Code   RO         3244    i.RCC_BackupResetCmd  stm32f10x_rcc.o
    0x08002104   0x08002104   0x000000d4   Code   RO         3249    i.RCC_GetClocksFreq  stm32f10x_rcc.o
    0x080021d8   0x080021d8   0x0000003c   Code   RO         3250    i.RCC_GetFlagStatus  stm32f10x_rcc.o
    0x08002214   0x08002214   0x00000034   Code   RO         3257    i.RCC_LSEConfig     stm32f10x_rcc.o
    0x08002248   0x08002248   0x0000000c   Code   RO         3264    i.RCC_RTCCLKCmd     stm32f10x_rcc.o
    0x08002254   0x08002254   0x00000010   Code   RO         3265    i.RCC_RTCCLKConfig  stm32f10x_rcc.o
    0x08002264   0x08002264   0x00000014   Code   RO         3439    i.RTC_EnterConfigMode  stm32f10x_rtc.o
    0x08002278   0x08002278   0x00000014   Code   RO         3440    i.RTC_ExitConfigMode  stm32f10x_rtc.o
    0x0800228c   0x0800228c   0x00000014   Code   RO         3441    i.RTC_GetCounter    stm32f10x_rtc.o
    0x080022a0   0x080022a0   0x0000001c   Code   RO         3447    i.RTC_SetCounter    stm32f10x_rtc.o
    0x080022bc   0x080022bc   0x00000020   Code   RO         3448    i.RTC_SetPrescaler  stm32f10x_rtc.o
    0x080022dc   0x080022dc   0x00000014   Code   RO         3449    i.RTC_WaitForLastTask  stm32f10x_rtc.o
    0x080022f0   0x080022f0   0x00000024   Code   RO         3450    i.RTC_WaitForSynchro  stm32f10x_rtc.o
    0x08002314   0x08002314   0x00000036   Code   RO          210    i.ReadDataWithCheck  store_app.o
    0x0800234a   0x0800234a   0x00000002   PAD
    0x0800234c   0x0800234c   0x0000004c   Code   RO          472    i.ReadDiscreteInputsCb  modbus_app.o
    0x08002398   0x08002398   0x0000007e   Code   RO         1087    i.ReadEepromData    eeprom_drv.o
    0x08002416   0x08002416   0x00000044   Code   RO         1242    i.ReadNorflashData  norflash_drv.o
    0x0800245a   0x0800245a   0x00000002   PAD
    0x0800245c   0x0800245c   0x0000006c   Code   RO          473    i.ReadRegsCb        modbus_app.o
    0x080024c8   0x080024c8   0x0000002a   Code   RO          211    i.ReadSysParam      store_app.o
    0x080024f2   0x080024f2   0x00000002   PAD
    0x080024f4   0x080024f4   0x000000e4   Code   RO          354    i.RecordLightningProc  surge_app.o
    0x080025d8   0x080025d8   0x0000002c   Code   RO          355    i.RecordSurgeParam  surge_app.o
    0x08002604   0x08002604   0x00000008   Code   RO          356    i.RecvStr           surge_app.o
    0x0800260c   0x0800260c   0x00000008   Code   RO         1482    i.RecvSurgeModuleStr  surgecs_drv.o
    0x08002614   0x08002614   0x000000bc   Code   RO         1186    i.RtcDrvInit        rtc_drv.o
    0x080026d0   0x080026d0   0x00000020   Code   RO         1244    i.SPIInit           norflash_drv.o
    0x080026f0   0x080026f0   0x00000060   Code   RO         1245    i.SPIReadWriteByte  norflash_drv.o
    0x08002750   0x08002750   0x00000014   Code   RO         1246    i.SPIStart          norflash_drv.o
    0x08002764   0x08002764   0x00000014   Code   RO         1247    i.SPIStop           norflash_drv.o
    0x08002778   0x08002778   0x00000002   Code   RO          810    i.SVC_Handler       stm32f10x_it.o
    0x0800277a   0x0800277a   0x00000008   Code   RO          965    i.SensorDrvInit     sensor_drv.o
    0x08002782   0x08002782   0x00000008   Code   RO          966    i.SensorDrvProc     sensor_drv.o
    0x0800278a   0x0800278a   0x00000008   Code   RO          194    i.Sensor_Task       sensor_app.o
    0x08002792   0x08002792   0x00000002   PAD
    0x08002794   0x08002794   0x0000000c   Code   RO          357    i.SetDisplayNum     surge_app.o
    0x080027a0   0x080027a0   0x00000054   Code   RO          212    i.SetModbusAddrParam  store_app.o
    0x080027f4   0x080027f4   0x0000003c   Code   RO          213    i.SetModbusBaudParam  store_app.o
    0x08002830   0x08002830   0x00000008   Code   RO         4639    i.SetSysClock       system_stm32f10x.o
    0x08002838   0x08002838   0x000000e0   Code   RO         4640    i.SetSysClockTo72   system_stm32f10x.o
    0x08002918   0x08002918   0x00000258   Code   RO          301    i.Setting_Child     hmi_app.o
    0x08002b70   0x08002b70   0x00000024   Code   RO          358    i.StoreSurgeNum     surge_app.o
    0x08002b94   0x08002b94   0x00000014   Code   RO         1483    i.SurgeCsDrvInit    surgecs_drv.o
    0x08002ba8   0x08002ba8   0x00000070   Code   RO         1484    i.SurgeDmaInit      surgecs_drv.o
    0x08002c18   0x08002c18   0x00000054   Code   RO         1485    i.SurgeGpioInit     surgecs_drv.o
    0x08002c6c   0x08002c6c   0x00000204   Code   RO          302    i.SurgeInfo_Child   hmi_app.o
    0x08002e70   0x08002e70   0x00000008   Code   RO          359    i.SurgeModuleworkTask  surge_app.o
    0x08002e78   0x08002e78   0x00000084   Code   RO         1486    i.SurgeUartInit     surgecs_drv.o
    0x08002efc   0x08002efc   0x0000002c   Code   RO         1575    i.SwitchInit        portserial.o
    0x08002f28   0x08002f28   0x00000084   Code   RO          408    i.SwitchinputProc   switchin_app.o
    0x08002fac   0x08002fac   0x00000054   Code   RO         1529    i.Switchinput_DrvInit  switchinput_drv.o
    0x08003000   0x08003000   0x00000008   Code   RO          409    i.Switchinput_Task  switchin_app.o
    0x08003008   0x08003008   0x00000030   Code   RO          867    i.SysTick_Handler   systick_drv.o
    0x08003038   0x08003038   0x00000068   Code   RO          868    i.SysTick_Init      systick_drv.o
    0x080030a0   0x080030a0   0x00000060   Code   RO         4642    i.SystemInit        system_stm32f10x.o
    0x08003100   0x08003100   0x00000038   Code   RO         1332    i.TIM2_IRQHandler   timing_drv.o
    0x08003138   0x08003138   0x00000028   Code   RO         1637    i.TIM5_IRQHandler   porttimer.o
    0x08003160   0x08003160   0x00000006   Code   RO         3867    i.TIM_ClearFlag     stm32f10x_tim.o
    0x08003166   0x08003166   0x00000006   Code   RO         3868    i.TIM_ClearITPendingBit  stm32f10x_tim.o
    0x0800316c   0x0800316c   0x00000018   Code   RO         3873    i.TIM_Cmd           stm32f10x_tim.o
    0x08003184   0x08003184   0x000001e8   Code   RO         3878    i.TIM_DeInit        stm32f10x_tim.o
    0x0800336c   0x0800336c   0x00000022   Code   RO         3894    i.TIM_GetITStatus   stm32f10x_tim.o
    0x0800338e   0x0800338e   0x00000012   Code   RO         3898    i.TIM_ITConfig      stm32f10x_tim.o
    0x080033a0   0x080033a0   0x00000004   Code   RO         3938    i.TIM_SetCounter    stm32f10x_tim.o
    0x080033a4   0x080033a4   0x000000a4   Code   RO         3944    i.TIM_TimeBaseInit  stm32f10x_tim.o
    0x08003448   0x08003448   0x00000038   Code   RO            3    i.TaskHandler       main.o
    0x08003480   0x08003480   0x00000068   Code   RO            4    i.TaskScheduleCb    main.o
    0x080034e8   0x080034e8   0x0000000c   Code   RO          869    i.TaskScheduleCbReg  systick_drv.o
    0x080034f4   0x080034f4   0x0000000c   Code   RO         1001    i.TempDrvInit       ntc_drv.o
    0x08003500   0x08003500   0x00000080   Code   RO         1002    i.TempSensorProc    ntc_drv.o
    0x08003580   0x08003580   0x00000072   Code   RO         1333    i.TimerInit         timing_drv.o
    0x080035f2   0x080035f2   0x0000000c   Code   RO         1334    i.TimingDrvInit     timing_drv.o
    0x080035fe   0x080035fe   0x00000002   PAD
    0x08003600   0x08003600   0x00000054   Code   RO          928    i.ToggleLed         led_drv.o
    0x08003654   0x08003654   0x00000030   Code   RO          929    i.TurnOffLed        led_drv.o
    0x08003684   0x08003684   0x00000030   Code   RO          930    i.TurnOnLed         led_drv.o
    0x080036b4   0x080036b4   0x00000044   Code   RO         1576    i.USART1_IRQHandler  portserial.o
    0x080036f8   0x080036f8   0x00000060   Code   RO         1487    i.USART2_IRQHandler  surgecs_drv.o
    0x08003758   0x08003758   0x00000012   Code   RO         4405    i.USART_ClearFlag   stm32f10x_usart.o
    0x0800376a   0x0800376a   0x0000001e   Code   RO         4406    i.USART_ClearITPendingBit  stm32f10x_usart.o
    0x08003788   0x08003788   0x00000018   Code   RO         4409    i.USART_Cmd         stm32f10x_usart.o
    0x080037a0   0x080037a0   0x00000012   Code   RO         4410    i.USART_DMACmd      stm32f10x_usart.o
    0x080037b2   0x080037b2   0x00000002   PAD
    0x080037b4   0x080037b4   0x0000009c   Code   RO         4411    i.USART_DeInit      stm32f10x_usart.o
    0x08003850   0x08003850   0x0000001a   Code   RO         4412    i.USART_GetFlagStatus  stm32f10x_usart.o
    0x0800386a   0x0800386a   0x00000054   Code   RO         4413    i.USART_GetITStatus  stm32f10x_usart.o
    0x080038be   0x080038be   0x0000004a   Code   RO         4415    i.USART_ITConfig    stm32f10x_usart.o
    0x08003908   0x08003908   0x000000d8   Code   RO         4416    i.USART_Init        stm32f10x_usart.o
    0x080039e0   0x080039e0   0x0000000a   Code   RO         4423    i.USART_ReceiveData  stm32f10x_usart.o
    0x080039ea   0x080039ea   0x00000008   Code   RO         4426    i.USART_SendData    stm32f10x_usart.o
    0x080039f2   0x080039f2   0x00000002   PAD
    0x080039f4   0x080039f4   0x00000070   Code   RO         1577    i.UartInit          portserial.o
    0x08003a64   0x08003a64   0x00000004   Code   RO          811    i.UsageFault_Handler  stm32f10x_it.o
    0x08003a68   0x08003a68   0x0000013c   Code   RO          303    i.VerInfo_Child     hmi_app.o
    0x08003ba4   0x08003ba4   0x00000030   Code   RO         1248    i.WaitNorflashWriteEnd  norflash_drv.o
    0x08003bd4   0x08003bd4   0x00000028   Code   RO          214    i.WriteDataWithCheck  store_app.o
    0x08003bfc   0x08003bfc   0x00000096   Code   RO         1088    i.WriteEepromData   eeprom_drv.o
    0x08003c92   0x08003c92   0x00000078   Code   RO         1249    i.WriteNorflashData  norflash_drv.o
    0x08003d0a   0x08003d0a   0x00000002   PAD
    0x08003d0c   0x08003d0c   0x0000008c   Code   RO          474    i.WriteRegsCb       modbus_app.o
    0x08003d98   0x08003d98   0x0000002c   Code   RO          215    i.WriteSysParam     store_app.o
    0x08003dc4   0x08003dc4   0x0000022c   Code   RO          304    i.YXInfo_Child      hmi_app.o
    0x08003ff0   0x08003ff0   0x0000009c   Code   RO         4681    i.__aeabi_assert    retarget_io.o
    0x0800408c   0x0800408c   0x0000000e   Code   RO         4803    i.__scatterload_copy  mc_w.l(handlers.o)
    0x0800409a   0x0800409a   0x00000002   Code   RO         4804    i.__scatterload_null  mc_w.l(handlers.o)
    0x0800409c   0x0800409c   0x0000000e   Code   RO         4805    i.__scatterload_zeroinit  mc_w.l(handlers.o)
    0x080040aa   0x080040aa   0x00000004   Code   RO         4683    i.abort             retarget_io.o
    0x080040ae   0x080040ae   0x00000002   PAD
    0x080040b0   0x080040b0   0x00000038   Code   RO         1371    i.clear_screen      lcd12864_drv.o
    0x080040e8   0x080040e8   0x00000044   Code   RO         1373    i.display_64x32     lcd12864_drv.o
    0x0800412c   0x0800412c   0x00000174   Code   RO         1374    i.display_GB2312_string  lcd12864_drv.o
    0x080042a0   0x080042a0   0x00000058   Code   RO         1375    i.display_graphic_16x16  lcd12864_drv.o
    0x080042f8   0x080042f8   0x0000004c   Code   RO         1376    i.display_graphic_8x16  lcd12864_drv.o
    0x08004344   0x08004344   0x00000028   Code   RO          572    i.eMBEnable         mb.o
    0x0800436c   0x0800436c   0x000000a4   Code   RO          641    i.eMBFuncReadDiscreteInputs  mbfuncdisc.o
    0x08004410   0x08004410   0x00000086   Code   RO          653    i.eMBFuncReadHoldingRegister  mbfuncholding.o
    0x08004496   0x08004496   0x0000003e   Code   RO          654    i.eMBFuncWriteHoldingRegister  mbfuncholding.o
    0x080044d4   0x080044d4   0x0000006a   Code   RO          655    i.eMBFuncWriteMultipleHoldingRegister  mbfuncholding.o
    0x0800453e   0x0800453e   0x00000002   PAD
    0x08004540   0x08004540   0x000000e0   Code   RO          573    i.eMBInit           mb.o
    0x08004620   0x08004620   0x00000168   Code   RO          574    i.eMBPoll           mb.o
    0x08004788   0x08004788   0x00000050   Code   RO          715    i.eMBRTUInit        mbrtu.o
    0x080047d8   0x080047d8   0x000000a4   Code   RO          716    i.eMBRTUReceive     mbrtu.o
    0x0800487c   0x0800487c   0x000000a8   Code   RO          717    i.eMBRTUSend        mbrtu.o
    0x08004924   0x08004924   0x0000001c   Code   RO          718    i.eMBRTUStart       mbrtu.o
    0x08004940   0x08004940   0x00000010   Code   RO          719    i.eMBRTUStop        mbrtu.o
    0x08004950   0x08004950   0x00000024   Code   RO          775    i.eMBRegDiscreteCB  modbus_slave.o
    0x08004974   0x08004974   0x0000003c   Code   RO          776    i.eMBRegHoldingCB   modbus_slave.o
    0x080049b0   0x080049b0   0x0000001c   Code   RO          576    i.eMBSetSlaveAddr   mb.o
    0x080049cc   0x080049cc   0x00000020   Code   RO         4685    i.fputc             retarget_io.o
    0x080049ec   0x080049ec   0x00000018   Code   RO         4732    i.fputs             mc_w.l(fputs.o)
    0x08004a04   0x08004a04   0x00000048   Code   RO         1377    i.get_data_from_ROM  lcd12864_drv.o
    0x08004a4c   0x08004a4c   0x0000006c   Code   RO         1378    i.get_n_bytes_data_from_ROM  lcd12864_drv.o
    0x08004ab8   0x08004ab8   0x00000028   Code   RO         1379    i.lcd_address       lcd12864_drv.o
    0x08004ae0   0x08004ae0   0x00000028   Code   RO            5    i.main              main.o
    0x08004b08   0x08004b08   0x00000016   Code   RO         1380    i.mypow             lcd12864_drv.o
    0x08004b1e   0x08004b1e   0x00000022   Code   RO          677    i.prveMBError2Exception  mbutils.o
    0x08004b40   0x08004b40   0x00000010   Code   RO         1638    i.prvvTIMERExpiredISR  porttimer.o
    0x08004b50   0x08004b50   0x00000010   Code   RO         1578    i.prvvUARTRxISR     portserial.o
    0x08004b60   0x08004b60   0x00000010   Code   RO         1579    i.prvvUARTTxReadyISR  portserial.o
    0x08004b70   0x08004b70   0x00000048   Code   RO         1381    i.send_command_to_ROM  lcd12864_drv.o
    0x08004bb8   0x08004bb8   0x00000004   Code   RO         4686    i.stderr_putchar    retarget_io.o
    0x08004bbc   0x08004bbc   0x00000038   Code   RO          701    i.usMBCRC16         mbcrc.o
    0x08004bf4   0x08004bf4   0x00000070   Code   RO         1580    i.vMBPortSerialEnable  portserial.o
    0x08004c64   0x08004c64   0x0000002c   Code   RO         1663    i.vMBPortTimersDisable  porttimer.o
    0x08004c90   0x08004c90   0x0000002c   Code   RO         1657    i.vMBPortTimersEnable  porttimer.o
    0x08004cbc   0x08004cbc   0x00000024   Code   RO         1548    i.xMBPortEventGet   portevent.o
    0x08004ce0   0x08004ce0   0x00000010   Code   RO         1549    i.xMBPortEventInit  portevent.o
    0x08004cf0   0x08004cf0   0x00000018   Code   RO         1550    i.xMBPortEventPost  portevent.o
    0x08004d08   0x08004d08   0x00000018   Code   RO         1581    i.xMBPortSerialGetByte  portserial.o
    0x08004d20   0x08004d20   0x00000020   Code   RO         1582    i.xMBPortSerialInit  portserial.o
    0x08004d40   0x08004d40   0x00000018   Code   RO         1583    i.xMBPortSerialPutByte  portserial.o
    0x08004d58   0x08004d58   0x00000074   Code   RO         1639    i.xMBPortTimersInit  porttimer.o
    0x08004dcc   0x08004dcc   0x000000d8   Code   RO          720    i.xMBRTUReceiveFSM  mbrtu.o
    0x08004ea4   0x08004ea4   0x00000088   Code   RO          721    i.xMBRTUTimerT35Expired  mbrtu.o
    0x08004f2c   0x08004f2c   0x000000c0   Code   RO          722    i.xMBRTUTransmitFSM  mbrtu.o
    0x08004fec   0x08004fec   0x0000000c   Data   RO          217    .constdata          store_app.o
    0x08004ff8   0x08004ff8   0x00000400   Data   RO          401    .constdata          picture.o
    0x080053f8   0x080053f8   0x00000014   Data   RO          476    .constdata          modbus_app.o
    0x0800540c   0x0800540c   0x00000200   Data   RO          702    .constdata          mbcrc.o
    0x0800560c   0x0800560c   0x000000c8   Data   RO         1004    .constdata          ntc_drv.o
    0x080056d4   0x080056d4   0x0000000c   Data   RO         4794    .constdata          mc_w.l(localtime_i.o)
    0x080056e0   0x080056e0   0x00000063   Data   RO          724    .conststring        mbrtu.o
    0x08005743   0x08005743   0x00000001   PAD
    0x08005744   0x08005744   0x00000020   Data   RO         4801    Region$$Table       anon$$obj.o


    Execution Region RW_IRAM1 (Exec base: 0x20000000, Load base: 0x08005764, Size: 0x000035e8, Max: 0x0000c000, ABSOLUTE, COMPRESSED[0x00000150])

    Exec Addr    Load Addr    Size         Type   Attr      Idx    E Section Name        Object

    0x20000000   COMPRESSED   0x00000048   Data   RW            6    .data               main.o
    0x20000048   COMPRESSED   0x00000111   Data   RW          306    .data               hmi_app.o
    0x20000159   COMPRESSED   0x00000001   Data   RW          361    .data               surge_app.o
    0x2000015a   COMPRESSED   0x00000002   Data   RW          411    .data               switchin_app.o
    0x2000015c   COMPRESSED   0x00000004   PAD
    0x20000160   COMPRESSED   0x00000015   Data   RW          432    .data               movfail_app.o
    0x20000175   COMPRESSED   0x00000003   PAD
    0x20000178   COMPRESSED   0x0000008c   Data   RW          477    .data               modbus_app.o
    0x20000204   COMPRESSED   0x000000b9   Data   RW          577    .data               mb.o
    0x200002bd   COMPRESSED   0x00000003   PAD
    0x200002c0   COMPRESSED   0x0000000c   Data   RW          725    .data               mbrtu.o
    0x200002cc   COMPRESSED   0x00000004   PAD
    0x200002d0   COMPRESSED   0x0000000c   Data   RW          870    .data               systick_drv.o
    0x200002dc   COMPRESSED   0x00000024   Data   RW          931    .data               led_drv.o
    0x20000300   COMPRESSED   0x00000008   Data   RW         1005    .data               ntc_drv.o
    0x20000308   COMPRESSED   0x00000030   Data   RW         1163    .data               key_drv.o
    0x20000338   COMPRESSED   0x00000001   Data   RW         1335    .data               timing_drv.o
    0x20000339   COMPRESSED   0x00000003   PAD
    0x2000033c   COMPRESSED   0x00000004   Data   RW         1382    .data               lcd12864_drv.o
    0x20000340   COMPRESSED   0x00000028   Data   RW         1489    .data               surgecs_drv.o
    0x20000368   COMPRESSED   0x0000001a   Data   RW         1530    .data               switchinput_drv.o
    0x20000382   COMPRESSED   0x00000002   Data   RW         1551    .data               portevent.o
    0x20000384   COMPRESSED   0x00000014   Data   RW         1584    .data               portserial.o
    0x20000398   COMPRESSED   0x00000014   Data   RW         3269    .data               stm32f10x_rcc.o
    0x200003ac   COMPRESSED   0x00000014   Data   RW         4643    .data               system_stm32f10x.o
    0x200003c0   COMPRESSED   0x00000004   Data   RW         4736    .data               mc_w.l(stderr.o)
    0x200003c4        -       0x0000000c   Zero   RW          216    .bss                store_app.o
    0x200003d0        -       0x00000028   Zero   RW          305    .bss                hmi_app.o
    0x200003f8        -       0x0000000c   Zero   RW          360    .bss                surge_app.o
    0x20000404        -       0x00000010   Zero   RW          410    .bss                switchin_app.o
    0x20000414        -       0x0000001f   Zero   RW          475    .bss                modbus_app.o
    0x20000433        -       0x00000100   Zero   RW          723    .bss                mbrtu.o
    0x20000533   COMPRESSED   0x00000001   PAD
    0x20000534        -       0x0000000c   Zero   RW          777    .bss                modbus_slave.o
    0x20000540        -       0x00000014   Zero   RW         1003    .bss                ntc_drv.o
    0x20000554   COMPRESSED   0x00000004   PAD
    0x20000558        -       0x00000040   Zero   RW         1162    .bss                key_drv.o
    0x20000598        -       0x0000001e   Zero   RW         1488    .bss                surgecs_drv.o
    0x200005b6   COMPRESSED   0x00000002   PAD
    0x200005b8        -       0x0000002c   Zero   RW         4791    .bss                mc_w.l(localtime_w.o)
    0x200005e4   COMPRESSED   0x00000004   PAD
    0x200005e8        -       0x00003000   Zero   RW         4673    STACK               startup_stm32f10x_hd.o


==============================================================================

Image component sizes


      Code (inc. data)   RO Data    RW Data    ZI Data      Debug   Object Name

       124         16          0          0          0       1642   delay.o
       844         40          0          0          0       7082   eeprom_drv.o
      2804        446          0        273         40      22670   hmi_app.o
       382         16          0         48         64       2809   key_drv.o
      1842         96          0          4          0      13065   lcd12864_drv.o
       292         20          0         36          0       2890   led_drv.o
       272         20          0         72          0     276718   main.o
       664        140          0        185          0       5855   mb.o
        56          8        512          0          0       1220   mbcrc.o
       164          0          0          0          0       1600   mbfuncdisc.o
       302          0          0          0          0       3977   mbfuncholding.o
      1000        306         99         12        256       6159   mbrtu.o
        34          0          0          0          0        580   mbutils.o
       132         22          0          0          0       1551   misc.o
       854         58         20        140         31      14150   modbus_app.o
       136         18          0          0         12       2587   modbus_slave.o
       284         46          0         21          0       3002   movfail_app.o
       770         32          0          0          0       9553   norflash_drv.o
       624         50        200          8         20       8781   ntc_drv.o
         0          0       1024          0          0        610   picture.o
        76         24          0          2          0       2112   portevent.o
       516         54          0         20          0       6140   portserial.o
       260         28          0          0          0       2591   porttimer.o
       196         52          0          0          0       2221   retarget_io.o
       242          4          0          0          0       2530   rtc_drv.o
         8          0          0          0          0        462   sensor_app.o
        28          0          0          0          0       1856   sensor_drv.o
        36          8        304          0      12288        828   startup_stm32f10x_hd.o
       486         24          0          0          0       8650   stm32f10x_adc.o
        72         10          0          0          0       2704   stm32f10x_bkp.o
       428          8          0          0          0       4576   stm32f10x_dma.o
       458          6          0          0          0       5106   stm32f10x_gpio.o
        26          0          0          0          0       3997   stm32f10x_it.o
        12          6          0          0          0        514   stm32f10x_pwr.o
       548         82          0         20          0       9483   stm32f10x_rcc.o
       176         34          0          0          0       3559   stm32f10x_rtc.o
       744        106          0          0          0       5456   stm32f10x_tim.o
       664         28          0          0          0       8615   stm32f10x_usart.o
       478         32         12          0         12       8932   store_app.o
       348         34          0          1         12       4462   surge_app.o
       482         44          0         40         30       4526   surgecs_drv.o
       140         10          0          2         16       1911   switchin_app.o
       152         14          0         26          0       2037   switchinput_drv.o
       328         28          0         20          0       2173   system_stm32f10x.o
       176         32          0         12          0      17840   systick_drv.o
       182          6          0          1          0       1800   timing_drv.o

    ----------------------------------------------------------------------
     18888       2008       2204        960      12788     501582   Object Totals
         0          0         32          0          0          0   (incl. Generated)
        46          0          1         17          7          0   (incl. Padding)

    ----------------------------------------------------------------------

      Code (inc. data)   RO Data    RW Data    ZI Data      Debug   Library Member Name

        86          0          0          0          0          0   __dczerorl2.o
         0          0          0          0          0          0   entry.o
         0          0          0          0          0          0   entry10a.o
         0          0          0          0          0          0   entry11a.o
         8          4          0          0          0          0   entry2.o
         4          0          0          0          0          0   entry5.o
         0          0          0          0          0          0   entry7b.o
         0          0          0          0          0          0   entry8b.o
         8          4          0          0          0          0   entry9a.o
        24          0          0          0          0         80   fputs.o
        30          0          0          0          0          0   handlers.o
        36          8          0          0          0         68   init.o
         0          0          0          0          0          0   iusefp.o
        30          0          0          0          0         68   llshl.o
        32          0          0          0          0         68   llushr.o
       140          6         12          0          0         76   localtime_i.o
        12          6          0          0         44         68   localtime_w.o
        36          0          0          0          0         68   memcpya.o
        36          0          0          0          0        108   memseta.o
       156          0          0          0          0         88   qsort.o
         0          0          0          4          0          0   stderr.o
        98          0          0          0          0         92   uldiv.o
        48          0          0          0          0         68   cdrcmple.o
        20          0          0          0          0         68   cfcmple.o
        20          0          0          0          0         68   cfrcmple.o
        38          0          0          0          0         68   f2d.o
       124          0          0          0          0         88   fdiv.o
       110          0          0          0          0        168   fepilogue.o
        40          0          0          0          0         68   ffixui.o
        18          0          0          0          0         68   fflti.o
        10          0          0          0          0         68   ffltui.o
       100          0          0          0          0         76   fmul.o

    ----------------------------------------------------------------------
      1268         28         12          4         48       1592   Library Totals
         4          0          0          0          4          0   (incl. Padding)

    ----------------------------------------------------------------------

      Code (inc. data)   RO Data    RW Data    ZI Data      Debug   Library Name

       736         28         12          4         44        784   mc_w.l
       528          0          0          0          0        808   mf_w.l

    ----------------------------------------------------------------------
      1268         28         12          4         48       1592   Library Totals

    ----------------------------------------------------------------------

==============================================================================


      Code (inc. data)   RO Data    RW Data    ZI Data      Debug   

     20156       2036       2216        964      12836     489366   Grand Totals
     20156       2036       2216        336      12836     489366   ELF Image Totals (compressed)
     20156       2036       2216        336          0          0   ROM Totals

==============================================================================

    Total RO  Size (Code + RO Data)                22372 (  21.85kB)
    Total RW  Size (RW Data + ZI Data)             13800 (  13.48kB)
    Total ROM Size (Code + RO Data + RW Data)      22708 (  22.18kB)

==============================================================================

