Component: ARM Compiler 5.06 update 6 (build 750) Tool: armlink [4d35ed]

==============================================================================

Section Cross References

    main.o(i.AppInit) refers to systick_drv.o(i.TaskScheduleCbReg) for TaskScheduleCbReg
    main.o(i.AppInit) refers to store_app.o(i.InitSysParam) for InitSysParam
    main.o(i.AppInit) refers to modbus_app.o(i.ModbusAppInit) for ModbusAppInit
    main.o(i.AppInit) refers to main.o(i.TaskScheduleCb) for TaskScheduleCb
    main.o(i.DrvInit) refers to delay.o(i.DelayInit) for DelayInit
    main.o(i.DrvInit) refers to led_drv.o(i.LedDrvInit) for LedDrvInit
    main.o(i.DrvInit) refers to key_drv.o(i.KeyDrvInit) for KeyDrvInit
    main.o(i.DrvInit) refers to switch_drv.o(i.Switchinput_DrvInit) for Switchinput_DrvInit
    main.o(i.DrvInit) refers to rtc_drv.o(i.RtcDrvInit) for RtcDrvInit
    main.o(i.DrvInit) refers to eeprom_drv.o(i.EepromDrvInit) for EepromDrvInit
    main.o(i.DrvInit) refers to norflash_drv.o(i.NorflashDrvInit) for NorflashDrvInit
    main.o(i.DrvInit) refers to delay.o(i.DelayNms) for DelayNms
    main.o(i.DrvInit) refers to lcd12864_drv.o(i.Lcd12864DrvInit) for Lcd12864DrvInit
    main.o(i.DrvInit) refers to iwdg_drv.o(i.IwdgDrvInit) for IwdgDrvInit
    main.o(i.DrvInit) refers to sensor_drv.o(i.SensorDrvInit) for SensorDrvInit
    main.o(i.TaskHandler) refers to main.o(.data) for g_taskComps
    main.o(i.TaskScheduleCb) refers to main.o(.data) for g_taskComps
    main.o(i.main) refers to iap_drv.o(i.InitIrqAfterBoot) for InitIrqAfterBoot
    main.o(i.main) refers to systick_drv.o(i.SysTick_Init) for SysTick_Init
    main.o(i.main) refers to main.o(i.DrvInit) for DrvInit
    main.o(i.main) refers to main.o(i.AppInit) for AppInit
    main.o(i.main) refers to main.o(i.TaskHandler) for TaskHandler
    main.o(.data) refers to hmi_app2.o(i.HmiTask) for HmiTask
    main.o(.data) refers to modbus_app.o(i.ModbusTask) for ModbusTask
    main.o(.data) refers to sensor_app.o(i.Sensor_Task) for Sensor_Task
    main.o(.data) refers to invalid_app.o(i.Invalid_Task) for Invalid_Task
    store_app.o(i.GetModbusAddrData) refers to store_app.o(.bss) for g_sysParamCurrent
    store_app.o(i.GetModbusBaudData) refers to store_app.o(.bss) for g_sysParamCurrent
    store_app.o(i.InitSysParam) refers to store_app.o(i.ReadSysParam) for ReadSysParam
    store_app.o(i.InitSysParam) refers to surgemdl_drv.o(i.PresetNum_Surge) for PresetNum_Surge
    store_app.o(i.InitSysParam) refers to store_app.o(i.WriteSysParam) for WriteSysParam
    store_app.o(i.InitSysParam) refers to store_app.o(.bss) for g_sysParamCurrent
    store_app.o(i.InitSysParam) refers to store_app.o(.constdata) for g_sysParamDefault
    store_app.o(i.ReadDataWithCheck) refers to eeprom_drv.o(i.ReadEepromData) for ReadEepromData
    store_app.o(i.ReadDataWithCheck) refers to store_app.o(i.CalcCrc8) for CalcCrc8
    store_app.o(i.ReadSysParam) refers to store_app.o(i.ReadDataWithCheck) for ReadDataWithCheck
    store_app.o(i.SetModbusAddrParam) refers to mb.o(i.eMBSetSlaveAddr) for eMBSetSlaveAddr
    store_app.o(i.SetModbusAddrParam) refers to store_app.o(i.WriteSysParam) for WriteSysParam
    store_app.o(i.SetModbusAddrParam) refers to store_app.o(.bss) for g_sysParamCurrent
    store_app.o(i.SetModbusBaudParam) refers to store_app.o(i.WriteSysParam) for WriteSysParam
    store_app.o(i.SetModbusBaudParam) refers to store_app.o(.bss) for g_sysParamCurrent
    store_app.o(i.WriteDataWithCheck) refers to store_app.o(i.CalcCrc8) for CalcCrc8
    store_app.o(i.WriteDataWithCheck) refers to eeprom_drv.o(i.WriteEepromData) for WriteEepromData
    store_app.o(i.WriteSysParam) refers to store_app.o(i.WriteDataWithCheck) for WriteDataWithCheck
    sensor_app.o(i.Sensor_Task) refers to sensor_drv.o(i.SensorDrvProc) for SensorDrvProc
    sensor_app.o(i.Sensor_Task) refers to iwdg_drv.o(i.FeedDog) for FeedDog
    surge_history.o(i.EraseSurgeHistoryInfo) refers to norflash_drv.o(i.EraseNorflashForWrite) for EraseNorflashForWrite
    surge_history.o(i.EraseSurgeHistoryInfo) refers to led_drv.o(i.ToggleLed) for ToggleLed
    surge_history.o(i.EraseSurgeHistoryInfo) refers to surge_history.o(i.StoreSurgeNum) for StoreSurgeNum
    surge_history.o(i.EraseSurgeHistoryInfo) refers to surgemdl_drv.o(i.PresetNum_Surge) for PresetNum_Surge
    surge_history.o(i.EraseSurgeHistoryInfo) refers to surge_history.o(.bss) for sensorData
    surge_history.o(i.GetSurgeHistoryInfo) refers to norflash_drv.o(i.ReadNorflashData) for ReadNorflashData
    surge_history.o(i.RecordSurgeParam) refers to norflash_drv.o(i.EraseNorflashForWrite) for EraseNorflashForWrite
    surge_history.o(i.RecordSurgeParam) refers to norflash_drv.o(i.WriteNorflashData) for WriteNorflashData
    surge_history.o(i.RecordSurgeParam) refers to surge_history.o(.data) for Num
    surge_history.o(i.StoreSurgeNum) refers to store_app.o(i.ReadSysParam) for ReadSysParam
[...]
    _printf_g                                0x00000000   Number         0  stubs.o ABSOLUTE
    _printf_i                                0x00000000   Number         0  stubs.o ABSOLUTE
    _printf_int_dec                          0x00000000   Number         0  stubs.o ABSOLUTE
    _printf_l                                0x00000000   Number         0  stubs.o ABSOLUTE
    _printf_lc                               0x00000000   Number         0  stubs.o ABSOLUTE
    _printf_ll                               0x00000000   Number         0  stubs.o ABSOLUTE
    _printf_lld                              0x00000000   Number         0  stubs.o ABSOLUTE
    _printf_lli                              0x00000000   Number         0  stubs.o ABSOLUTE
    _printf_llo                              0x00000000   Number         0  stubs.o ABSOLUTE
    _printf_llu                              0x00000000   Number         0  stubs.o ABSOLUTE
    _printf_llx                              0x00000000   Number         0  stubs.o ABSOLUTE
    _printf_longlong_dec                     0x00000000   Number         0  stubs.o ABSOLUTE
    _printf_longlong_hex                     0x00000000   Number         0  stubs.o ABSOLUTE
    _printf_longlong_oct                     0x00000000   Number         0  stubs.o ABSOLUTE
    _printf_ls                               0x00000000   Number         0  stubs.o ABSOLUTE
    _printf_mbtowc                           0x00000000   Number         0  stubs.o ABSOLUTE
    _printf_n                                0x00000000   Number         0  stubs.o ABSOLUTE
    _printf_o                                0x00000000   Number         0  stubs.o ABSOLUTE
    _printf_p                                0x00000000   Number         0  stubs.o ABSOLUTE
    _printf_percent                          0x00000000   Number         0  stubs.o ABSOLUTE
    _printf_pre_padding                      0x00000000   Number         0  stubs.o ABSOLUTE
    _printf_return_value                     0x00000000   Number         0  stubs.o ABSOLUTE
    _printf_s                                0x00000000   Number         0  stubs.o ABSOLUTE
    _printf_sizespec                         0x00000000   Number         0  stubs.o ABSOLUTE
    _printf_str                              0x00000000   Number         0  stubs.o ABSOLUTE
    _printf_truncate_signed                  0x00000000   Number         0  stubs.o ABSOLUTE
    _printf_truncate_unsigned                0x00000000   Number         0  stubs.o ABSOLUTE
    _printf_u                                0x00000000   Number         0  stubs.o ABSOLUTE
    _printf_wc                               0x00000000   Number         0  stubs.o ABSOLUTE
    _printf_wctomb                           0x00000000   Number         0  stubs.o ABSOLUTE
    _printf_widthprec                        0x00000000   Number         0  stubs.o ABSOLUTE
    _printf_x                                0x00000000   Number         0  stubs.o ABSOLUTE
    __cpp_initialize__aeabi_                  - Undefined Weak Reference
    __cxa_finalize                            - Undefined Weak Reference
    _clock_init                               - Undefined Weak Reference
    _microlib_exit                            - Undefined Weak Reference
    __Vectors_Size                           0x00000130   Number         0  startup_stm32f10x_hd.o ABSOLUTE
    __Vectors                                0x08003000   Data           4  startup_stm32f10x_hd.o(RESET)
    __Vectors_End                            0x08003130   Data           0  startup_stm32f10x_hd.o(RESET)
    __main                                   0x08003131   Thumb Code     0  entry.o(.ARM.Collect$$$$00000000)
    _main_stk                                0x08003131   Thumb Code     0  entry2.o(.ARM.Collect$$$$00000001)
    _main_scatterload                        0x08003135   Thumb Code     0  entry5.o(.ARM.Collect$$$$00000004)
    __main_after_scatterload                 0x08003139   Thumb Code     0  entry5.o(.ARM.Collect$$$$00000004)
    _main_clock                              0x08003139   Thumb Code     0  entry7b.o(.ARM.Collect$$$$00000008)
    _main_cpp_init                           0x08003139   Thumb Code     0  entry8b.o(.ARM.Collect$$$$0000000A)
    _main_init                               0x08003139   Thumb Code     0  entry9a.o(.ARM.Collect$$$$0000000B)
    __rt_final_cpp                           0x08003141   Thumb Code     0  entry10a.o(.ARM.Collect$$$$0000000D)
    __rt_final_exit                          0x08003141   Thumb Code     0  entry11a.o(.ARM.Collect$$$$0000000F)
    Reset_Handler                            0x08003145   Thumb Code     8  startup_stm32f10x_hd.o(.text)
    ADC1_2_IRQHandler                        0x0800315f   Thumb Code     0  startup_stm32f10x_hd.o(.text)
    ADC3_IRQHandler                          0x0800315f   Thumb Code     0  startup_stm32f10x_hd.o(.text)
    CAN1_RX1_IRQHandler                      0x0800315f   Thumb Code     0  startup_stm32f10x_hd.o(.text)
    CAN1_SCE_IRQHandler                      0x0800315f   Thumb Code     0  startup_stm32f10x_hd.o(.text)
    DMA1_Channel1_IRQHandler                 0x0800315f   Thumb Code     0  startup_stm32f10x_hd.o(.text)
    DMA1_Channel2_IRQHandler                 0x0800315f   Thumb Code     0  startup_stm32f10x_hd.o(.text)
    DMA1_Channel3_IRQHandler                 0x0800315f   Thumb Code     0  startup_stm32f10x_hd.o(.text)
    DMA1_Channel4_IRQHandler                 0x0800315f   Thumb Code     0  startup_stm32f10x_hd.o(.text)
    DMA1_Channel5_IRQHandler                 0x0800315f   Thumb Code     0  startup_stm32f10x_hd.o(.text)
    DMA1_Channel6_IRQHandler                 0x0800315f   Thumb Code     0  startup_stm32f10x_hd.o(.text)
    DMA1_Channel7_IRQHandler                 0x0800315f   Thumb Code     0  startup_stm32f10x_hd.o(.text)
    DMA2_Channel1_IRQHandler                 0x0800315f   Thumb Code     0  startup_stm32f10x_hd.o(.text)
    DMA2_Channel2_IRQHandler                 0x0800315f   Thumb Code     0  startup_stm32f10x_hd.o(.text)
    DMA2_Channel3_IRQHandler                 0x0800315f   Thumb Code     0  startup_stm32f10x_hd.o(.text)
    DMA2_Channel4_5_IRQHandler               0x0800315f   Thumb Code     0  startup_stm32f10x_hd.o(.text)
    EXTI0_IRQHandler                         0x0800315f   Thumb Code     0  startup_stm32f10x_hd.o(.text)
    EXTI15_10_IRQHandler                     0x0800315f   Thumb Code     0  startup_stm32f10x_hd.o(.text)
    EXTI1_IRQHandler                         0x0800315f   Thumb Code     0  startup_stm32f10x_hd.o(.text)
    EXTI2_IRQHandler                         0x0800315f   Thumb Code     0  startup_stm32f10x_hd.o(.text)
    EXTI3_IRQHandler                         0x0800315f   Thumb Code     0  startup_stm32f10x_hd.o(.text)
    EXTI4_IRQHandler                         0x0800315f   Thumb Code     0  startup_stm32f10x_hd.o(.text)
    EXTI9_5_IRQHandler                       0x0800315f   Thumb Code     0  startup_stm32f10x_hd.o(.text)
    FLASH_IRQHandler                         0x0800315f   Thumb Code     0  startup_stm32f10x_hd.o(.text)
    FSMC_IRQHandler                          0x0800315f   Thumb Code     0  startup_stm32f10x_hd.o(.text)
    I2C1_ER_IRQHandler                       0x0800315f   Thumb Code     0  startup_stm32f10x_hd.o(.text)
    I2C1_EV_IRQHandler                       0x0800315f   Thumb Code     0  startup_stm32f10x_hd.o(.text)
    I2C2_ER_IRQHandler                       0x0800315f   Thumb Code     0  startup_stm32f10x_hd.o(.text)
    I2C2_EV_IRQHandler                       0x0800315f   Thumb Code     0  startup_stm32f10x_hd.o(.text)
    RCC_IRQHandler                           0x0800315f   Thumb Code     0  startup_stm32f10x_hd.o(.text)
    RTCAlarm_IRQHandler                      0x0800315f   Thumb Code     0  startup_stm32f10x_hd.o(.text)
    RTC_IRQHandler                           0x0800315f   Thumb Code     0  startup_stm32f10x_hd.o(.text)
    SDIO_IRQHandler                          0x0800315f   Thumb Code     0  startup_stm32f10x_hd.o(.text)
    SPI1_IRQHandler                          0x0800315f   Thumb Code     0  startup_stm32f10x_hd.o(.text)
    SPI2_IRQHandler                          0x0800315f   Thumb Code     0  startup_stm32f10x_hd.o(.text)
    SPI3_IRQHandler                          0x0800315f   Thumb Code     0  startup_stm32f10x_hd.o(.text)
    TAMPER_IRQHandler                        0x0800315f   Thumb Code     0  startup_stm32f10x_hd.o(.text)
    TIM1_BRK_IRQHandler                      0x0800315f   Thumb Code     0  startup_stm32f10x_hd.o(.text)
    TIM1_CC_IRQHandler                       0x0800315f   Thumb Code     0  startup_stm32f10x_hd.o(.text)
    TIM1_TRG_COM_IRQHandler                  0x0800315f   Thumb Code     0  startup_stm32f10x_hd.o(.text)
    TIM1_UP_IRQHandler                       0x0800315f   Thumb Code     0  startup_stm32f10x_hd.o(.text)
    TIM2_IRQHandler                          0x0800315f   Thumb Code     0  startup_stm32f10x_hd.o(.text)
    TIM3_IRQHandler                          0x0800315f   Thumb Code     0  startup_stm32f10x_hd.o(.text)
    TIM4_IRQHandler                          0x0800315f   Thumb Code     0  startup_stm32f10x_hd.o(.text)
    TIM6_IRQHandler                          0x0800315f   Thumb Code     0  startup_stm32f10x_hd.o(.text)
    TIM7_IRQHandler                          0x0800315f   Thumb Code     0  startup_stm32f10x_hd.o(.text)
    TIM8_BRK_IRQHandler                      0x0800315f   Thumb Code     0  startup_stm32f10x_hd.o(.text)
    TIM8_CC_IRQHandler                       0x0800315f   Thumb Code     0  startup_stm32f10x_hd.o(.text)
    TIM8_TRG_COM_IRQHandler                  0x0800315f   Thumb Code     0  startup_stm32f10x_hd.o(.text)
    TIM8_UP_IRQHandler                       0x0800315f   Thumb Code     0  startup_stm32f10x_hd.o(.text)
    UART4_IRQHandler                         0x0800315f   Thumb Code     0  startup_stm32f10x_hd.o(.text)
    UART5_IRQHandler                         0x0800315f   Thumb Code     0  startup_stm32f10x_hd.o(.text)
    USART3_IRQHandler                        0x0800315f   Thumb Code     0  startup_stm32f10x_hd.o(.text)
    USBWakeUp_IRQHandler                     0x0800315f   Thumb Code     0  startup_stm32f10x_hd.o(.text)
    USB_HP_CAN1_TX_IRQHandler                0x0800315f   Thumb Code     0  startup_stm32f10x_hd.o(.text)
    USB_LP_CAN1_RX0_IRQHandler               0x0800315f   Thumb Code     0  startup_stm32f10x_hd.o(.text)
    WWDG_IRQHandler                          0x0800315f   Thumb Code     0  startup_stm32f10x_hd.o(.text)
    __aeabi_uldivmod                         0x08003169   Thumb Code    98  uldiv.o(.text)
    qsort                                    0x080031cb   Thumb Code   156  qsort.o(.text)
    __aeabi_memcpy                           0x08003267   Thumb Code    36  memcpya.o(.text)
    __aeabi_memcpy4                          0x08003267   Thumb Code     0  memcpya.o(.text)
    __aeabi_memcpy8                          0x08003267   Thumb Code     0  memcpya.o(.text)
    __aeabi_memset                           0x0800328b   Thumb Code    14  memseta.o(.text)
    __aeabi_memset4                          0x0800328b   Thumb Code     0  memseta.o(.text)
    __aeabi_memset8                          0x0800328b   Thumb Code     0  memseta.o(.text)
    __aeabi_memclr                           0x08003299   Thumb Code     4  memseta.o(.text)
    __aeabi_memclr4                          0x08003299   Thumb Code     0  memseta.o(.text)
    __aeabi_memclr8                          0x08003299   Thumb Code     0  memseta.o(.text)
    _memset$wrapper                          0x0800329d   Thumb Code    18  memseta.o(.text)
    __aeabi_fadd                             0x080032af   Thumb Code   164  fadd.o(.text)
    __aeabi_fsub                             0x08003353   Thumb Code     6  fadd.o(.text)
    __aeabi_frsub                            0x08003359   Thumb Code     6  fadd.o(.text)
    __aeabi_fmul                             0x0800335f   Thumb Code   100  fmul.o(.text)
    __aeabi_fdiv                             0x080033c3   Thumb Code   124  fdiv.o(.text)
    __aeabi_dadd                             0x0800343f   Thumb Code   322  dadd.o(.text)
    __aeabi_dsub                             0x08003581   Thumb Code     6  dadd.o(.text)
    __aeabi_drsub                            0x08003587   Thumb Code     6  dadd.o(.text)
    __aeabi_dmul                             0x0800358d   Thumb Code   228  dmul.o(.text)
    __aeabi_ddiv                             0x08003671   Thumb Code   222  ddiv.o(.text)
    __aeabi_i2f                              0x0800374f   Thumb Code    18  fflti.o(.text)
    __aeabi_ui2f                             0x08003761   Thumb Code    10  ffltui.o(.text)
    __aeabi_ui2d                             0x0800376b   Thumb Code    26  dfltui.o(.text)
    __aeabi_f2uiz                            0x08003785   Thumb Code    40  ffixui.o(.text)
    __aeabi_f2d                              0x080037ad   Thumb Code    38  f2d.o(.text)
    __aeabi_d2f                              0x080037d3   Thumb Code    56  d2f.o(.text)
    __aeabi_cfcmpeq                          0x0800380d   Thumb Code     0  cfcmple.o(.text)
    __aeabi_cfcmple                          0x0800380d   Thumb Code    20  cfcmple.o(.text)
    __aeabi_cfrcmple                         0x08003821   Thumb Code    20  cfrcmple.o(.text)
    __aeabi_uidiv                            0x08003835   Thumb Code     0  uidiv.o(.text)
    __aeabi_uidivmod                         0x08003835   Thumb Code    44  uidiv.o(.text)
    __aeabi_llsl                             0x08003861   Thumb Code    30  llshl.o(.text)
    _ll_shift_l                              0x08003861   Thumb Code     0  llshl.o(.text)
    __aeabi_llsr                             0x0800387f   Thumb Code    32  llushr.o(.text)
    _ll_ushift_r                             0x0800387f   Thumb Code     0  llushr.o(.text)
    __aeabi_lasr                             0x0800389f   Thumb Code    36  llsshr.o(.text)
    _ll_sshift_r                             0x0800389f   Thumb Code     0  llsshr.o(.text)
    localtime                                0x080038c5   Thumb Code     6  localtime_w.o(.text)
    _localtime                               0x080038d1   Thumb Code   134  localtime_i.o(.text)
    __I$use$fp                               0x0800395d   Thumb Code     0  iusefp.o(.text)
    _float_round                             0x0800395d   Thumb Code    18  fepilogue.o(.text)
    _float_epilogue                          0x0800396f   Thumb Code    92  fepilogue.o(.text)
    _double_round                            0x080039cb   Thumb Code    30  depilogue.o(.text)
    _double_epilogue                         0x080039e9   Thumb Code   156  depilogue.o(.text)
    __ARM_scalbn                             0x08003a85   Thumb Code    46  dscalb.o(.text)
    scalbn                                   0x08003a85   Thumb Code     0  dscalb.o(.text)
    __aeabi_i2d                              0x08003ab3   Thumb Code    34  dflti.o(.text)
    __aeabi_d2ulz                            0x08003ad5   Thumb Code    48  dfixul.o(.text)
    __aeabi_cdcmpeq                          0x08003b05   Thumb Code     0  cdcmple.o(.text)
    __aeabi_cdcmple                          0x08003b05   Thumb Code    48  cdcmple.o(.text)
    __aeabi_cdrcmple                         0x08003b35   Thumb Code    48  cdrcmple.o(.text)
    __scatterload                            0x08003b65   Thumb Code    28  init.o(.text)
    __scatterload_rt2                        0x08003b65   Thumb Code     0  init.o(.text)
    __decompress                             0x08003b89   Thumb Code     0  __dczerorl2.o(.text)
    __decompress1                            0x08003b89   Thumb Code    86  __dczerorl2.o(.text)
    ADC_Cmd                                  0x08003bdf   Thumb Code    22  stm32f10x_adc.o(i.ADC_Cmd)
    ADC_DeInit                               0x08003bf5   Thumb Code    78  stm32f10x_adc.o(i.ADC_DeInit)
    ADC_GetCalibrationStatus                 0x08003c51   Thumb Code    20  stm32f10x_adc.o(i.ADC_GetCalibrationStatus)
    ADC_GetConversionValue                   0x08003c65   Thumb Code     8  stm32f10x_adc.o(i.ADC_GetConversionValue)
    ADC_GetFlagStatus                        0x08003c6d   Thumb Code    18  stm32f10x_adc.o(i.ADC_GetFlagStatus)
    ADC_GetResetCalibrationStatus            0x08003c7f   Thumb Code    20  stm32f10x_adc.o(i.ADC_GetResetCalibrationStatus)
    ADC_Init                                 0x08003c95   Thumb Code    70  stm32f10x_adc.o(i.ADC_Init)
    ADC_RegularChannelConfig                 0x08003ce5   Thumb Code   184  stm32f10x_adc.o(i.ADC_RegularChannelConfig)
    ADC_ResetCalibration                     0x08003d9d   Thumb Code    10  stm32f10x_adc.o(i.ADC_ResetCalibration)
    ADC_SoftwareStartConvCmd                 0x08003da7   Thumb Code    22  stm32f10x_adc.o(i.ADC_SoftwareStartConvCmd)
    ADC_StartCalibration                     0x08003dbd   Thumb Code    10  stm32f10x_adc.o(i.ADC_StartCalibration)
    BKP_DeInit                               0x08003f67   Thumb Code    16  stm32f10x_bkp.o(i.BKP_DeInit)
    BKP_ReadBackupRegister                   0x08003f79   Thumb Code    24  stm32f10x_bkp.o(i.BKP_ReadBackupRegister)
    BKP_WriteBackupRegister                  0x08003f95   Thumb Code    22  stm32f10x_bkp.o(i.BKP_WriteBackupRegister)
    BusFault_Handler                         0x08003fb1   Thumb Code     4  stm32f10x_it.o(i.BusFault_Handler)
    CustomFuncHandlerCbReg                   0x080040f5   Thumb Code     6  mb.o(i.CustomFuncHandlerCbReg)
    DMA_Cmd                                  0x08004101   Thumb Code    24  stm32f10x_dma.o(i.DMA_Cmd)
    DMA_DeInit                               0x08004119   Thumb Code   324  stm32f10x_dma.o(i.DMA_DeInit)
    DMA_GetCurrDataCounter                   0x08004265   Thumb Code     8  stm32f10x_dma.o(i.DMA_GetCurrDataCounter)
    DMA_Init                                 0x0800426d   Thumb Code    60  stm32f10x_dma.o(i.DMA_Init)
    DMA_SetCurrDataCounter                   0x080042a9   Thumb Code     4  stm32f10x_dma.o(i.DMA_SetCurrDataCounter)
    DebugMon_Handler                         0x080042ad   Thumb Code     2  stm32f10x_it.o(i.DebugMon_Handler)
    DelayInit                                0x080042b1   Thumb Code    30  delay.o(i.DelayInit)
    DelayNms                                 0x080042d9   Thumb Code    24  delay.o(i.DelayNms)
    DelayNus                                 0x080042f1   Thumb Code    54  delay.o(i.DelayNus)
    DisplayInvalidTimePage                   0x08004485   Thumb Code    16  hmi_invalid_history.o(i.DisplayInvalidTimePage)
    DisplayMainpage                          0x08004549   Thumb Code    24  hmi_mainpage.o(i.DisplayMainpage)
    DisplayMenuKey                           0x08004561   Thumb Code    14  hmi_common.o(i.DisplayMenuKey)
    DisplayRS485ConfigPage                   0x08004579   Thumb Code    12  hmi_serialwork.o(i.DisplayRS485ConfigPage)
    DisplayRS485StatePage                    0x08004585   Thumb Code   106  hmi_serialwork.o(i.DisplayRS485StatePage)
    DisplaySurgeHistoryPage                  0x08004621   Thumb Code    16  hmi_surge_history.o(i.DisplaySurgeHistoryPage)
    EepromDrvInit                            0x080049f1   Thumb Code     8  eeprom_drv.o(i.EepromDrvInit)
    EraseNorflashForWrite                    0x08004a37   Thumb Code    92  norflash_drv.o(i.EraseNorflashForWrite)
    EraseSurgeHistoryInfo                    0x08004ac9   Thumb Code    54  surge_history.o(i.EraseSurgeHistoryInfo)
    FeedDog                                  0x08004b05   Thumb Code     8  iwdg_drv.o(i.FeedDog)
    GPIO_Init                                0x08004b0d   Thumb Code   278  stm32f10x_gpio.o(i.GPIO_Init)
    GPIO_PinRemapConfig                      0x08004c25   Thumb Code   138  stm32f10x_gpio.o(i.GPIO_PinRemapConfig)
    GPIO_ReadInputDataBit                    0x08004cb5   Thumb Code    18  stm32f10x_gpio.o(i.GPIO_ReadInputDataBit)
    GPIO_ResetBits                           0x08004cc7   Thumb Code     4  stm32f10x_gpio.o(i.GPIO_ResetBits)
    GPIO_SetBits                             0x08004ccb   Thumb Code     4  stm32f10x_gpio.o(i.GPIO_SetBits)
    GPIO_WriteBit                            0x08004ccf   Thumb Code    10  stm32f10x_gpio.o(i.GPIO_WriteBit)
    GetInvalidTime                           0x08004cf5   Thumb Code    18  invalid_app.o(i.GetInvalidTime)
    GetKeyVal                                0x08004d07   Thumb Code    34  key_drv.o(i.GetKeyVal)
    GetModbusAddrData                        0x08004e39   Thumb Code     6  store_app.o(i.GetModbusAddrData)
    GetModbusBaudData                        0x08004e45   Thumb Code     6  store_app.o(i.GetModbusBaudData)
    GetMovLevel                              0x08004e51   Thumb Code     6  mov_invalid.o(i.GetMovLevel)
    GetRefreshflag                           0x08004e5d   Thumb Code     6  surgemdl_drv.o(i.GetRefreshflag)
    GetRtcTime                               0x08004e69   Thumb Code    54  rtc_drv.o(i.GetRtcTime)
    GetSensorData                            0x08004e9f   Thumb Code    42  sensor_drv.o(i.GetSensorData)
    GetSurgeHistoryInfo                      0x08004ec9   Thumb Code    18  surge_history.o(i.GetSurgeHistoryInfo)
    GetSurgemdlData                          0x08004edd   Thumb Code    28  surgemdl_drv.o(i.GetSurgemdlData)
    GetSwitchinputStatus                     0x08004efd   Thumb Code    60  switch_drv.o(i.GetSwitchinputStatus)
    GetSysRunTime                            0x08004f41   Thumb Code     8  systick_drv.o(i.GetSysRunTime)
    GetTempData                              0x08004f4d   Thumb Code    22  ntc_drv.o(i.GetTempData)
    GetleftrightIndex                        0x08004f6d   Thumb Code     4  hmi_app2.o(i.GetleftrightIndex)
    HardFault_Handler                        0x08005045   Thumb Code     4  stm32f10x_it.o(i.HardFault_Handler)
    HmiTask                                  0x08005049   Thumb Code   108  hmi_app2.o(i.HmiTask)
    I2CSendAck                               0x08005115   Thumb Code    62  eeprom_drv.o(i.I2CSendAck)
    I2CSendNack                              0x080051b5   Thumb Code    52  eeprom_drv.o(i.I2CSendNack)
    IWDG_Enable                              0x080052c1   Thumb Code    10  stm32f10x_iwdg.o(i.IWDG_Enable)
    IWDG_ReloadCounter                       0x080052d1   Thumb Code    10  stm32f10x_iwdg.o(i.IWDG_ReloadCounter)
    IWDG_SetPrescaler                        0x080052e1   Thumb Code     6  stm32f10x_iwdg.o(i.IWDG_SetPrescaler)
    IWDG_SetReload                           0x080052ed   Thumb Code     6  stm32f10x_iwdg.o(i.IWDG_SetReload)
    IWDG_WriteAccessCmd                      0x080052f9   Thumb Code     6  stm32f10x_iwdg.o(i.IWDG_WriteAccessCmd)
    InitIrqAfterBoot                         0x08005305   Thumb Code    18  iap_drv.o(i.InitIrqAfterBoot)
    InitSysParam                             0x08005319   Thumb Code    62  store_app.o(i.InitSysParam)
    Invalid_Task                             0x08005361   Thumb Code    12  invalid_app.o(i.Invalid_Task)
    IwdgDrvInit                              0x0800536d   Thumb Code    30  iwdg_drv.o(i.IwdgDrvInit)
    KeyDrvInit                               0x0800538d   Thumb Code    94  key_drv.o(i.KeyDrvInit)
    Lcd12864DrvInit                          0x08005765   Thumb Code   148  lcd12864_drv.o(i.Lcd12864DrvInit)
    LcdDrawChinese                           0x08005801   Thumb Code    30  lcd12864_drv.o(i.LcdDrawChinese)
    LcdDrawPicture                           0x0800581f   Thumb Code    86  lcd12864_drv.o(i.LcdDrawPicture)
    LcdDrawString                            0x08005875   Thumb Code    30  lcd12864_drv.o(i.LcdDrawString)
    LedDrvInit                               0x08005895   Thumb Code   108  led_drv.o(i.LedDrvInit)
    MemManage_Handler                        0x08005945   Thumb Code     4  stm32f10x_it.o(i.MemManage_Handler)
    ModbusAppInit                            0x08005949   Thumb Code    44  modbus_app.o(i.ModbusAppInit)
    ModbusSlaveInit                          0x08005aad   Thumb Code    34  modbus_slave.o(i.ModbusSlaveInit)
    ModbusTask                               0x08005ad5   Thumb Code     8  modbus_app.o(i.ModbusTask)
    MovInvalidProc                           0x08005add   Thumb Code    16  mov_invalid.o(i.MovInvalidProc)
    NMI_Handler                              0x08005aed   Thumb Code     2  stm32f10x_it.o(i.NMI_Handler)
    NVIC_Init                                0x08005af1   Thumb Code   100  misc.o(i.NVIC_Init)
    NVIC_PriorityGroupConfig                 0x08005b61   Thumb Code    10  misc.o(i.NVIC_PriorityGroupConfig)
    NVIC_SetVectorTable                      0x08005b75   Thumb Code    12  misc.o(i.NVIC_SetVectorTable)
    NorflashDrvInit                          0x08005b89   Thumb Code     8  norflash_drv.o(i.NorflashDrvInit)
    PVD_IRQHandler                           0x08005b91   Thumb Code     2  stm32f10x_it.o(i.PVD_IRQHandler)
    PWR_BackupAccessCmd                      0x08005b95   Thumb Code     6  stm32f10x_pwr.o(i.PWR_BackupAccessCmd)
    PendSV_Handler                           0x08005ba1   Thumb Code     2  stm32f10x_it.o(i.PendSV_Handler)
    PresetNum_Surge                          0x08005ba5   Thumb Code     6  surgemdl_drv.o(i.PresetNum_Surge)
    PushDataToBuf                            0x08005de1   Thumb Code    40  ntc_drv.o(i.PushDataToBuf)
    RCC_ADCCLKConfig                         0x08005e11   Thumb Code    18  stm32f10x_rcc.o(i.RCC_ADCCLKConfig)
    RCC_AHBPeriphClockCmd                    0x08005e29   Thumb Code    26  stm32f10x_rcc.o(i.RCC_AHBPeriphClockCmd)
    RCC_APB1PeriphClockCmd                   0x08005e49   Thumb Code    26  stm32f10x_rcc.o(i.RCC_APB1PeriphClockCmd)
    RCC_APB1PeriphResetCmd                   0x08005e69   Thumb Code    26  stm32f10x_rcc.o(i.RCC_APB1PeriphResetCmd)
    RCC_APB2PeriphClockCmd                   0x08005e89   Thumb Code    26  stm32f10x_rcc.o(i.RCC_APB2PeriphClockCmd)
    RCC_APB2PeriphResetCmd                   0x08005ea9   Thumb Code    26  stm32f10x_rcc.o(i.RCC_APB2PeriphResetCmd)
    RCC_BackupResetCmd                       0x08005ec9   Thumb Code     6  stm32f10x_rcc.o(i.RCC_BackupResetCmd)
    RCC_GetClocksFreq                        0x08005ed5   Thumb Code   192  stm32f10x_rcc.o(i.RCC_GetClocksFreq)
    RCC_GetFlagStatus                        0x08005fa9   Thumb Code    56  stm32f10x_rcc.o(i.RCC_GetFlagStatus)
    RCC_LSEConfig                            0x08005fe5   Thumb Code    46  stm32f10x_rcc.o(i.RCC_LSEConfig)
    RCC_RTCCLKCmd                            0x08006019   Thumb Code     6  stm32f10x_rcc.o(i.RCC_RTCCLKCmd)
    RCC_RTCCLKConfig                         0x08006025   Thumb Code    12  stm32f10x_rcc.o(i.RCC_RTCCLKConfig)
    RTC_EnterConfigMode                      0x08006035   Thumb Code    14  stm32f10x_rtc.o(i.RTC_EnterConfigMode)
    RTC_ExitConfigMode                       0x08006049   Thumb Code    16  stm32f10x_rtc.o(i.RTC_ExitConfigMode)
    RTC_GetCounter                           0x0800605d   Thumb Code    16  stm32f10x_rtc.o(i.RTC_GetCounter)
    RTC_SetCounter                           0x08006071   Thumb Code    24  stm32f10x_rtc.o(i.RTC_SetCounter)
    RTC_SetPrescaler                         0x0800608d   Thumb Code    26  stm32f10x_rtc.o(i.RTC_SetPrescaler)
    RTC_WaitForLastTask                      0x080060ad   Thumb Code    16  stm32f10x_rtc.o(i.RTC_WaitForLastTask)
    RTC_WaitForSynchro                       0x080060c1   Thumb Code    30  stm32f10x_rtc.o(i.RTC_WaitForSynchro)
    ReadEepromData                           0x08006169   Thumb Code   126  eeprom_drv.o(i.ReadEepromData)
    ReadNorflashData                         0x080061e7   Thumb Code    68  norflash_drv.o(i.ReadNorflashData)
    ReadSysParam                             0x08006299   Thumb Code    42  store_app.o(i.ReadSysParam)
    RtcDrvInit                               0x080062f1   Thumb Code   184  rtc_drv.o(i.RtcDrvInit)
    SVC_Handler                              0x08006455   Thumb Code     2  stm32f10x_it.o(i.SVC_Handler)
    SensorDrvInit                            0x08006457   Thumb Code    12  sensor_drv.o(i.SensorDrvInit)
    SensorDrvProc                            0x08006463   Thumb Code    16  sensor_drv.o(i.SensorDrvProc)
    Sensor_Task                              0x08006473   Thumb Code    12  sensor_app.o(i.Sensor_Task)
    SetModbusAddrParam                       0x08006481   Thumb Code    78  store_app.o(i.SetModbusAddrParam)
    SurgeHistoryProc                         0x080066a1   Thumb Code    92  surge_history.o(i.SurgeHistoryProc)
    SurgeMdlDrvInit                          0x0800670d   Thumb Code    20  surgemdl_drv.o(i.SurgeMdlDrvInit)
    SurgemdlDataPro                          0x080067a5   Thumb Code   114  surgemdl_drv.o(i.SurgemdlDataPro)
    Switchinput_DrvInit                      0x080068dd   Thumb Code    78  switch_drv.o(i.Switchinput_DrvInit)
    SysTick_Handler                          0x08006931   Thumb Code    38  systick_drv.o(i.SysTick_Handler)
    SysTick_Init                             0x08006961   Thumb Code    92  systick_drv.o(i.SysTick_Init)
    SystemInit                               0x080069c9   Thumb Code    78  system_stm32f10x.o(i.SystemInit)
    TIM5_IRQHandler                          0x08006a29   Thumb Code    34  porttimer.o(i.TIM5_IRQHandler)
    TIM_ClearFlag                            0x08006a51   Thumb Code     6  stm32f10x_tim.o(i.TIM_ClearFlag)
    TIM_ClearITPendingBit                    0x08006a57   Thumb Code     6  stm32f10x_tim.o(i.TIM_ClearITPendingBit)
    TIM_Cmd                                  0x08006a5d   Thumb Code    24  stm32f10x_tim.o(i.TIM_Cmd)
    TIM_DeInit                               0x08006a75   Thumb Code   424  stm32f10x_tim.o(i.TIM_DeInit)
    TIM_GetITStatus                          0x08006c5d   Thumb Code    34  stm32f10x_tim.o(i.TIM_GetITStatus)
    TIM_ITConfig                             0x08006c7f   Thumb Code    18  stm32f10x_tim.o(i.TIM_ITConfig)
    TIM_SetCounter                           0x08006c91   Thumb Code     4  stm32f10x_tim.o(i.TIM_SetCounter)
    TIM_TimeBaseInit                         0x08006c95   Thumb Code   122  stm32f10x_tim.o(i.TIM_TimeBaseInit)
    TaskScheduleCbReg                        0x08006dd9   Thumb Code     6  systick_drv.o(i.TaskScheduleCbReg)
    TempDrvInit                              0x08006de5   Thumb Code    12  ntc_drv.o(i.TempDrvInit)
    TempSensorProc                           0x08006df1   Thumb Code   138  ntc_drv.o(i.TempSensorProc)
    ToggleLed                                0x08006e95   Thumb Code    80  led_drv.o(i.ToggleLed)
    TurnOffLed                               0x08006ee9   Thumb Code    42  led_drv.o(i.TurnOffLed)
    TurnOffScreen                            0x08006f19   Thumb Code    12  lcd12864_drv.o(i.TurnOffScreen)
    TurnOnLed                                0x08006f29   Thumb Code    42  led_drv.o(i.TurnOnLed)
    TurnOnScreen                             0x08006f59   Thumb Code    12  lcd12864_drv.o(i.TurnOnScreen)
    USART1_IRQHandler                        0x08006f69   Thumb Code    64  portserial.o(i.USART1_IRQHandler)
    USART2_IRQHandler                        0x08006fad   Thumb Code    82  surgemdl_drv.o(i.USART2_IRQHandler)
    USART_ClearFlag                          0x0800700d   Thumb Code    18  stm32f10x_usart.o(i.USART_ClearFlag)
    USART_ClearITPendingBit                  0x0800701f   Thumb Code    30  stm32f10x_usart.o(i.USART_ClearITPendingBit)
    USART_Cmd                                0x0800703d   Thumb Code    24  stm32f10x_usart.o(i.USART_Cmd)
    USART_DMACmd                             0x08007055   Thumb Code    18  stm32f10x_usart.o(i.USART_DMACmd)
    USART_DeInit                             0x08007069   Thumb Code   134  stm32f10x_usart.o(i.USART_DeInit)
    USART_GetFlagStatus                      0x08007105   Thumb Code    26  stm32f10x_usart.o(i.USART_GetFlagStatus)
    USART_GetITStatus                        0x0800711f   Thumb Code    84  stm32f10x_usart.o(i.USART_GetITStatus)
    USART_ITConfig                           0x08007173   Thumb Code    74  stm32f10x_usart.o(i.USART_ITConfig)
    USART_Init                               0x080071bd   Thumb Code   210  stm32f10x_usart.o(i.USART_Init)
    USART_ReceiveData                        0x08007295   Thumb Code    10  stm32f10x_usart.o(i.USART_ReceiveData)
    USART_SendData                           0x0800729f   Thumb Code     8  stm32f10x_usart.o(i.USART_SendData)
    UsageFault_Handler                       0x08007319   Thumb Code     4  stm32f10x_it.o(i.UsageFault_Handler)
    WriteEepromData                          0x08007375   Thumb Code   150  eeprom_drv.o(i.WriteEepromData)
    WriteNorflashData                        0x0800740b   Thumb Code   120  norflash_drv.o(i.WriteNorflashData)
    WriteSysParam                            0x08007511   Thumb Code    44  store_app.o(i.WriteSysParam)
    __0sprintf                               0x0800753d   Thumb Code    34  printfa.o(i.__0sprintf)
    __1sprintf                               0x0800753d   Thumb Code     0  printfa.o(i.__0sprintf)
    __2sprintf                               0x0800753d   Thumb Code     0  printfa.o(i.__0sprintf)
    __c89sprintf                             0x0800753d   Thumb Code     0  printfa.o(i.__0sprintf)
    sprintf                                  0x0800753d   Thumb Code     0  printfa.o(i.__0sprintf)
    __aeabi_assert                           0x08007565   Thumb Code   110  retarget_io.o(i.__aeabi_assert)
    __kernel_poly                            0x08007601   Thumb Code   170  poly.o(i.__kernel_poly)
    __mathlib_dbl_divzero                    0x080076ad   Thumb Code    12  dunder.o(i.__mathlib_dbl_divzero)
    __mathlib_dbl_infnan                     0x080076bd   Thumb Code     6  dunder.o(i.__mathlib_dbl_infnan)
    __mathlib_dbl_invalid                    0x080076c3   Thumb Code    12  dunder.o(i.__mathlib_dbl_invalid)
    __scatterload_copy                       0x080076cf   Thumb Code    14  handlers.o(i.__scatterload_copy)
    __scatterload_null                       0x080076dd   Thumb Code     2  handlers.o(i.__scatterload_null)
    __scatterload_zeroinit                   0x080076df   Thumb Code    14  handlers.o(i.__scatterload_zeroinit)
    __set_errno                              0x080076ed   Thumb Code     6  errno.o(i.__set_errno)
    abort                                    0x08007fb5   Thumb Code     4  retarget_io.o(i.abort)
    clear_area                               0x08007fb9   Thumb Code    56  lcd12864_drv.o(i.clear_area)
    clear_screen                             0x08007ff5   Thumb Code    52  lcd12864_drv.o(i.clear_screen)
    eMBEnable                                0x08008245   Thumb Code    32  mb.o(i.eMBEnable)
    eMBFuncReadDiscreteInputs                0x0800826d   Thumb Code   164  mbfuncdisc.o(i.eMBFuncReadDiscreteInputs)
    eMBFuncReadHoldingRegister               0x08008311   Thumb Code   134  mbfuncholding.o(i.eMBFuncReadHoldingRegister)
    eMBFuncWriteHoldingRegister              0x08008397   Thumb Code    62  mbfuncholding.o(i.eMBFuncWriteHoldingRegister)
    eMBFuncWriteMultipleHoldingRegister      0x080083d5   Thumb Code   106  mbfuncholding.o(i.eMBFuncWriteMultipleHoldingRegister)
    eMBInit                                  0x08008441   Thumb Code   150  mb.o(i.eMBInit)
    eMBPoll                                  0x08008521   Thumb Code   312  mb.o(i.eMBPoll)
    eMBRTUInit                               0x08008689   Thumb Code    76  mbrtu.o(i.eMBRTUInit)
    eMBRTUReceive                            0x080086d9   Thumb Code    82  mbrtu.o(i.eMBRTUReceive)
    eMBRTUSend                               0x0800877d   Thumb Code   146  mbrtu.o(i.eMBRTUSend)
    eMBRTUStart                              0x08008825   Thumb Code    22  mbrtu.o(i.eMBRTUStart)
    eMBRTUStop                               0x08008841   Thumb Code    16  mbrtu.o(i.eMBRTUStop)
    eMBRegDiscreteCB                         0x08008851   Thumb Code    30  modbus_slave.o(i.eMBRegDiscreteCB)
    eMBRegHoldingCB                          0x08008875   Thumb Code    54  modbus_slave.o(i.eMBRegHoldingCB)
    eMBSetSlaveAddr                          0x080088b1   Thumb Code    24  mb.o(i.eMBSetSlaveAddr)
    fputc                                    0x080088cd   Thumb Code    26  retarget_io.o(i.fputc)
    fputs                                    0x080088ed   Thumb Code    24  fputs.o(i.fputs)
    log                                      0x080089e1   Thumb Code   808  log.o(i.log)
    main                                     0x08008d3d   Thumb Code    24  main.o(i.main)
    prveMBError2Exception                    0x08008d55   Thumb Code    34  mbutils.o(i.prveMBError2Exception)
    usMBCRC16                                0x08008df5   Thumb Code    48  mbcrc.o(i.usMBCRC16)
    vMBPortSerialEnable                      0x08008e2d   Thumb Code   104  portserial.o(i.vMBPortSerialEnable)
    vMBPortTimersDisable                     0x08008e9d   Thumb Code    38  porttimer.o(i.vMBPortTimersDisable)
    vMBPortTimersEnable                      0x08008ec9   Thumb Code    38  porttimer.o(i.vMBPortTimersEnable)
    xMBPortEventGet                          0x08008ef5   Thumb Code    26  portevent.o(i.xMBPortEventGet)
    xMBPortEventInit                         0x08008f19   Thumb Code    10  portevent.o(i.xMBPortEventInit)
    xMBPortEventPost                         0x08008f29   Thumb Code    16  portevent.o(i.xMBPortEventPost)
    xMBPortSerialGetByte                     0x08008f41   Thumb Code    18  portserial.o(i.xMBPortSerialGetByte)
    xMBPortSerialInit                        0x08008f59   Thumb Code    32  portserial.o(i.xMBPortSerialInit)
    xMBPortSerialPutByte                     0x08008f79   Thumb Code    18  portserial.o(i.xMBPortSerialPutByte)
    xMBPortTimersInit                        0x08008f91   Thumb Code   112  porttimer.o(i.xMBPortTimersInit)
    xMBRTUReceiveFSM                         0x08009005   Thumb Code   140  mbrtu.o(i.xMBRTUReceiveFSM)
    xMBRTUTimerT35Expired                    0x080090dd   Thumb Code    96  mbrtu.o(i.xMBRTUTimerT35Expired)
    xMBRTUTransmitFSM                        0x08009165   Thumb Code   116  mbrtu.o(i.xMBRTUTransmitFSM)
    gImage_Surge                             0x08009230   Data         256  picture.o(.constdata)
    gImage_Discon                            0x08009330   Data         256  picture.o(.constdata)
    g_Image_ConfigPic                        0x08009430   Data         256  picture.o(.constdata)
    gImage_Ver                               0x08009530   Data         256  picture.o(.constdata)
    __mathlib_zero                           0x08009af0   Data           8  qnan.o(.constdata)
    Region$$Table$$Base                      0x08009b68   Number         0  anon$$obj.o(Region$$Table)
    Region$$Table$$Limit                     0x08009b88   Number         0  anon$$obj.o(Region$$Table)
    g_Image_ConfigPicDesc                    0x20000034   Data           8  picture.o(.data)
    g_tempIconPicDesc                        0x2000003c   Data           8  picture.o(.data)
    g_surgeIconPicDesc                       0x20000044   Data           8  picture.o(.data)
    g_centigradeIconPicDesc                  0x2000004c   Data           8  picture.o(.data)
    g_movPercent100Pic2Desc                  0x20000054   Data           8  picture.o(.data)
    g_movPercent75PicDesc                    0x2000005c   Data           8  picture.o(.data)
    g_movPercent50PicDesc                    0x20000064   Data           8  picture.o(.data)
    g_movPercent25PicDesc                    0x2000006c   Data           8  picture.o(.data)
    g_movPercent0PicDesc                     0x20000074   Data           8  picture.o(.data)
    g_movPercentPicsDesc                     0x2000007c   Data          40  picture.o(.data)
    g_RepeatSurgeHistoryPage                 0x200000cb   Data           1  hmi_app2.o(.data)
    pxMBFrameCBByteReceived                  0x20000178   Data           4  mb.o(.data)
    pxMBFrameCBTransmitterEmpty              0x2000017c   Data           4  mb.o(.data)
    pxMBPortCBTimerExpired                   0x20000180   Data           4  mb.o(.data)
    pxMBFrameCBReceiveFSMCur                 0x20000184   Data           4  mb.o(.data)
    pxMBFrameCBTransmitFSMCur                0x20000188   Data           4  mb.o(.data)
    fontaddr                                 0x20000288   Data           4  lcd12864_drv.o(.data)
    g_isSensorOk                             0x200002ac   Data           1  ntc_drv.o(.data)
    SystemCoreClock                          0x20000318   Data           4  system_stm32f10x.o(.data)
    AHBPrescTable                            0x2000031c   Data          16  system_stm32f10x.o(.data)
    __stderr                                 0x2000032c   Data           4  stderr.o(.data)
    g_ChildKeyIndex                          0x2000036c   Data          10  hmi_app2.o(.bss)
    ucRTUBuf                                 0x20000395   Data         256  mbrtu.o(.bss)
    __initial_sp                             0x20003568   Data           0  startup_stm32f10x_hd.o(STACK)



==============================================================================

Memory Map of the image

  Image Entry point : 0x08003131

  Load Region LR_IROM1 (Base: 0x08003000, Size: 0x00006ebc, Max: 0x00040000, ABSOLUTE, COMPRESSED[0x00006ca4])

    Execution Region ER_IROM1 (Exec base: 0x08003000, Load base: 0x08003000, Size: 0x00006b88, Max: 0x00040000, ABSOLUTE)

    Exec Addr    Load Addr    Size         Type   Attr      Idx    E Section Name        Object

    0x08003000   0x08003000   0x00000130   Data   RO         5068    RESET               startup_stm32f10x_hd.o
    0x08003130   0x08003130   0x00000000   Code   RO         5397  * .ARM.Collect$$$$00000000  mc_w.l(entry.o)
    0x08003130   0x08003130   0x00000004   Code   RO         5730    .ARM.Collect$$$$00000001  mc_w.l(entry2.o)
    0x08003134   0x08003134   0x00000004   Code   RO         5733    .ARM.Collect$$$$00000004  mc_w.l(entry5.o)
    0x08003138   0x08003138   0x00000000   Code   RO         5735    .ARM.Collect$$$$00000008  mc_w.l(entry7b.o)
    0x08003138   0x08003138   0x00000000   Code   RO         5737    .ARM.Collect$$$$0000000A  mc_w.l(entry8b.o)
    0x08003138   0x08003138   0x00000008   Code   RO         5738    .ARM.Collect$$$$0000000B  mc_w.l(entry9a.o)
    0x08003140   0x08003140   0x00000000   Code   RO         5740    .ARM.Collect$$$$0000000D  mc_w.l(entry10a.o)
    0x08003140   0x08003140   0x00000000   Code   RO         5742    .ARM.Collect$$$$0000000F  mc_w.l(entry11a.o)
    0x08003140   0x08003140   0x00000004   Code   RO         5731    .ARM.Collect$$$$00002712  mc_w.l(entry2.o)
    0x08003144   0x08003144   0x00000024   Code   RO         5069    .text               startup_stm32f10x_hd.o
    0x08003168   0x08003168   0x00000062   Code   RO         5405    .text               mc_w.l(uldiv.o)
    0x080031ca   0x080031ca   0x0000009c   Code   RO         5407    .text               mc_w.l(qsort.o)
    0x08003266   0x08003266   0x00000024   Code   RO         5416    .text               mc_w.l(memcpya.o)
    0x0800328a   0x0800328a   0x00000024   Code   RO         5418    .text               mc_w.l(memseta.o)
    0x080032ae   0x080032ae   0x000000b0   Code   RO         5685    .text               mf_w.l(fadd.o)
    0x0800335e   0x0800335e   0x00000064   Code   RO         5687    .text               mf_w.l(fmul.o)
    0x080033c2   0x080033c2   0x0000007c   Code   RO         5689    .text               mf_w.l(fdiv.o)
    0x0800343e   0x0800343e   0x0000014e   Code   RO         5691    .text               mf_w.l(dadd.o)
    0x0800358c   0x0800358c   0x000000e4   Code   RO         5693    .text               mf_w.l(dmul.o)
    0x08003670   0x08003670   0x000000de   Code   RO         5695    .text               mf_w.l(ddiv.o)
    0x0800374e   0x0800374e   0x00000012   Code   RO         5697    .text               mf_w.l(fflti.o)
    0x08003760   0x08003760   0x0000000a   Code   RO         5699    .text               mf_w.l(ffltui.o)
    0x0800376a   0x0800376a   0x0000001a   Code   RO         5701    .text               mf_w.l(dfltui.o)
    0x08003784   0x08003784   0x00000028   Code   RO         5703    .text               mf_w.l(ffixui.o)
    0x080037ac   0x080037ac   0x00000026   Code   RO         5705    .text               mf_w.l(f2d.o)
    0x080037d2   0x080037d2   0x00000038   Code   RO         5707    .text               mf_w.l(d2f.o)
    0x0800380a   0x0800380a   0x00000002   PAD
    0x0800380c   0x0800380c   0x00000014   Code   RO         5709    .text               mf_w.l(cfcmple.o)
    0x08003820   0x08003820   0x00000014   Code   RO         5711    .text               mf_w.l(cfrcmple.o)
    0x08003834   0x08003834   0x0000002c   Code   RO         5745    .text               mc_w.l(uidiv.o)
    0x08003860   0x08003860   0x0000001e   Code   RO         5747    .text               mc_w.l(llshl.o)
    0x0800387e   0x0800387e   0x00000020   Code   RO         5749    .text               mc_w.l(llushr.o)
    0x0800389e   0x0800389e   0x00000024   Code   RO         5751    .text               mc_w.l(llsshr.o)
    0x080038c2   0x080038c2   0x00000002   PAD
    0x080038c4   0x080038c4   0x0000000c   Code   RO         5753    .text               mc_w.l(localtime_w.o)
    0x080038d0   0x080038d0   0x0000008c   Code   RO         5756    .text               mc_w.l(localtime_i.o)
    0x0800395c   0x0800395c   0x00000000   Code   RO         5766    .text               mc_w.l(iusefp.o)
    0x0800395c   0x0800395c   0x0000006e   Code   RO         5767    .text               mf_w.l(fepilogue.o)
    0x080039ca   0x080039ca   0x000000ba   Code   RO         5769    .text               mf_w.l(depilogue.o)
    0x08003a84   0x08003a84   0x0000002e   Code   RO         5771    .text               mf_w.l(dscalb.o)
    0x08003ab2   0x08003ab2   0x00000022   Code   RO         5773    .text               mf_w.l(dflti.o)
    0x08003ad4   0x08003ad4   0x00000030   Code   RO         5775    .text               mf_w.l(dfixul.o)
    0x08003b04   0x08003b04   0x00000030   Code   RO         5777    .text               mf_w.l(cdcmple.o)
    0x08003b34   0x08003b34   0x00000030   Code   RO         5779    .text               mf_w.l(cdrcmple.o)
    0x08003b64   0x08003b64   0x00000024   Code   RO         5781    .text               mc_w.l(init.o)
    0x08003b88   0x08003b88   0x00000056   Code   RO         5791    .text               mc_w.l(__dczerorl2.o)
    0x08003bde   0x08003bde   0x00000016   Code   RO         2107    i.ADC_Cmd           stm32f10x_adc.o
    0x08003bf4   0x08003bf4   0x0000005c   Code   RO         2109    i.ADC_DeInit        stm32f10x_adc.o
    0x08003c50   0x08003c50   0x00000014   Code   RO         2115    i.ADC_GetCalibrationStatus  stm32f10x_adc.o
    0x08003c64   0x08003c64   0x00000008   Code   RO         2116    i.ADC_GetConversionValue  stm32f10x_adc.o
    0x08003c6c   0x08003c6c   0x00000012   Code   RO         2118    i.ADC_GetFlagStatus  stm32f10x_adc.o
    0x08003c7e   0x08003c7e   0x00000014   Code   RO         2121    i.ADC_GetResetCalibrationStatus  stm32f10x_adc.o
    0x08003c92   0x08003c92   0x00000002   PAD
    0x08003c94   0x08003c94   0x00000050   Code   RO         2125    i.ADC_Init          stm32f10x_adc.o
    0x08003ce4   0x08003ce4   0x000000b8   Code   RO         2129    i.ADC_RegularChannelConfig  stm32f10x_adc.o
    0x08003d9c   0x08003d9c   0x0000000a   Code   RO         2130    i.ADC_ResetCalibration  stm32f10x_adc.o
    0x08003da6   0x08003da6   0x00000016   Code   RO         2132    i.ADC_SoftwareStartConvCmd  stm32f10x_adc.o
    0x08003dbc   0x08003dbc   0x0000000a   Code   RO         2134    i.ADC_StartCalibration  stm32f10x_adc.o
    0x08003dc6   0x08003dc6   0x00000002   PAD
    0x08003dc8   0x08003dc8   0x00000088   Code   RO         1762    i.AdcInit           ntc_drv.o
    0x08003e50   0x08003e50   0x000000e0   Code   RO         1763    i.AdcToTemp10Mpl    ntc_drv.o
    0x08003f30   0x08003f30   0x00000018   Code   RO            1    i.AppInit           main.o
    0x08003f48   0x08003f48   0x0000001e   Code   RO         1764    i.ArithAvgFltr      ntc_drv.o
    0x08003f66   0x08003f66   0x00000010   Code   RO         2325    i.BKP_DeInit        stm32f10x_bkp.o
    0x08003f76   0x08003f76   0x00000002   PAD
    0x08003f78   0x08003f78   0x0000001c   Code   RO         2330    i.BKP_ReadBackupRegister  stm32f10x_bkp.o
    0x08003f94   0x08003f94   0x0000001c   Code   RO         2334    i.BKP_WriteBackupRegister  stm32f10x_bkp.o
    0x08003fb0   0x08003fb0   0x00000004   Code   RO         1187    i.BusFault_Handler  stm32f10x_it.o
    0x08003fb4   0x08003fb4   0x00000040   Code   RO          606    i.CalMovLevel       mov_invalid.o
    0x08003ff4   0x08003ff4   0x0000003a   Code   RO          209    i.CalcCrc8          store_app.o
    0x0800402e   0x0800402e   0x00000026   Code   RO         1765    i.CmpCb             ntc_drv.o
    0x08004054   0x08004054   0x000000a0   Code   RO          847    i.CustomFuncHandlerCb  modbus_app.o
    0x080040f4   0x080040f4   0x0000000c   Code   RO          953    i.CustomFuncHandlerCbReg  mb.o
    0x08004100   0x08004100   0x00000018   Code   RO         2792    i.DMA_Cmd           stm32f10x_dma.o
    0x08004118   0x08004118   0x0000014c   Code   RO         2793    i.DMA_DeInit        stm32f10x_dma.o
    0x08004264   0x08004264   0x00000008   Code   RO         2794    i.DMA_GetCurrDataCounter  stm32f10x_dma.o
    0x0800426c   0x0800426c   0x0000003c   Code   RO         2798    i.DMA_Init          stm32f10x_dma.o
    0x080042a8   0x080042a8   0x00000004   Code   RO         2799    i.DMA_SetCurrDataCounter  stm32f10x_dma.o
    0x080042ac   0x080042ac   0x00000002   Code   RO         1188    i.DebugMon_Handler  stm32f10x_it.o
    0x080042ae   0x080042ae   0x00000002   PAD
    0x080042b0   0x080042b0   0x00000028   Code   RO         1286    i.DelayInit         delay.o
    0x080042d8   0x080042d8   0x00000018   Code   RO         1287    i.DelayNms          delay.o
    0x080042f0   0x080042f0   0x0000003c   Code   RO         1288    i.DelayNus          delay.o
    0x0800432c   0x0800432c   0x00000012   Code   RO         1510    i.DisableNorflashWrite  norflash_drv.o
    0x0800433e   0x0800433e   0x00000002   PAD
    0x08004340   0x08004340   0x0000005c   Code   RO          817    i.DisplayAddrConfig  hmi_serialwork.o
    0x0800439c   0x0800439c   0x0000001c   Code   RO          703    i.DisplayInvalidInfo  hmi_mainpage.o
    0x080043b8   0x080043b8   0x000000cc   Code   RO          783    i.DisplayInvalidTimeInfo  hmi_invalid_history.o
    0x08004484   0x08004484   0x00000010   Code   RO          784    i.DisplayInvalidTimePage  hmi_invalid_history.o
    0x08004494   0x08004494   0x00000034   Code   RO          752    i.DisplayKeyBar     hmi_surge_history.o
    0x080044c8   0x080044c8   0x00000020   Code   RO          785    i.DisplayKeyBar     hmi_invalid_history.o
    0x080044e8   0x080044e8   0x00000060   Code   RO          818    i.DisplayKeyBar     hmi_serialwork.o
    0x08004548   0x08004548   0x00000018   Code   RO          704    i.DisplayMainpage   hmi_mainpage.o
    0x08004560   0x08004560   0x00000018   Code   RO          805    i.DisplayMenuKey    hmi_common.o
    0x08004578   0x08004578   0x0000000c   Code   RO          819    i.DisplayRS485ConfigPage  hmi_serialwork.o
    0x08004584   0x08004584   0x0000009c   Code   RO          820    i.DisplayRS485StatePage  hmi_serialwork.o
    0x08004620   0x08004620   0x00000010   Code   RO          753    i.DisplaySurgeHistoryPage  hmi_surge_history.o
    0x08004630   0x08004630   0x00000058   Code   RO          705    i.DisplaySurgeNumInfo  hmi_mainpage.o
    0x08004688   0x08004688   0x000001e0   Code   RO          754    i.DisplaySurgehistoryInfo  hmi_surge_history.o
    0x08004868   0x08004868   0x000000f8   Code   RO          706    i.DisplayTempInfo   hmi_mainpage.o
    0x08004960   0x08004960   0x0000005c   Code   RO          707    i.DisplayTime       hmi_mainpage.o
    0x080049bc   0x080049bc   0x00000034   Code   RO            2    i.DrvInit           main.o
    0x080049f0   0x080049f0   0x00000008   Code   RO         1351    i.EepromDrvInit     eeprom_drv.o
    0x080049f8   0x080049f8   0x0000002c   Code   RO         1354    i.Eeprom_GPIO_Config  eeprom_drv.o
    0x08004a24   0x08004a24   0x00000012   Code   RO         1511    i.EnableNorflashWrite  norflash_drv.o
    0x08004a36   0x08004a36   0x0000005c   Code   RO         1513    i.EraseNorflashForWrite  norflash_drv.o
    0x08004a92   0x08004a92   0x00000036   Code   RO         1514    i.EraseNorflashSector  norflash_drv.o
    0x08004ac8   0x08004ac8   0x0000003c   Code   RO          512    i.EraseSurgeHistoryInfo  surge_history.o
    0x08004b04   0x08004b04   0x00000008   Code   RO         1923    i.FeedDog           iwdg_drv.o
    0x08004b0c   0x08004b0c   0x00000116   Code   RO         3216    i.GPIO_Init         stm32f10x_gpio.o
    0x08004c22   0x08004c22   0x00000002   PAD
    0x08004c24   0x08004c24   0x00000090   Code   RO         3218    i.GPIO_PinRemapConfig  stm32f10x_gpio.o
    0x08004cb4   0x08004cb4   0x00000012   Code   RO         3220    i.GPIO_ReadInputDataBit  stm32f10x_gpio.o
    0x08004cc6   0x08004cc6   0x00000004   Code   RO         3223    i.GPIO_ResetBits    stm32f10x_gpio.o
    0x08004cca   0x08004cca   0x00000004   Code   RO         3224    i.GPIO_SetBits      stm32f10x_gpio.o
    0x08004cce   0x08004cce   0x0000000a   Code   RO         3227    i.GPIO_WriteBit     stm32f10x_gpio.o
    0x08004cd8   0x08004cd8   0x0000001c   Code   RO         1767    i.GetAdcVal         ntc_drv.o
    0x08004cf4   0x08004cf4   0x00000012   Code   RO          571    i.GetInvalidTime    invalid_app.o
    0x08004d06   0x08004d06   0x00000022   Code   RO         1435    i.GetKeyVal         key_drv.o
    0x08004d28   0x08004d28   0x00000110   Code   RO          607    i.GetMOVFail_PCT    mov_invalid.o
    0x08004e38   0x08004e38   0x0000000c   Code   RO          210    i.GetModbusAddrData  store_app.o
    0x08004e44   0x08004e44   0x0000000c   Code   RO          211    i.GetModbusBaudData  store_app.o
    0x08004e50   0x08004e50   0x0000000c   Code   RO          608    i.GetMovLevel       mov_invalid.o
    0x08004e5c   0x08004e5c   0x0000000c   Code   RO         1851    i.GetRefreshflag    surgemdl_drv.o
    0x08004e68   0x08004e68   0x00000036   Code   RO         1461    i.GetRtcTime        rtc_drv.o
    0x08004e9e   0x08004e9e   0x0000002a   Code   RO         1735    i.GetSensorData     sensor_drv.o
    0x08004ec8   0x08004ec8   0x00000012   Code   RO          513    i.GetSurgeHistoryInfo  surge_history.o
    0x08004eda   0x08004eda   0x00000002   PAD
    0x08004edc   0x08004edc   0x00000020   Code   RO         1852    i.GetSurgemdlData   surgemdl_drv.o
    0x08004efc   0x08004efc   0x00000044   Code   RO         1715    i.GetSwitchinputStatus  switch_drv.o
    0x08004f40   0x08004f40   0x0000000c   Code   RO         1250    i.GetSysRunTime     systick_drv.o
    0x08004f4c   0x08004f4c   0x00000020   Code   RO         1768    i.GetTempData       ntc_drv.o
    0x08004f6c   0x08004f6c   0x00000008   Code   RO          652    i.GetleftrightIndex  hmi_app2.o
    0x08004f74   0x08004f74   0x00000024   Code   RO         1769    i.GpioInit          ntc_drv.o
    0x08004f98   0x08004f98   0x00000044   Code   RO         1967    i.GpioInit          portserial.o
    0x08004fdc   0x08004fdc   0x00000068   Code   RO         1515    i.Gpio_Iint         norflash_drv.o
    0x08005044   0x08005044   0x00000004   Code   RO         1189    i.HardFault_Handler  stm32f10x_it.o
    0x08005048   0x08005048   0x00000074   Code   RO          653    i.HmiTask           hmi_app2.o
    0x080050bc   0x080050bc   0x00000058   Code   RO         1355    i.I2CReadByte       eeprom_drv.o
    0x08005114   0x08005114   0x00000044   Code   RO         1356    i.I2CSendAck        eeprom_drv.o
    0x08005158   0x08005158   0x0000005c   Code   RO         1357    i.I2CSendByte       eeprom_drv.o
    0x080051b4   0x080051b4   0x00000038   Code   RO         1358    i.I2CSendNack       eeprom_drv.o
    0x080051ec   0x080051ec   0x00000044   Code   RO         1359    i.I2CStart          eeprom_drv.o
    0x08005230   0x08005230   0x00000034   Code   RO         1360    i.I2CStop           eeprom_drv.o
    0x08005264   0x08005264   0x0000005c   Code   RO         1361    i.I2CWaitAck        eeprom_drv.o
    0x080052c0   0x080052c0   0x00000010   Code   RO         3528    i.IWDG_Enable       stm32f10x_iwdg.o
    0x080052d0   0x080052d0   0x00000010   Code   RO         3530    i.IWDG_ReloadCounter  stm32f10x_iwdg.o
    0x080052e0   0x080052e0   0x0000000c   Code   RO         3531    i.IWDG_SetPrescaler  stm32f10x_iwdg.o
    0x080052ec   0x080052ec   0x0000000c   Code   RO         3532    i.IWDG_SetReload    stm32f10x_iwdg.o
    0x080052f8   0x080052f8   0x0000000c   Code   RO         3533    i.IWDG_WriteAccessCmd  stm32f10x_iwdg.o
    0x08005304   0x08005304   0x00000012   Code   RO         1488    i.InitIrqAfterBoot  iap_drv.o
    0x08005316   0x08005316   0x00000002   PAD
    0x08005318   0x08005318   0x00000048   Code   RO          212    i.InitSysParam      store_app.o
    0x08005360   0x08005360   0x0000000c   Code   RO          572    i.Invalid_Task      invalid_app.o
    0x0800536c   0x0800536c   0x0000001e   Code   RO         1924    i.IwdgDrvInit       iwdg_drv.o
    0x0800538a   0x0800538a   0x00000002   PAD
    0x0800538c   0x0800538c   0x00000068   Code   RO         1436    i.KeyDrvInit        key_drv.o
    0x080053f4   0x080053f4   0x000001f8   Code   RO         1437    i.KeyScan           key_drv.o
    0x080055ec   0x080055ec   0x000000b4   Code   RO         1608    i.LCD12864_GPIO_Config  lcd12864_drv.o
    0x080056a0   0x080056a0   0x00000060   Code   RO         1609    i.LCD_WR_DATA       lcd12864_drv.o
    0x08005700   0x08005700   0x00000064   Code   RO         1610    i.LCD_WR_REG        lcd12864_drv.o
    0x08005764   0x08005764   0x0000009c   Code   RO         1611    i.Lcd12864DrvInit   lcd12864_drv.o
    0x08005800   0x08005800   0x0000001e   Code   RO         1612    i.LcdDrawChinese    lcd12864_drv.o
    0x0800581e   0x0800581e   0x00000056   Code   RO         1613    i.LcdDrawPicture    lcd12864_drv.o
    0x08005874   0x08005874   0x0000001e   Code   RO         1614    i.LcdDrawString     lcd12864_drv.o
    0x08005892   0x08005892   0x00000002   PAD
    0x08005894   0x08005894   0x00000070   Code   RO         1311    i.LedDrvInit        led_drv.o
    0x08005904   0x08005904   0x0000001e   Code   RO         1853    i.MX_DMA_Enable     surgemdl_drv.o
    0x08005922   0x08005922   0x00000002   PAD
    0x08005924   0x08005924   0x00000020   Code   RO         1770    i.MedianAvgFltr     ntc_drv.o
    0x08005944   0x08005944   0x00000004   Code   RO         1190    i.MemManage_Handler  stm32f10x_it.o
    0x08005948   0x08005948   0x00000034   Code   RO          848    i.ModbusAppInit     modbus_app.o
    0x0800597c   0x0800597c   0x0000003e   Code   RO          849    i.ModbusGetDispersed  modbus_app.o
    0x080059ba   0x080059ba   0x00000018   Code   RO          850    i.ModbusGetHumi     modbus_app.o
    0x080059d2   0x080059d2   0x00000012   Code   RO          851    i.ModbusGetLightNum  modbus_app.o
    0x080059e4   0x080059e4   0x00000020   Code   RO          852    i.ModbusGetPhaseVol  modbus_app.o
    0x08005a04   0x08005a04   0x00000020   Code   RO          853    i.ModbusGetTemp     modbus_app.o
    0x08005a24   0x08005a24   0x00000016   Code   RO          854    i.ModbusSetLed1     modbus_app.o
    0x08005a3a   0x08005a3a   0x00000016   Code   RO          855    i.ModbusSetLed2     modbus_app.o
    0x08005a50   0x08005a50   0x00000048   Code   RO          856    i.ModbusSetRtcTime  modbus_app.o
    0x08005a98   0x08005a98   0x00000014   Code   RO          857    i.ModbusSetRtcTime_Pre  modbus_app.o
    0x08005aac   0x08005aac   0x00000028   Code   RO         1158    i.ModbusSlaveInit   modbus_slave.o
    0x08005ad4   0x08005ad4   0x00000008   Code   RO          858    i.ModbusTask        modbus_app.o
    0x08005adc   0x08005adc   0x00000010   Code   RO          609    i.MovInvalidProc    mov_invalid.o
    0x08005aec   0x08005aec   0x00000002   Code   RO         1191    i.NMI_Handler       stm32f10x_it.o
    0x08005aee   0x08005aee   0x00000002   PAD
    0x08005af0   0x08005af0   0x00000070   Code   RO         2065    i.NVIC_Init         misc.o
    0x08005b60   0x08005b60   0x00000014   Code   RO         2066    i.NVIC_PriorityGroupConfig  misc.o
    0x08005b74   0x08005b74   0x00000014   Code   RO         2067    i.NVIC_SetVectorTable  misc.o
    0x08005b88   0x08005b88   0x00000008   Code   RO         1516    i.NorflashDrvInit   norflash_drv.o
    0x08005b90   0x08005b90   0x00000002   Code   RO         1192    i.PVD_IRQHandler    stm32f10x_it.o
    0x08005b92   0x08005b92   0x00000002   PAD
    0x08005b94   0x08005b94   0x0000000c   Code   RO         3570    i.PWR_BackupAccessCmd  stm32f10x_pwr.o
    0x08005ba0   0x08005ba0   0x00000002   Code   RO         1193    i.PendSV_Handler    stm32f10x_it.o
    0x08005ba2   0x08005ba2   0x00000002   PAD
    0x08005ba4   0x08005ba4   0x0000000c   Code   RO         1854    i.PresetNum_Surge   surgemdl_drv.o
    0x08005bb0   0x08005bb0   0x000001e8   Code   RO          655    i.ProcKeyEvent      hmi_app2.o
    0x08005d98   0x08005d98   0x00000048   Code   RO         1518    i.ProgramNorflashPage  norflash_drv.o
    0x08005de0   0x08005de0   0x00000030   Code   RO         1771    i.PushDataToBuf     ntc_drv.o
    0x08005e10   0x08005e10   0x00000018   Code   RO         3630    i.RCC_ADCCLKConfig  stm32f10x_rcc.o
    0x08005e28   0x08005e28   0x00000020   Code   RO         3631    i.RCC_AHBPeriphClockCmd  stm32f10x_rcc.o
    0x08005e48   0x08005e48   0x00000020   Code   RO         3632    i.RCC_APB1PeriphClockCmd  stm32f10x_rcc.o
    0x08005e68   0x08005e68   0x00000020   Code   RO         3633    i.RCC_APB1PeriphResetCmd  stm32f10x_rcc.o
    0x08005e88   0x08005e88   0x00000020   Code   RO         3634    i.RCC_APB2PeriphClockCmd  stm32f10x_rcc.o
    0x08005ea8   0x08005ea8   0x00000020   Code   RO         3635    i.RCC_APB2PeriphResetCmd  stm32f10x_rcc.o
    0x08005ec8   0x08005ec8   0x0000000c   Code   RO         3637    i.RCC_BackupResetCmd  stm32f10x_rcc.o
    0x08005ed4   0x08005ed4   0x000000d4   Code   RO         3642    i.RCC_GetClocksFreq  stm32f10x_rcc.o
    0x08005fa8   0x08005fa8   0x0000003c   Code   RO         3643    i.RCC_GetFlagStatus  stm32f10x_rcc.o
    0x08005fe4   0x08005fe4   0x00000034   Code   RO         3650    i.RCC_LSEConfig     stm32f10x_rcc.o
    0x08006018   0x08006018   0x0000000c   Code   RO         3657    i.RCC_RTCCLKCmd     stm32f10x_rcc.o
    0x08006024   0x08006024   0x00000010   Code   RO         3658    i.RCC_RTCCLKConfig  stm32f10x_rcc.o
    0x08006034   0x08006034   0x00000014   Code   RO         3832    i.RTC_EnterConfigMode  stm32f10x_rtc.o
    0x08006048   0x08006048   0x00000014   Code   RO         3833    i.RTC_ExitConfigMode  stm32f10x_rtc.o
    0x0800605c   0x0800605c   0x00000014   Code   RO         3834    i.RTC_GetCounter    stm32f10x_rtc.o
    0x08006070   0x08006070   0x0000001c   Code   RO         3840    i.RTC_SetCounter    stm32f10x_rtc.o
    0x0800608c   0x0800608c   0x00000020   Code   RO         3841    i.RTC_SetPrescaler  stm32f10x_rtc.o
    0x080060ac   0x080060ac   0x00000014   Code   RO         3842    i.RTC_WaitForLastTask  stm32f10x_rtc.o
    0x080060c0   0x080060c0   0x00000024   Code   RO         3843    i.RTC_WaitForSynchro  stm32f10x_rtc.o
    0x080060e4   0x080060e4   0x00000036   Code   RO          213    i.ReadDataWithCheck  store_app.o
    0x0800611a   0x0800611a   0x00000002   PAD
    0x0800611c   0x0800611c   0x0000004c   Code   RO          859    i.ReadDiscreteInputsCb  modbus_app.o
    0x08006168   0x08006168   0x0000007e   Code   RO         1363    i.ReadEepromData    eeprom_drv.o
    0x080061e6   0x080061e6   0x00000044   Code   RO         1519    i.ReadNorflashData  norflash_drv.o
    0x0800622a   0x0800622a   0x00000002   PAD
    0x0800622c   0x0800622c   0x0000006c   Code   RO          860    i.ReadRegsCb        modbus_app.o
    0x08006298   0x08006298   0x0000002a   Code   RO          214    i.ReadSysParam      store_app.o
    0x080062c2   0x080062c2   0x00000002   PAD
    0x080062c4   0x080062c4   0x0000002c   Code   RO          514    i.RecordSurgeParam  surge_history.o
    0x080062f0   0x080062f0   0x000000bc   Code   RO         1462    i.RtcDrvInit        rtc_drv.o
    0x080063ac   0x080063ac   0x00000020   Code   RO         1521    i.SPIInit           norflash_drv.o
    0x080063cc   0x080063cc   0x00000060   Code   RO         1522    i.SPIReadWriteByte  norflash_drv.o
    0x0800642c   0x0800642c   0x00000014   Code   RO         1523    i.SPIStart          norflash_drv.o
    0x08006440   0x08006440   0x00000014   Code   RO         1524    i.SPIStop           norflash_drv.o
    0x08006454   0x08006454   0x00000002   Code   RO         1194    i.SVC_Handler       stm32f10x_it.o
    0x08006456   0x08006456   0x0000000c   Code   RO         1736    i.SensorDrvInit     sensor_drv.o
    0x08006462   0x08006462   0x00000010   Code   RO         1737    i.SensorDrvProc     sensor_drv.o
    0x08006472   0x08006472   0x0000000c   Code   RO          402    i.Sensor_Task       sensor_app.o
    0x0800647e   0x0800647e   0x00000002   PAD
    0x08006480   0x08006480   0x00000054   Code   RO          215    i.SetModbusAddrParam  store_app.o
    0x080064d4   0x080064d4   0x00000008   Code   RO         5032    i.SetSysClock       system_stm32f10x.o
    0x080064dc   0x080064dc   0x000000e0   Code   RO         5033    i.SetSysClockTo72   system_stm32f10x.o
    0x080065bc   0x080065bc   0x0000001e   Code   RO          515    i.StoreSurgeNum     surge_history.o
    0x080065da   0x080065da   0x00000002   PAD
    0x080065dc   0x080065dc   0x00000070   Code   RO         1855    i.SurgeDmaInit      surgemdl_drv.o
    0x0800664c   0x0800664c   0x00000054   Code   RO         1856    i.SurgeGpioInit     surgemdl_drv.o
    0x080066a0   0x080066a0   0x0000006c   Code   RO          516    i.SurgeHistoryProc  surge_history.o
    0x0800670c   0x0800670c   0x00000014   Code   RO         1857    i.SurgeMdlDrvInit   surgemdl_drv.o
    0x08006720   0x08006720   0x00000084   Code   RO         1858    i.SurgeUartInit     surgemdl_drv.o
    0x080067a4   0x080067a4   0x00000088   Code   RO         1859    i.SurgemdlDataPro   surgemdl_drv.o
    0x0800682c   0x0800682c   0x0000002c   Code   RO         1968    i.SwitchInit        portserial.o
    0x08006858   0x08006858   0x00000084   Code   RO          573    i.SwitchinputProc   invalid_app.o
    0x080068dc   0x080068dc   0x00000054   Code   RO         1716    i.Switchinput_DrvInit  switch_drv.o
    0x08006930   0x08006930   0x00000030   Code   RO         1251    i.SysTick_Handler   systick_drv.o
    0x08006960   0x08006960   0x00000068   Code   RO         1252    i.SysTick_Init      systick_drv.o
    0x080069c8   0x080069c8   0x00000060   Code   RO         5035    i.SystemInit        system_stm32f10x.o
    0x08006a28   0x08006a28   0x00000028   Code   RO         2030    i.TIM5_IRQHandler   porttimer.o
    0x08006a50   0x08006a50   0x00000006   Code   RO         4260    i.TIM_ClearFlag     stm32f10x_tim.o
    0x08006a56   0x08006a56   0x00000006   Code   RO         4261    i.TIM_ClearITPendingBit  stm32f10x_tim.o
    0x08006a5c   0x08006a5c   0x00000018   Code   RO         4266    i.TIM_Cmd           stm32f10x_tim.o
    0x08006a74   0x08006a74   0x000001e8   Code   RO         4271    i.TIM_DeInit        stm32f10x_tim.o
    0x08006c5c   0x08006c5c   0x00000022   Code   RO         4287    i.TIM_GetITStatus   stm32f10x_tim.o
    0x08006c7e   0x08006c7e   0x00000012   Code   RO         4291    i.TIM_ITConfig      stm32f10x_tim.o
    0x08006c90   0x08006c90   0x00000004   Code   RO         4331    i.TIM_SetCounter    stm32f10x_tim.o
    0x08006c94   0x08006c94   0x000000a4   Code   RO         4337    i.TIM_TimeBaseInit  stm32f10x_tim.o
    0x08006d38   0x08006d38   0x00000038   Code   RO            3    i.TaskHandler       main.o
    0x08006d70   0x08006d70   0x00000068   Code   RO            4    i.TaskScheduleCb    main.o
    0x08006dd8   0x08006dd8   0x0000000c   Code   RO         1253    i.TaskScheduleCbReg  systick_drv.o
    0x08006de4   0x08006de4   0x0000000c   Code   RO         1772    i.TempDrvInit       ntc_drv.o
    0x08006df0   0x08006df0   0x000000a4   Code   RO         1773    i.TempSensorProc    ntc_drv.o
    0x08006e94   0x08006e94   0x00000054   Code   RO         1312    i.ToggleLed         led_drv.o
    0x08006ee8   0x08006ee8   0x00000030   Code   RO         1313    i.TurnOffLed        led_drv.o
    0x08006f18   0x08006f18   0x00000010   Code   RO         1615    i.TurnOffScreen     lcd12864_drv.o
    0x08006f28   0x08006f28   0x00000030   Code   RO         1314    i.TurnOnLed         led_drv.o
    0x08006f58   0x08006f58   0x00000010   Code   RO         1616    i.TurnOnScreen      lcd12864_drv.o
    0x08006f68   0x08006f68   0x00000044   Code   RO         1969    i.USART1_IRQHandler  portserial.o
    0x08006fac   0x08006fac   0x00000060   Code   RO         1861    i.USART2_IRQHandler  surgemdl_drv.o
    0x0800700c   0x0800700c   0x00000012   Code   RO         4798    i.USART_ClearFlag   stm32f10x_usart.o
    0x0800701e   0x0800701e   0x0000001e   Code   RO         4799    i.USART_ClearITPendingBit  stm32f10x_usart.o
    0x0800703c   0x0800703c   0x00000018   Code   RO         4802    i.USART_Cmd         stm32f10x_usart.o
    0x08007054   0x08007054   0x00000012   Code   RO         4803    i.USART_DMACmd      stm32f10x_usart.o
    0x08007066   0x08007066   0x00000002   PAD
    0x08007068   0x08007068   0x0000009c   Code   RO         4804    i.USART_DeInit      stm32f10x_usart.o
    0x08007104   0x08007104   0x0000001a   Code   RO         4805    i.USART_GetFlagStatus  stm32f10x_usart.o
    0x0800711e   0x0800711e   0x00000054   Code   RO         4806    i.USART_GetITStatus  stm32f10x_usart.o
    0x08007172   0x08007172   0x0000004a   Code   RO         4808    i.USART_ITConfig    stm32f10x_usart.o
    0x080071bc   0x080071bc   0x000000d8   Code   RO         4809    i.USART_Init        stm32f10x_usart.o
    0x08007294   0x08007294   0x0000000a   Code   RO         4816    i.USART_ReceiveData  stm32f10x_usart.o
    0x0800729e   0x0800729e   0x00000008   Code   RO         4819    i.USART_SendData    stm32f10x_usart.o
    0x080072a6   0x080072a6   0x00000002   PAD
    0x080072a8   0x080072a8   0x00000070   Code   RO         1970    i.UartInit          portserial.o
    0x08007318   0x08007318   0x00000004   Code   RO         1195    i.UsageFault_Handler  stm32f10x_it.o
    0x0800731c   0x0800731c   0x00000030   Code   RO         1525    i.WaitNorflashWriteEnd  norflash_drv.o
    0x0800734c   0x0800734c   0x00000028   Code   RO          217    i.WriteDataWithCheck  store_app.o
    0x08007374   0x08007374   0x00000096   Code   RO         1364    i.WriteEepromData   eeprom_drv.o
    0x0800740a   0x0800740a   0x00000078   Code   RO         1526    i.WriteNorflashData  norflash_drv.o
    0x08007482   0x08007482   0x00000002   PAD
    0x08007484   0x08007484   0x0000008c   Code   RO          861    i.WriteRegsCb       modbus_app.o
    0x08007510   0x08007510   0x0000002c   Code   RO          218    i.WriteSysParam     store_app.o
    0x0800753c   0x0800753c   0x00000028   Code   RO         5659    i.__0sprintf        mc_w.l(printfa.o)
    0x08007564   0x08007564   0x0000009c   Code   RO         5339    i.__aeabi_assert    retarget_io.o
    0x08007600   0x08007600   0x000000aa   Code   RO         5727    i.__kernel_poly     m_ws.l(poly.o)
    0x080076aa   0x080076aa   0x00000002   PAD
    0x080076ac   0x080076ac   0x00000010   Code   RO         5713    i.__mathlib_dbl_divzero  m_ws.l(dunder.o)
    0x080076bc   0x080076bc   0x00000006   Code   RO         5714    i.__mathlib_dbl_infnan  m_ws.l(dunder.o)
    0x080076c2   0x080076c2   0x0000000c   Code   RO         5716    i.__mathlib_dbl_invalid  m_ws.l(dunder.o)
    0x080076ce   0x080076ce   0x0000000e   Code   RO         5785    i.__scatterload_copy  mc_w.l(handlers.o)
    0x080076dc   0x080076dc   0x00000002   Code   RO         5786    i.__scatterload_null  mc_w.l(handlers.o)
    0x080076de   0x080076de   0x0000000e   Code   RO         5787    i.__scatterload_zeroinit  mc_w.l(handlers.o)
    0x080076ec   0x080076ec   0x0000000c   Code   RO         5761    i.__set_errno       mc_w.l(errno.o)
    0x080076f8   0x080076f8   0x00000184   Code   RO         5664    i._fp_digits        mc_w.l(printfa.o)
    0x0800787c   0x0800787c   0x000006dc   Code   RO         5665    i._printf_core      mc_w.l(printfa.o)
    0x08007f58   0x08007f58   0x00000024   Code   RO         5666    i._printf_post_padding  mc_w.l(printfa.o)
    0x08007f7c   0x08007f7c   0x0000002e   Code   RO         5667    i._printf_pre_padding  mc_w.l(printfa.o)
    0x08007faa   0x08007faa   0x0000000a   Code   RO         5669    i._sputc            mc_w.l(printfa.o)
    0x08007fb4   0x08007fb4   0x00000004   Code   RO         5341    i.abort             retarget_io.o
    0x08007fb8   0x08007fb8   0x0000003c   Code   RO         1617    i.clear_area        lcd12864_drv.o
    0x08007ff4   0x08007ff4   0x00000038   Code   RO         1618    i.clear_screen      lcd12864_drv.o
    0x0800802c   0x0800802c   0x00000174   Code   RO         1619    i.display_GB2312_string  lcd12864_drv.o
    0x080081a0   0x080081a0   0x00000058   Code   RO         1620    i.display_graphic_16x16  lcd12864_drv.o
    0x080081f8   0x080081f8   0x0000004c   Code   RO         1621    i.display_graphic_8x16  lcd12864_drv.o
    0x08008244   0x08008244   0x00000028   Code   RO          956    i.eMBEnable         mb.o
    0x0800826c   0x0800826c   0x000000a4   Code   RO         1025    i.eMBFuncReadDiscreteInputs  mbfuncdisc.o
    0x08008310   0x08008310   0x00000086   Code   RO         1037    i.eMBFuncReadHoldingRegister  mbfuncholding.o
    0x08008396   0x08008396   0x0000003e   Code   RO         1038    i.eMBFuncWriteHoldingRegister  mbfuncholding.o
    0x080083d4   0x080083d4   0x0000006a   Code   RO         1039    i.eMBFuncWriteMultipleHoldingRegister  mbfuncholding.o
    0x0800843e   0x0800843e   0x00000002   PAD
    0x08008440   0x08008440   0x000000e0   Code   RO          957    i.eMBInit           mb.o
    0x08008520   0x08008520   0x00000168   Code   RO          958    i.eMBPoll           mb.o
    0x08008688   0x08008688   0x00000050   Code   RO         1099    i.eMBRTUInit        mbrtu.o
    0x080086d8   0x080086d8   0x000000a4   Code   RO         1100    i.eMBRTUReceive     mbrtu.o
    0x0800877c   0x0800877c   0x000000a8   Code   RO         1101    i.eMBRTUSend        mbrtu.o
    0x08008824   0x08008824   0x0000001c   Code   RO         1102    i.eMBRTUStart       mbrtu.o
    0x08008840   0x08008840   0x00000010   Code   RO         1103    i.eMBRTUStop        mbrtu.o
    0x08008850   0x08008850   0x00000024   Code   RO         1159    i.eMBRegDiscreteCB  modbus_slave.o
    0x08008874   0x08008874   0x0000003c   Code   RO         1160    i.eMBRegHoldingCB   modbus_slave.o
    0x080088b0   0x080088b0   0x0000001c   Code   RO          960    i.eMBSetSlaveAddr   mb.o
    0x080088cc   0x080088cc   0x00000020   Code   RO         5343    i.fputc             retarget_io.o
    0x080088ec   0x080088ec   0x00000018   Code   RO         5400    i.fputs             mc_w.l(fputs.o)
    0x08008904   0x08008904   0x00000048   Code   RO         1622    i.get_data_from_ROM  lcd12864_drv.o
    0x0800894c   0x0800894c   0x0000006c   Code   RO         1623    i.get_n_bytes_data_from_ROM  lcd12864_drv.o
    0x080089b8   0x080089b8   0x00000028   Code   RO         1624    i.lcd_address       lcd12864_drv.o
    0x080089e0   0x080089e0   0x0000035c   Code   RO         5388    i.log               m_ws.l(log.o)
    0x08008d3c   0x08008d3c   0x00000018   Code   RO            5    i.main              main.o
    0x08008d54   0x08008d54   0x00000022   Code   RO         1061    i.prveMBError2Exception  mbutils.o
    0x08008d76   0x08008d76   0x00000002   PAD
    0x08008d78   0x08008d78   0x00000010   Code   RO         2031    i.prvvTIMERExpiredISR  porttimer.o
    0x08008d88   0x08008d88   0x00000010   Code   RO         1971    i.prvvUARTRxISR     portserial.o
    0x08008d98   0x08008d98   0x00000010   Code   RO         1972    i.prvvUARTTxReadyISR  portserial.o
    0x08008da8   0x08008da8   0x00000048   Code   RO         1625    i.send_command_to_ROM  lcd12864_drv.o
    0x08008df0   0x08008df0   0x00000004   Code   RO         5344    i.stderr_putchar    retarget_io.o
    0x08008df4   0x08008df4   0x00000038   Code   RO         1085    i.usMBCRC16         mbcrc.o
    0x08008e2c   0x08008e2c   0x00000070   Code   RO         1973    i.vMBPortSerialEnable  portserial.o
    0x08008e9c   0x08008e9c   0x0000002c   Code   RO         2056    i.vMBPortTimersDisable  porttimer.o
    0x08008ec8   0x08008ec8   0x0000002c   Code   RO         2050    i.vMBPortTimersEnable  porttimer.o
    0x08008ef4   0x08008ef4   0x00000024   Code   RO         1941    i.xMBPortEventGet   portevent.o
    0x08008f18   0x08008f18   0x00000010   Code   RO         1942    i.xMBPortEventInit  portevent.o
    0x08008f28   0x08008f28   0x00000018   Code   RO         1943    i.xMBPortEventPost  portevent.o
    0x08008f40   0x08008f40   0x00000018   Code   RO         1974    i.xMBPortSerialGetByte  portserial.o
    0x08008f58   0x08008f58   0x00000020   Code   RO         1975    i.xMBPortSerialInit  portserial.o
    0x08008f78   0x08008f78   0x00000018   Code   RO         1976    i.xMBPortSerialPutByte  portserial.o
    0x08008f90   0x08008f90   0x00000074   Code   RO         2032    i.xMBPortTimersInit  porttimer.o
    0x08009004   0x08009004   0x000000d8   Code   RO         1104    i.xMBRTUReceiveFSM  mbrtu.o
    0x080090dc   0x080090dc   0x00000088   Code   RO         1105    i.xMBRTUTimerT35Expired  mbrtu.o
    0x08009164   0x08009164   0x000000c0   Code   RO         1106    i.xMBRTUTransmitFSM  mbrtu.o
    0x08009224   0x08009224   0x0000000c   Data   RO          220    .constdata          store_app.o
    0x08009230   0x08009230   0x00000668   Data   RO          558    .constdata          picture.o
    0x08009898   0x08009898   0x00000008   Data   RO          755    .constdata          hmi_surge_history.o
    0x080098a0   0x080098a0   0x00000014   Data   RO          863    .constdata          modbus_app.o
    0x080098b4   0x080098b4   0x00000200   Data   RO         1086    .constdata          mbcrc.o
    0x08009ab4   0x08009ab4   0x00000004   PAD
    0x08009ab8   0x08009ab8   0x00000038   Data   RO         5389    .constdata          m_ws.l(log.o)
    0x08009af0   0x08009af0   0x00000008   Data   RO         5729    .constdata          m_ws.l(qnan.o)
    0x08009af8   0x08009af8   0x0000000c   Data   RO         5757    .constdata          mc_w.l(localtime_i.o)
    0x08009b04   0x08009b04   0x00000063   Data   RO         1108    .conststring        mbrtu.o
    0x08009b67   0x08009b67   0x00000001   PAD
    0x08009b68   0x08009b68   0x00000020   Data   RO         5783    Region$$Table       anon$$obj.o


    Execution Region RW_IRAM1 (Exec base: 0x20000000, Load base: 0x08009b88, Size: 0x00003568, Max: 0x0000c000, ABSOLUTE, COMPRESSED[0x0000011c])

    Exec Addr    Load Addr    Size         Type   Attr      Idx    E Section Name        Object

    0x20000000   COMPRESSED   0x00000030   Data   RW            6    .data               main.o
    0x20000030   COMPRESSED   0x00000001   Data   RW          518    .data               surge_history.o
    0x20000031   COMPRESSED   0x00000003   PAD
    0x20000034   COMPRESSED   0x00000070   Data   RW          559    .data               picture.o
    0x200000a4   COMPRESSED   0x00000002   Data   RW          575    .data               invalid_app.o
    0x200000a6   COMPRESSED   0x00000002   PAD
    0x200000a8   COMPRESSED   0x00000021   Data   RW          610    .data               mov_invalid.o
    0x200000c9   COMPRESSED   0x00000005   Data   RW          657    .data               hmi_app2.o
    0x200000ce   COMPRESSED   0x00000001   Data   RW          708    .data               hmi_mainpage.o
    0x200000cf   COMPRESSED   0x00000001   PAD
    0x200000d0   COMPRESSED   0x00000002   Data   RW          756    .data               hmi_surge_history.o
    0x200000d2   COMPRESSED   0x00000001   Data   RW          821    .data               hmi_serialwork.o
    0x200000d3   COMPRESSED   0x00000001   PAD
    0x200000d4   COMPRESSED   0x0000008c   Data   RW          864    .data               modbus_app.o
    0x20000160   COMPRESSED   0x000000b9   Data   RW          961    .data               mb.o
    0x20000219   COMPRESSED   0x00000003   PAD
    0x2000021c   COMPRESSED   0x0000000c   Data   RW         1109    .data               mbrtu.o
    0x20000228   COMPRESSED   0x0000000c   Data   RW         1254    .data               systick_drv.o
    0x20000234   COMPRESSED   0x00000024   Data   RW         1315    .data               led_drv.o
    0x20000258   COMPRESSED   0x00000030   Data   RW         1439    .data               key_drv.o
    0x20000288   COMPRESSED   0x00000004   Data   RW         1626    .data               lcd12864_drv.o
    0x2000028c   COMPRESSED   0x0000001a   Data   RW         1717    .data               switch_drv.o
    0x200002a6   COMPRESSED   0x00000002   PAD
    0x200002a8   COMPRESSED   0x0000000a   Data   RW         1776    .data               ntc_drv.o
    0x200002b2   COMPRESSED   0x00000002   PAD
    0x200002b4   COMPRESSED   0x00000038   Data   RW         1864    .data               surgemdl_drv.o
    0x200002ec   COMPRESSED   0x00000002   Data   RW         1944    .data               portevent.o
    0x200002ee   COMPRESSED   0x00000002   PAD
    0x200002f0   COMPRESSED   0x00000014   Data   RW         1977    .data               portserial.o
    0x20000304   COMPRESSED   0x00000014   Data   RW         3662    .data               stm32f10x_rcc.o
    0x20000318   COMPRESSED   0x00000014   Data   RW         5036    .data               system_stm32f10x.o
    0x2000032c   COMPRESSED   0x00000004   Data   RW         5404    .data               mc_w.l(stderr.o)
    0x20000330   COMPRESSED   0x00000004   Data   RW         5762    .data               mc_w.l(errno.o)
    0x20000334        -       0x0000000c   Zero   RW          219    .bss                store_app.o
    0x20000340        -       0x0000001c   Zero   RW          517    .bss                surge_history.o
    0x2000035c        -       0x00000010   Zero   RW          574    .bss                invalid_app.o
    0x2000036c        -       0x0000000a   Zero   RW          656    .bss                hmi_app2.o
    0x20000376        -       0x0000001f   Zero   RW          862    .bss                modbus_app.o
    0x20000395        -       0x00000100   Zero   RW         1107    .bss                mbrtu.o
    0x20000495   COMPRESSED   0x00000003   PAD
    0x20000498        -       0x0000000c   Zero   RW         1161    .bss                modbus_slave.o
    0x200004a4   COMPRESSED   0x00000004   PAD
    0x200004a8        -       0x00000060   Zero   RW         1438    .bss                key_drv.o
    0x20000508        -       0x00000014   Zero   RW         1774    .bss                ntc_drv.o
    0x2000051c        -       0x0000001e   Zero   RW         1862    .bss                surgemdl_drv.o
    0x2000053a   COMPRESSED   0x00000002   PAD
    0x2000053c        -       0x0000002c   Zero   RW         5754    .bss                mc_w.l(localtime_w.o)
    0x20000568        -       0x00003000   Zero   RW         5066    STACK               startup_stm32f10x_hd.o


==============================================================================

Image component sizes


      Code (inc. data)   RO Data    RW Data    ZI Data      Debug   Object Name

       124         16          0          0          0       1822   delay.o
       844         40          0          0          0       7826   eeprom_drv.o
       612         38          0          5         10       3769   hmi_app2.o
        24         10          0          0          0        529   hmi_common.o
       252         66          0          0          0       1749   hmi_invalid_history.o
       480         88          0          1          0       3598   hmi_mainpage.o
       356        114          0          1          0       2317   hmi_serialwork.o
       548        102          8          2          0       1938   hmi_surge_history.o
        18          0          0          0          0        523   iap_drv.o
       162         10          0          2         16       3432   invalid_app.o
        38          0          0          0          0       1032   iwdg_drv.o
       642         20          0         48         96       3365   key_drv.o
      1654        100          0          4          0      14026   lcd12864_drv.o
       292         20          0         36          0       3258   led_drv.o
       260         16          0         48          0     220123   main.o
       664        140          0        185          0       6411   mb.o
        56          8        512          0          0       1404   mbcrc.o
       164          0          0          0          0       1724   mbfuncdisc.o
       302          0          0          0          0       4225   mbfuncholding.o
      1000        306         99         12        256       6771   mbrtu.o
        34          0          0          0          0        644   mbutils.o
       152         30          0          0          0       2337   misc.o
       848         58         20        140         31      15370   modbus_app.o
       136         18          0          0         12       2895   modbus_slave.o
       364         32          0         33          0       3439   mov_invalid.o
       770         32          0          0          0      10473   norflash_drv.o
       780         94          0         10         20       9164   ntc_drv.o
         0          0       1640        112          0       2261   picture.o
        76         24          0          2          0       2412   portevent.o
       516         54          0         20          0       6876   portserial.o
       260         28          0          0          0       2903   porttimer.o
       196         52          0          0          0       2221   retarget_io.o
       242          4          0          0          0       2726   rtc_drv.o
        12          0          0          0          0     222802   sensor_app.o
        70          0          0          0          0       2356   sensor_drv.o
        36          8        304          0      12288        876   startup_stm32f10x_hd.o
       486         24          0          0          0       9386   stm32f10x_adc.o
        72         10          0          0          0       2948   stm32f10x_bkp.o
       428          8          0          0          0       4944   stm32f10x_dma.o
       458          6          0          0          0       5530   stm32f10x_gpio.o
        26          0          0          0          0       4545   stm32f10x_it.o
        68         30          0          0          0       2790   stm32f10x_iwdg.o
        12          6          0          0          0        578   stm32f10x_pwr.o
       548         82          0         20          0      10331   stm32f10x_rcc.o
       176         34          0          0          0       3991   stm32f10x_rtc.o
       744        106          0          0          0       6004   stm32f10x_tim.o
       664         28          0          0          0       9343   stm32f10x_usart.o
       418         28         12          0         12     278375   store_app.o
       260         28          0          1         28       5025   surge_history.o
       666         78          0         56         30       7105   surgemdl_drv.o
       152         14          0         26          0       2261   switch_drv.o
       328         28          0         20          0       2485   system_stm32f10x.o
       176         32          0         12          0      18264   systick_drv.o

    ----------------------------------------------------------------------
     18714       2070       2632        812      12808     953502   Object Totals
         0          0         32          0          0          0   (incl. Generated)
        48          0          5         16          9          0   (incl. Padding)

    ----------------------------------------------------------------------

      Code (inc. data)   RO Data    RW Data    ZI Data      Debug   Library Member Name

        34          4          0          0          0        204   dunder.o
       860         52         56          0          0        256   log.o
       170          0          0          0          0         96   poly.o
         0          0          8          0          0          0   qnan.o
        86          0          0          0          0          0   __dczerorl2.o
         0          0          0          0          0          0   entry.o
         0          0          0          0          0          0   entry10a.o
         0          0          0          0          0          0   entry11a.o
         8          4          0          0          0          0   entry2.o
         4          0          0          0          0          0   entry5.o
         0          0          0          0          0          0   entry7b.o
         0          0          0          0          0          0   entry8b.o
         8          4          0          0          0          0   entry9a.o
        12          6          0          4          0         68   errno.o
        24          0          0          0          0         80   fputs.o
        30          0          0          0          0          0   handlers.o
        36          8          0          0          0         68   init.o
         0          0          0          0          0          0   iusefp.o
        30          0          0          0          0         68   llshl.o
        36          0          0          0          0         68   llsshr.o
        32          0          0          0          0         68   llushr.o
       140          6         12          0          0         76   localtime_i.o
        12          6          0          0         44         68   localtime_w.o
        36          0          0          0          0         68   memcpya.o
        36          0          0          0          0        108   memseta.o
      2276         86          0          0          0        520   printfa.o
       156          0          0          0          0         88   qsort.o
         0          0          0          4          0          0   stderr.o
        44          0          0          0          0         80   uidiv.o
        98          0          0          0          0         92   uldiv.o
        48          0          0          0          0         68   cdcmple.o
        48          0          0          0          0         68   cdrcmple.o
        20          0          0          0          0         68   cfcmple.o
        20          0          0          0          0         68   cfrcmple.o
        56          0          0          0          0         88   d2f.o
       334          0          0          0          0        148   dadd.o
       222          0          0          0          0        100   ddiv.o
       186          0          0          0          0        176   depilogue.o
        48          0          0          0          0         68   dfixul.o
        34          0          0          0          0         76   dflti.o
        26          0          0          0          0         76   dfltui.o
       228          0          0          0          0         96   dmul.o
        46          0          0          0          0         80   dscalb.o
        38          0          0          0          0         68   f2d.o
       176          0          0          0          0        140   fadd.o
       124          0          0          0          0         88   fdiv.o
       110          0          0          0          0        168   fepilogue.o
        40          0          0          0          0         68   ffixui.o
        18          0          0          0          0         68   fflti.o
        10          0          0          0          0         68   ffltui.o
       100          0          0          0          0         76   fmul.o

    ----------------------------------------------------------------------
      6106        176         76          8         44       4000   Library Totals
         6          0          0          0          0          0   (incl. Padding)

    ----------------------------------------------------------------------

      Code (inc. data)   RO Data    RW Data    ZI Data      Debug   Library Name

      1064         56         64          0          0        556   m_ws.l
      3104        120         12          8         44       1520   mc_w.l
      1932          0          0          0          0       1924   mf_w.l

    ----------------------------------------------------------------------
      6106        176         76          8         44       4000   Library Totals

    ----------------------------------------------------------------------

==============================================================================


      Code (inc. data)   RO Data    RW Data    ZI Data      Debug   

     24820       2246       2708        820      12852     941406   Grand Totals
     24820       2246       2708        284      12852     941406   ELF Image Totals (compressed)
     24820       2246       2708        284          0          0   ROM Totals

==============================================================================

    Total RO  Size (Code + RO Data)                27528 (  26.88kB)
    Total RW  Size (RW Data + ZI Data)             13672 (  13.35kB)
    Total ROM Size (Code + RO Data + RW Data)      27812 (  27.16kB)

==============================================================================

