Component: ARM Compiler 5.06 update 6 (build 750) Tool: armlink [4d35ed]

==============================================================================

Section Cross References

    main.o(i.AppInit) refers to systick_drv.o(i.TaskScheduleCbReg) for TaskScheduleCbReg
    main.o(i.AppInit) refers to store_app.o(i.InitSysParam) for InitSysParam
    main.o(i.AppInit) refers to modbus_app.o(i.ModbusAppInit) for ModbusAppInit
    main.o(i.AppInit) refers to main.o(i.TaskScheduleCb) for TaskScheduleCb
    main.o(i.DrvInit) refers to delay.o(i.DelayInit) for DelayInit
    main.o(i.DrvInit) refers to led_drv.o(i.LedDrvInit) for LedDrvInit
    main.o(i.DrvInit) refers to key_drv.o(i.KeyDrvInit) for KeyDrvInit
    main.o(i.DrvInit) refers to switch_drv.o(i.Switchinput_DrvInit) for Switchinput_DrvInit
    main.o(i.DrvInit) refers to rtc_drv.o(i.RtcDrvInit) for RtcDrvInit
    main.o(i.DrvInit) refers to eeprom_drv.o(i.EepromDrvInit) for EepromDrvInit
    main.o(i.DrvInit) refers to norflash_drv.o(i.NorflashDrvInit) for NorflashDrvInit
    main.o(i.DrvInit) refers to delay.o(i.DelayNms) for DelayNms
    main.o(i.DrvInit) refers to lcd12864_drv.o(i.Lcd12864DrvInit) for Lcd12864DrvInit
    main.o(i.DrvInit) refers to iwdg_drv.o(i.IwdgDrvInit) for IwdgDrvInit
    main.o(i.DrvInit) refers to sensor_drv.o(i.SensorDrvInit) for SensorDrvInit
    main.o(i.TaskHandler) refers to main.o(.data) for g_taskComps
    main.o(i.TaskScheduleCb) refers to main.o(.data) for g_taskComps
    main.o(i.main) refers to iap_drv.o(i.InitIrqAfterBoot) for InitIrqAfterBoot
    main.o(i.main) refers to systick_drv.o(i.SysTick_Init) for SysTick_Init
    main.o(i.main) refers to main.o(i.DrvInit) for DrvInit
    main.o(i.main) refers to main.o(i.AppInit) for AppInit
    main.o(i.main) refers to main.o(i.TaskHandler) for TaskHandler
    main.o(.data) refers to hmi_app2.o(i.HmiTask) for HmiTask
    main.o(.data) refers to modbus_app.o(i.ModbusTask) for ModbusTask
    main.o(.data) refers to sensor_app.o(i.Sensor_Task) for Sensor_Task
    main.o(.data) refers to invalid_app.o(i.Invalid_Task) for Invalid_Task
    store_app.o(i.GetModbusAddrData) refers to store_app.o(.bss) for g_sysParamCurrent
    store_app.o(i.GetModbusBaudData) refers to store_app.o(.bss) for g_sysParamCurrent
    store_app.o(i.InitSysParam) refers to store_app.o(i.ReadSysParam) for ReadSysParam
    store_app.o(i.InitSysParam) refers to surgemdl_drv.o(i.PresetNum_Surge) for PresetNum_Surge
    store_app.o(i.InitSysParam) refers to store_app.o(i.WriteSysParam) for WriteSysParam
    store_app.o(i.InitSysParam) refers to store_app.o(.bss) for g_sysParamCurrent
    store_app.o(i.InitSysParam) refers to store_app.o(.constdata) for g_sysParamDefault
    store_app.o(i.ReadDataWithCheck) refers to eeprom_drv.o(i.ReadEepromData) for ReadEepromData
    store_app.o(i.ReadDataWithCheck) refers to store_app.o(i.CalcCrc8) for CalcCrc8
    store_app.o(i.ReadSysParam) refers to store_app.o(i.ReadDataWithCheck) for ReadDataWithCheck
    store_app.o(i.SetModbusAddrParam) refers to mb.o(i.eMBSetSlaveAddr) for eMBSetSlaveAddr
    store_app.o(i.SetModbusAddrParam) refers to store_app.o(i.WriteSysParam) for WriteSysParam
    store_app.o(i.SetModbusAddrParam) refers to store_app.o(.bss) for g_sysParamCurrent
    store_app.o(i.SetModbusBaudParam) refers to store_app.o(i.WriteSysParam) for WriteSysParam
    store_app.o(i.SetModbusBaudParam) refers to store_app.o(.bss) for g_sysParamCurrent
    store_app.o(i.WriteDataWithCheck) refers to store_app.o(i.CalcCrc8) for CalcCrc8
    store_app.o(i.WriteDataWithCheck) refers to eeprom_drv.o(i.WriteEepromData) for WriteEepromData
    store_app.o(i.WriteSysParam) refers to store_app.o(i.WriteDataWithCheck) for WriteDataWithCheck
    sensor_app.o(i.Sensor_Task) refers to sensor_drv.o(i.SensorDrvProc) for SensorDrvProc
    sensor_app.o(i.Sensor_Task) refers to iwdg_drv.o(i.FeedDog) for FeedDog
    surge_history.o(i.EraseSurgeHistoryInfo) refers to norflash_drv.o(i.EraseNorflashForWrite) for EraseNorflashForWrite
    surge_history.o(i.EraseSurgeHistoryInfo) refers to led_drv.o(i.ToggleLed) for ToggleLed
    surge_history.o(i.EraseSurgeHistoryInfo) refers to surge_history.o(i.StoreSurgeNum) for StoreSurgeNum
    surge_history.o(i.EraseSurgeHistoryInfo) refers to surgemdl_drv.o(i.PresetNum_Surge) for PresetNum_Surge
    surge_history.o(i.EraseSurgeHistoryInfo) refers to surge_history.o(.bss) for sensorData
    surge_history.o(i.GetSurgeHistoryInfo) refers to norflash_drv.o(i.ReadNorflashData) for ReadNorflashData
    surge_history.o(i.RecordSurgeParam) refers to norflash_drv.o(i.EraseNorflashForWrite) for EraseNorflashForWrite
    surge_history.o(i.RecordSurgeParam) refers to norflash_drv.o(i.WriteNorflashData) for WriteNorflashData
    surge_history.o(i.RecordSurgeParam) refers to surge_history.o(.data) for Num
    surge_history.o(i.StoreSurgeNum) refers to store_app.o(i.ReadSysParam) for ReadSysParam
[...]
    .bss                                     0x20000330   Section       12  store_app.o(.bss)
    g_sysParamCurrent                        0x20000330   Data          12  store_app.o(.bss)
    .bss                                     0x2000033c   Section       28  surge_history.o(.bss)
    g_SurgeInfoCurrent                       0x2000033c   Data          12  surge_history.o(.bss)
    sensorData                               0x20000348   Data          16  surge_history.o(.bss)
    .bss                                     0x20000358   Section       16  invalid_app.o(.bss)
    RtcTime                                  0x20000358   Data          16  invalid_app.o(.bss)
    .bss                                     0x20000368   Section       10  hmi_app2.o(.bss)
    .bss                                     0x20000372   Section       31  modbus_app.o(.bss)
    bufferRead                               0x20000372   Data          11  modbus_app.o(.bss)
    bufferSend                               0x2000037d   Data          20  modbus_app.o(.bss)
    .bss                                     0x20000391   Section      256  mbrtu.o(.bss)
    .bss                                     0x20000494   Section       12  modbus_slave.o(.bss)
    g_modbusFuncCb                           0x20000494   Data          12  modbus_slave.o(.bss)
    .bss                                     0x200004a0   Section       96  key_drv.o(.bss)
    g_keyInfo                                0x200004a0   Data          96  key_drv.o(.bss)
    .bss                                     0x20000500   Section       20  ntc_drv.o(.bss)
    g_temp10MplBuf                           0x20000500   Data          20  ntc_drv.o(.bss)
    .bss                                     0x20000514   Section       30  surgemdl_drv.o(.bss)
    g_recvDataBuf                            0x20000514   Data          30  surgemdl_drv.o(.bss)
    .bss                                     0x20000534   Section       44  localtime_w.o(.bss)
    _tms                                     0x20000534   Data          44  localtime_w.o(.bss)
    STACK                                    0x20000560   Section    12288  startup_stm32f10x_hd.o(STACK)

    Global Symbols

    Symbol Name                              Value     Ov Type        Size  Object(Section)

    BuildAttributes$$THM_ISAv4$P$D$K$B$S$PE$A:L22UL41UL21$X:L11$S22US41US21$IEEE1$IW$USESV6$~STKCKD$USESV7$~SHL$OTIME$ROPI$EBA8$MICROLIB$REQ8$PRES8$EABIv2 0x00000000   Number         0  anon$$obj.o ABSOLUTE
    __ARM_use_no_argv                        0x00000000   Number         0  main.o ABSOLUTE
    _printf_a                                0x00000000   Number         0  stubs.o ABSOLUTE
    _printf_c                                0x00000000   Number         0  stubs.o ABSOLUTE
    _printf_charcount                        0x00000000   Number         0  stubs.o ABSOLUTE
    _printf_d                                0x00000000   Number         0  stubs.o ABSOLUTE
    _printf_e                                0x00000000   Number         0  stubs.o ABSOLUTE
    _printf_f                                0x00000000   Number         0  stubs.o ABSOLUTE
    _printf_flags                            0x00000000   Number         0  stubs.o ABSOLUTE
    _printf_fp_dec                           0x00000000   Number         0  stubs.o ABSOLUTE
    _printf_fp_hex                           0x00000000   Number         0  stubs.o ABSOLUTE
    _printf_g                                0x00000000   Number         0  stubs.o ABSOLUTE
    _printf_i                                0x00000000   Number         0  stubs.o ABSOLUTE
    _printf_int_dec                          0x00000000   Number         0  stubs.o ABSOLUTE
    _printf_l                                0x00000000   Number         0  stubs.o ABSOLUTE
    _printf_lc                               0x00000000   Number         0  stubs.o ABSOLUTE
    _printf_ll                               0x00000000   Number         0  stubs.o ABSOLUTE
    _printf_lld                              0x00000000   Number         0  stubs.o ABSOLUTE
    _printf_lli                              0x00000000   Number         0  stubs.o ABSOLUTE
    _printf_llo                              0x00000000   Number         0  stubs.o ABSOLUTE
    _printf_llu                              0x00000000   Number         0  stubs.o ABSOLUTE
    _printf_llx                              0x00000000   Number         0  stubs.o ABSOLUTE
    _printf_longlong_dec                     0x00000000   Number         0  stubs.o ABSOLUTE
    _printf_longlong_hex                     0x00000000   Number         0  stubs.o ABSOLUTE
    _printf_longlong_oct                     0x00000000   Number         0  stubs.o ABSOLUTE
    _printf_ls                               0x00000000   Number         0  stubs.o ABSOLUTE
    _printf_mbtowc                           0x00000000   Number         0  stubs.o ABSOLUTE
    _printf_n                                0x00000000   Number         0  stubs.o ABSOLUTE
    _printf_o                                0x00000000   Number         0  stubs.o ABSOLUTE
    _printf_p                                0x00000000   Number         0  stubs.o ABSOLUTE
    _printf_percent                          0x00000000   Number         0  stubs.o ABSOLUTE
    _printf_pre_padding                      0x00000000   Number         0  stubs.o ABSOLUTE
    _printf_return_value                     0x00000000   Number         0  stubs.o ABSOLUTE
    _printf_s                                0x00000000   Number         0  stubs.o ABSOLUTE
    _printf_sizespec                         0x00000000   Number         0  stubs.o ABSOLUTE
    _printf_str                              0x00000000   Number         0  stubs.o ABSOLUTE
    _printf_truncate_signed                  0x00000000   Number         0  stubs.o ABSOLUTE
    _printf_truncate_unsigned                0x00000000   Number         0  stubs.o ABSOLUTE
    _printf_u                                0x00000000   Number         0  stubs.o ABSOLUTE
    _printf_wc                               0x00000000   Number         0  stubs.o ABSOLUTE
    _printf_wctomb                           0x00000000   Number         0  stubs.o ABSOLUTE
    _printf_widthprec                        0x00000000   Number         0  stubs.o ABSOLUTE
    _printf_x                                0x00000000   Number         0  stubs.o ABSOLUTE
    __cpp_initialize__aeabi_                  - Undefined Weak Reference
    __cxa_finalize                            - Undefined Weak Reference
    _clock_init                               - Undefined Weak Reference
    _microlib_exit                            - Undefined Weak Reference
    __Vectors_Size                           0x00000130   Number         0  startup_stm32f10x_hd.o ABSOLUTE
    __Vectors                                0x08003000   Data           4  startup_stm32f10x_hd.o(RESET)
    __Vectors_End                            0x08003130   Data           0  startup_stm32f10x_hd.o(RESET)
    __main                                   0x08003131   Thumb Code     0  entry.o(.ARM.Collect$$$$00000000)
    _main_stk                                0x08003131   Thumb Code     0  entry2.o(.ARM.Collect$$$$00000001)
    _main_scatterload                        0x08003135   Thumb Code     0  entry5.o(.ARM.Collect$$$$00000004)
    __main_after_scatterload                 0x08003139   Thumb Code     0  entry5.o(.ARM.Collect$$$$00000004)
    _main_clock                              0x08003139   Thumb Code     0  entry7b.o(.ARM.Collect$$$$00000008)
    _main_cpp_init                           0x08003139   Thumb Code     0  entry8b.o(.ARM.Collect$$$$0000000A)
    _main_init                               0x08003139   Thumb Code     0  entry9a.o(.ARM.Collect$$$$0000000B)
    __rt_final_cpp                           0x08003141   Thumb Code     0  entry10a.o(.ARM.Collect$$$$0000000D)
    __rt_final_exit                          0x08003141   Thumb Code     0  entry11a.o(.ARM.Collect$$$$0000000F)
    Reset_Handler                            0x08003145   Thumb Code     8  startup_stm32f10x_hd.o(.text)
    ADC1_2_IRQHandler                        0x0800315f   Thumb Code     0  startup_stm32f10x_hd.o(.text)
    ADC3_IRQHandler                          0x0800315f   Thumb Code     0  startup_stm32f10x_hd.o(.text)
    CAN1_RX1_IRQHandler                      0x0800315f   Thumb Code     0  startup_stm32f10x_hd.o(.text)
    CAN1_SCE_IRQHandler                      0x0800315f   Thumb Code     0  startup_stm32f10x_hd.o(.text)
    DMA1_Channel1_IRQHandler                 0x0800315f   Thumb Code     0  startup_stm32f10x_hd.o(.text)
    DMA1_Channel2_IRQHandler                 0x0800315f   Thumb Code     0  startup_stm32f10x_hd.o(.text)
    DMA1_Channel3_IRQHandler                 0x0800315f   Thumb Code     0  startup_stm32f10x_hd.o(.text)
    DMA1_Channel4_IRQHandler                 0x0800315f   Thumb Code     0  startup_stm32f10x_hd.o(.text)
    DMA1_Channel5_IRQHandler                 0x0800315f   Thumb Code     0  startup_stm32f10x_hd.o(.text)
    DMA1_Channel6_IRQHandler                 0x0800315f   Thumb Code     0  startup_stm32f10x_hd.o(.text)
    DMA1_Channel7_IRQHandler                 0x0800315f   Thumb Code     0  startup_stm32f10x_hd.o(.text)
    DMA2_Channel1_IRQHandler                 0x0800315f   Thumb Code     0  startup_stm32f10x_hd.o(.text)
    DMA2_Channel2_IRQHandler                 0x0800315f   Thumb Code     0  startup_stm32f10x_hd.o(.text)
    DMA2_Channel3_IRQHandler                 0x0800315f   Thumb Code     0  startup_stm32f10x_hd.o(.text)
    DMA2_Channel4_5_IRQHandler               0x0800315f   Thumb Code     0  startup_stm32f10x_hd.o(.text)
    EXTI0_IRQHandler                         0x0800315f   Thumb Code     0  startup_stm32f10x_hd.o(.text)
    EXTI15_10_IRQHandler                     0x0800315f   Thumb Code     0  startup_stm32f10x_hd.o(.text)
    EXTI1_IRQHandler                         0x0800315f   Thumb Code     0  startup_stm32f10x_hd.o(.text)
    EXTI2_IRQHandler                         0x0800315f   Thumb Code     0  startup_stm32f10x_hd.o(.text)
    EXTI3_IRQHandler                         0x0800315f   Thumb Code     0  startup_stm32f10x_hd.o(.text)
    EXTI4_IRQHandler                         0x0800315f   Thumb Code     0  startup_stm32f10x_hd.o(.text)
    EXTI9_5_IRQHandler                       0x0800315f   Thumb Code     0  startup_stm32f10x_hd.o(.text)
    FLASH_IRQHandler                         0x0800315f   Thumb Code     0  startup_stm32f10x_hd.o(.text)
    FSMC_IRQHandler                          0x0800315f   Thumb Code     0  startup_stm32f10x_hd.o(.text)
    I2C1_ER_IRQHandler                       0x0800315f   Thumb Code     0  startup_stm32f10x_hd.o(.text)
    I2C1_EV_IRQHandler                       0x0800315f   Thumb Code     0  startup_stm32f10x_hd.o(.text)
    I2C2_ER_IRQHandler                       0x0800315f   Thumb Code     0  startup_stm32f10x_hd.o(.text)
    I2C2_EV_IRQHandler                       0x0800315f   Thumb Code     0  startup_stm32f10x_hd.o(.text)
    RCC_IRQHandler                           0x0800315f   Thumb Code     0  startup_stm32f10x_hd.o(.text)
    RTCAlarm_IRQHandler                      0x0800315f   Thumb Code     0  startup_stm32f10x_hd.o(.text)
    RTC_IRQHandler                           0x0800315f   Thumb Code     0  startup_stm32f10x_hd.o(.text)
    SDIO_IRQHandler                          0x0800315f   Thumb Code     0  startup_stm32f10x_hd.o(.text)
    SPI1_IRQHandler                          0x0800315f   Thumb Code     0  startup_stm32f10x_hd.o(.text)
    SPI2_IRQHandler                          0x0800315f   Thumb Code     0  startup_stm32f10x_hd.o(.text)
    SPI3_IRQHandler                          0x0800315f   Thumb Code     0  startup_stm32f10x_hd.o(.text)
    TAMPER_IRQHandler                        0x0800315f   Thumb Code     0  startup_stm32f10x_hd.o(.text)
    TIM1_BRK_IRQHandler                      0x0800315f   Thumb Code     0  startup_stm32f10x_hd.o(.text)
    TIM1_CC_IRQHandler                       0x0800315f   Thumb Code     0  startup_stm32f10x_hd.o(.text)
    TIM1_TRG_COM_IRQHandler                  0x0800315f   Thumb Code     0  startup_stm32f10x_hd.o(.text)
    TIM1_UP_IRQHandler                       0x0800315f   Thumb Code     0  startup_stm32f10x_hd.o(.text)
    TIM2_IRQHandler                          0x0800315f   Thumb Code     0  startup_stm32f10x_hd.o(.text)
    TIM3_IRQHandler                          0x0800315f   Thumb Code     0  startup_stm32f10x_hd.o(.text)
    TIM4_IRQHandler                          0x0800315f   Thumb Code     0  startup_stm32f10x_hd.o(.text)
    TIM6_IRQHandler                          0x0800315f   Thumb Code     0  startup_stm32f10x_hd.o(.text)
    TIM7_IRQHandler                          0x0800315f   Thumb Code     0  startup_stm32f10x_hd.o(.text)
    TIM8_BRK_IRQHandler                      0x0800315f   Thumb Code     0  startup_stm32f10x_hd.o(.text)
    TIM8_CC_IRQHandler                       0x0800315f   Thumb Code     0  startup_stm32f10x_hd.o(.text)
    TIM8_TRG_COM_IRQHandler                  0x0800315f   Thumb Code     0  startup_stm32f10x_hd.o(.text)
    TIM8_UP_IRQHandler                       0x0800315f   Thumb Code     0  startup_stm32f10x_hd.o(.text)
    UART4_IRQHandler                         0x0800315f   Thumb Code     0  startup_stm32f10x_hd.o(.text)
    UART5_IRQHandler                         0x0800315f   Thumb Code     0  startup_stm32f10x_hd.o(.text)
    USART3_IRQHandler                        0x0800315f   Thumb Code     0  startup_stm32f10x_hd.o(.text)
    USBWakeUp_IRQHandler                     0x0800315f   Thumb Code     0  startup_stm32f10x_hd.o(.text)
    USB_HP_CAN1_TX_IRQHandler                0x0800315f   Thumb Code     0  startup_stm32f10x_hd.o(.text)
    USB_LP_CAN1_RX0_IRQHandler               0x0800315f   Thumb Code     0  startup_stm32f10x_hd.o(.text)
    WWDG_IRQHandler                          0x0800315f   Thumb Code     0  startup_stm32f10x_hd.o(.text)
    __aeabi_uldivmod                         0x08003169   Thumb Code    98  uldiv.o(.text)
    qsort                                    0x080031cb   Thumb Code   156  qsort.o(.text)
    __aeabi_memcpy                           0x08003267   Thumb Code    36  memcpya.o(.text)
    __aeabi_memcpy4                          0x08003267   Thumb Code     0  memcpya.o(.text)
    __aeabi_memcpy8                          0x08003267   Thumb Code     0  memcpya.o(.text)
    __aeabi_memset                           0x0800328b   Thumb Code    14  memseta.o(.text)
    __aeabi_memset4                          0x0800328b   Thumb Code     0  memseta.o(.text)
    __aeabi_memset8                          0x0800328b   Thumb Code     0  memseta.o(.text)
    __aeabi_memclr                           0x08003299   Thumb Code     4  memseta.o(.text)
    __aeabi_memclr4                          0x08003299   Thumb Code     0  memseta.o(.text)
    __aeabi_memclr8                          0x08003299   Thumb Code     0  memseta.o(.text)
    _memset$wrapper                          0x0800329d   Thumb Code    18  memseta.o(.text)
    __aeabi_fadd                             0x080032af   Thumb Code   164  fadd.o(.text)
    __aeabi_fsub                             0x08003353   Thumb Code     6  fadd.o(.text)
    __aeabi_frsub                            0x08003359   Thumb Code     6  fadd.o(.text)
    __aeabi_fmul                             0x0800335f   Thumb Code   100  fmul.o(.text)
    __aeabi_fdiv                             0x080033c3   Thumb Code   124  fdiv.o(.text)
    __aeabi_i2f                              0x0800343f   Thumb Code    18  fflti.o(.text)
    __aeabi_ui2f                             0x08003451   Thumb Code    10  ffltui.o(.text)
    __aeabi_f2uiz                            0x0800345b   Thumb Code    40  ffixui.o(.text)
    __aeabi_f2d                              0x08003483   Thumb Code    38  f2d.o(.text)
    __aeabi_cfcmpeq                          0x080034a9   Thumb Code     0  cfcmple.o(.text)
    __aeabi_cfcmple                          0x080034a9   Thumb Code    20  cfcmple.o(.text)
    __aeabi_cfrcmple                         0x080034bd   Thumb Code    20  cfrcmple.o(.text)
    __aeabi_uidiv                            0x080034d1   Thumb Code     0  uidiv.o(.text)
    __aeabi_uidivmod                         0x080034d1   Thumb Code    44  uidiv.o(.text)
    __aeabi_llsl                             0x080034fd   Thumb Code    30  llshl.o(.text)
    _ll_shift_l                              0x080034fd   Thumb Code     0  llshl.o(.text)
    __aeabi_llsr                             0x0800351b   Thumb Code    32  llushr.o(.text)
    _ll_ushift_r                             0x0800351b   Thumb Code     0  llushr.o(.text)
    localtime                                0x0800353d   Thumb Code     6  localtime_w.o(.text)
    _localtime                               0x08003549   Thumb Code   134  localtime_i.o(.text)
    __I$use$fp                               0x080035d5   Thumb Code     0  iusefp.o(.text)
    _float_round                             0x080035d5   Thumb Code    18  fepilogue.o(.text)
    _float_epilogue                          0x080035e7   Thumb Code    92  fepilogue.o(.text)
    __aeabi_dadd                             0x08003643   Thumb Code   322  dadd.o(.text)
    __aeabi_dsub                             0x08003785   Thumb Code     6  dadd.o(.text)
    __aeabi_drsub                            0x0800378b   Thumb Code     6  dadd.o(.text)
    __aeabi_dmul                             0x08003791   Thumb Code   228  dmul.o(.text)
    __aeabi_ddiv                             0x08003875   Thumb Code   222  ddiv.o(.text)
    __aeabi_d2ulz                            0x08003953   Thumb Code    48  dfixul.o(.text)
    __aeabi_cdrcmple                         0x08003985   Thumb Code    48  cdrcmple.o(.text)
    __scatterload                            0x080039b5   Thumb Code    28  init.o(.text)
    __scatterload_rt2                        0x080039b5   Thumb Code     0  init.o(.text)
    __aeabi_lasr                             0x080039d9   Thumb Code    36  llsshr.o(.text)
    _ll_sshift_r                             0x080039d9   Thumb Code     0  llsshr.o(.text)
    _double_round                            0x080039fd   Thumb Code    30  depilogue.o(.text)
    _double_epilogue                         0x08003a1b   Thumb Code   156  depilogue.o(.text)
    __decompress                             0x08003ab7   Thumb Code     0  __dczerorl2.o(.text)
    __decompress1                            0x08003ab7   Thumb Code    86  __dczerorl2.o(.text)
    ADC_Cmd                                  0x08003b0d   Thumb Code    22  stm32f10x_adc.o(i.ADC_Cmd)
    ADC_DeInit                               0x08003b25   Thumb Code    78  stm32f10x_adc.o(i.ADC_DeInit)
    ADC_GetCalibrationStatus                 0x08003b81   Thumb Code    20  stm32f10x_adc.o(i.ADC_GetCalibrationStatus)
    ADC_GetConversionValue                   0x08003b95   Thumb Code     8  stm32f10x_adc.o(i.ADC_GetConversionValue)
    ADC_GetFlagStatus                        0x08003b9d   Thumb Code    18  stm32f10x_adc.o(i.ADC_GetFlagStatus)
    ADC_GetResetCalibrationStatus            0x08003baf   Thumb Code    20  stm32f10x_adc.o(i.ADC_GetResetCalibrationStatus)
    ADC_Init                                 0x08003bc5   Thumb Code    70  stm32f10x_adc.o(i.ADC_Init)
    ADC_RegularChannelConfig                 0x08003c15   Thumb Code   184  stm32f10x_adc.o(i.ADC_RegularChannelConfig)
    ADC_ResetCalibration                     0x08003ccd   Thumb Code    10  stm32f10x_adc.o(i.ADC_ResetCalibration)
    ADC_SoftwareStartConvCmd                 0x08003cd7   Thumb Code    22  stm32f10x_adc.o(i.ADC_SoftwareStartConvCmd)
    ADC_StartCalibration                     0x08003ced   Thumb Code    10  stm32f10x_adc.o(i.ADC_StartCalibration)
    BKP_DeInit                               0x08003e13   Thumb Code    16  stm32f10x_bkp.o(i.BKP_DeInit)
    BKP_ReadBackupRegister                   0x08003e25   Thumb Code    24  stm32f10x_bkp.o(i.BKP_ReadBackupRegister)
    BKP_WriteBackupRegister                  0x08003e41   Thumb Code    22  stm32f10x_bkp.o(i.BKP_WriteBackupRegister)
    BusFault_Handler                         0x08003e5d   Thumb Code     4  stm32f10x_it.o(i.BusFault_Handler)
    CustomFuncHandlerCbReg                   0x08003fa1   Thumb Code     6  mb.o(i.CustomFuncHandlerCbReg)
    DMA_Cmd                                  0x08003fad   Thumb Code    24  stm32f10x_dma.o(i.DMA_Cmd)
    DMA_DeInit                               0x08003fc5   Thumb Code   324  stm32f10x_dma.o(i.DMA_DeInit)
    DMA_GetCurrDataCounter                   0x08004111   Thumb Code     8  stm32f10x_dma.o(i.DMA_GetCurrDataCounter)
    DMA_Init                                 0x08004119   Thumb Code    60  stm32f10x_dma.o(i.DMA_Init)
    DMA_SetCurrDataCounter                   0x08004155   Thumb Code     4  stm32f10x_dma.o(i.DMA_SetCurrDataCounter)
    DebugMon_Handler                         0x08004159   Thumb Code     2  stm32f10x_it.o(i.DebugMon_Handler)
    DelayInit                                0x0800415d   Thumb Code    30  delay.o(i.DelayInit)
    DelayNms                                 0x08004185   Thumb Code    24  delay.o(i.DelayNms)
    DelayNus                                 0x0800419d   Thumb Code    54  delay.o(i.DelayNus)
    DisplayInvalidTimePage                   0x08004361   Thumb Code    16  hmi_invalid_history.o(i.DisplayInvalidTimePage)
    DisplayMainpage                          0x08004425   Thumb Code    24  hmi_mainpage.o(i.DisplayMainpage)
    DisplayMenuKey                           0x0800443d   Thumb Code    14  hmi_common.o(i.DisplayMenuKey)
    DisplayRS485ConfigPage                   0x08004455   Thumb Code    12  hmi_serialwork.o(i.DisplayRS485ConfigPage)
    DisplayRS485StatePage                    0x08004461   Thumb Code   106  hmi_serialwork.o(i.DisplayRS485StatePage)
    DisplaySurgeHistoryPage                  0x080044fd   Thumb Code    16  hmi_surge_history.o(i.DisplaySurgeHistoryPage)
    EepromDrvInit                            0x080048cd   Thumb Code     8  eeprom_drv.o(i.EepromDrvInit)
    EraseNorflashForWrite                    0x08004913   Thumb Code    92  norflash_drv.o(i.EraseNorflashForWrite)
    EraseSurgeHistoryInfo                    0x080049a5   Thumb Code    54  surge_history.o(i.EraseSurgeHistoryInfo)
    FeedDog                                  0x080049e1   Thumb Code     8  iwdg_drv.o(i.FeedDog)
    GPIO_Init                                0x080049e9   Thumb Code   278  stm32f10x_gpio.o(i.GPIO_Init)
    GPIO_PinRemapConfig                      0x08004b01   Thumb Code   138  stm32f10x_gpio.o(i.GPIO_PinRemapConfig)
    GPIO_ReadInputDataBit                    0x08004b91   Thumb Code    18  stm32f10x_gpio.o(i.GPIO_ReadInputDataBit)
    GPIO_ResetBits                           0x08004ba3   Thumb Code     4  stm32f10x_gpio.o(i.GPIO_ResetBits)
    GPIO_SetBits                             0x08004ba7   Thumb Code     4  stm32f10x_gpio.o(i.GPIO_SetBits)
    GPIO_WriteBit                            0x08004bab   Thumb Code    10  stm32f10x_gpio.o(i.GPIO_WriteBit)
    GetInvalidTime                           0x08004bd1   Thumb Code    18  invalid_app.o(i.GetInvalidTime)
    GetKeyVal                                0x08004be3   Thumb Code    34  key_drv.o(i.GetKeyVal)
    GetModbusAddrData                        0x08004d15   Thumb Code     6  store_app.o(i.GetModbusAddrData)
    GetModbusBaudData                        0x08004d21   Thumb Code     6  store_app.o(i.GetModbusBaudData)
    GetMovLevel                              0x08004d2d   Thumb Code     6  mov_invalid.o(i.GetMovLevel)
    GetRefreshflag                           0x08004d39   Thumb Code     6  surgemdl_drv.o(i.GetRefreshflag)
    GetRtcTime                               0x08004d45   Thumb Code    54  rtc_drv.o(i.GetRtcTime)
    GetSensorData                            0x08004d7b   Thumb Code    42  sensor_drv.o(i.GetSensorData)
    GetSurgeHistoryInfo                      0x08004da5   Thumb Code    18  surge_history.o(i.GetSurgeHistoryInfo)
    GetSurgemdlData                          0x08004db9   Thumb Code    28  surgemdl_drv.o(i.GetSurgemdlData)
    GetSwitchinputStatus                     0x08004dd9   Thumb Code    60  switch_drv.o(i.GetSwitchinputStatus)
    GetSysRunTime                            0x08004e1d   Thumb Code     8  systick_drv.o(i.GetSysRunTime)
    GetTempData                              0x08004e29   Thumb Code    22  ntc_drv.o(i.GetTempData)
    GetleftrightIndex                        0x08004e49   Thumb Code     4  hmi_app2.o(i.GetleftrightIndex)
    HardFault_Handler                        0x08004f21   Thumb Code     4  stm32f10x_it.o(i.HardFault_Handler)
    HmiTask                                  0x08004f25   Thumb Code   108  hmi_app2.o(i.HmiTask)
    I2CSendAck                               0x08004ff1   Thumb Code    62  eeprom_drv.o(i.I2CSendAck)
    I2CSendNack                              0x08005091   Thumb Code    52  eeprom_drv.o(i.I2CSendNack)
    IWDG_Enable                              0x0800519d   Thumb Code    10  stm32f10x_iwdg.o(i.IWDG_Enable)
    IWDG_ReloadCounter                       0x080051ad   Thumb Code    10  stm32f10x_iwdg.o(i.IWDG_ReloadCounter)
    IWDG_SetPrescaler                        0x080051bd   Thumb Code     6  stm32f10x_iwdg.o(i.IWDG_SetPrescaler)
    IWDG_SetReload                           0x080051c9   Thumb Code     6  stm32f10x_iwdg.o(i.IWDG_SetReload)
    IWDG_WriteAccessCmd                      0x080051d5   Thumb Code     6  stm32f10x_iwdg.o(i.IWDG_WriteAccessCmd)
    InitIrqAfterBoot                         0x080051e1   Thumb Code    18  iap_drv.o(i.InitIrqAfterBoot)
    InitSysParam                             0x080051f5   Thumb Code    62  store_app.o(i.InitSysParam)
    Invalid_Task                             0x0800523d   Thumb Code    12  invalid_app.o(i.Invalid_Task)
    IwdgDrvInit                              0x08005249   Thumb Code    30  iwdg_drv.o(i.IwdgDrvInit)
    KeyDrvInit                               0x08005269   Thumb Code    94  key_drv.o(i.KeyDrvInit)
    Lcd12864DrvInit                          0x08005641   Thumb Code   148  lcd12864_drv.o(i.Lcd12864DrvInit)
    LcdDrawChinese                           0x080056dd   Thumb Code    30  lcd12864_drv.o(i.LcdDrawChinese)
    LcdDrawPicture                           0x080056fb   Thumb Code    86  lcd12864_drv.o(i.LcdDrawPicture)
    LcdDrawString                            0x08005751   Thumb Code    30  lcd12864_drv.o(i.LcdDrawString)
    LedDrvInit                               0x08005771   Thumb Code   108  led_drv.o(i.LedDrvInit)
    MemManage_Handler                        0x08005821   Thumb Code     4  stm32f10x_it.o(i.MemManage_Handler)
    ModbusAppInit                            0x08005825   Thumb Code    44  modbus_app.o(i.ModbusAppInit)
    ModbusSlaveInit                          0x08005989   Thumb Code    34  modbus_slave.o(i.ModbusSlaveInit)
    ModbusTask                               0x080059b1   Thumb Code     8  modbus_app.o(i.ModbusTask)
    MovInvalidProc                           0x080059b9   Thumb Code    16  mov_invalid.o(i.MovInvalidProc)
    NMI_Handler                              0x080059c9   Thumb Code     2  stm32f10x_it.o(i.NMI_Handler)
    NVIC_Init                                0x080059cd   Thumb Code   100  misc.o(i.NVIC_Init)
    NVIC_PriorityGroupConfig                 0x08005a3d   Thumb Code    10  misc.o(i.NVIC_PriorityGroupConfig)
    NVIC_SetVectorTable                      0x08005a51   Thumb Code    12  misc.o(i.NVIC_SetVectorTable)
    NorflashDrvInit                          0x08005a65   Thumb Code     8  norflash_drv.o(i.NorflashDrvInit)
    PVD_IRQHandler                           0x08005a6d   Thumb Code     2  stm32f10x_it.o(i.PVD_IRQHandler)
    PWR_BackupAccessCmd                      0x08005a71   Thumb Code     6  stm32f10x_pwr.o(i.PWR_BackupAccessCmd)
    PendSV_Handler                           0x08005a7d   Thumb Code     2  stm32f10x_it.o(i.PendSV_Handler)
    PresetNum_Surge                          0x08005a81   Thumb Code     6  surgemdl_drv.o(i.PresetNum_Surge)
    PushDataToBuf                            0x08005cbd   Thumb Code    40  ntc_drv.o(i.PushDataToBuf)
    RCC_ADCCLKConfig                         0x08005ced   Thumb Code    18  stm32f10x_rcc.o(i.RCC_ADCCLKConfig)
    RCC_AHBPeriphClockCmd                    0x08005d05   Thumb Code    26  stm32f10x_rcc.o(i.RCC_AHBPeriphClockCmd)
    RCC_APB1PeriphClockCmd                   0x08005d25   Thumb Code    26  stm32f10x_rcc.o(i.RCC_APB1PeriphClockCmd)
    RCC_APB1PeriphResetCmd                   0x08005d45   Thumb Code    26  stm32f10x_rcc.o(i.RCC_APB1PeriphResetCmd)
    RCC_APB2PeriphClockCmd                   0x08005d65   Thumb Code    26  stm32f10x_rcc.o(i.RCC_APB2PeriphClockCmd)
    RCC_APB2PeriphResetCmd                   0x08005d85   Thumb Code    26  stm32f10x_rcc.o(i.RCC_APB2PeriphResetCmd)
    RCC_BackupResetCmd                       0x08005da5   Thumb Code     6  stm32f10x_rcc.o(i.RCC_BackupResetCmd)
    RCC_GetClocksFreq                        0x08005db1   Thumb Code   192  stm32f10x_rcc.o(i.RCC_GetClocksFreq)
    RCC_GetFlagStatus                        0x08005e85   Thumb Code    56  stm32f10x_rcc.o(i.RCC_GetFlagStatus)
    RCC_LSEConfig                            0x08005ec1   Thumb Code    46  stm32f10x_rcc.o(i.RCC_LSEConfig)
    RCC_RTCCLKCmd                            0x08005ef5   Thumb Code     6  stm32f10x_rcc.o(i.RCC_RTCCLKCmd)
    RCC_RTCCLKConfig                         0x08005f01   Thumb Code    12  stm32f10x_rcc.o(i.RCC_RTCCLKConfig)
    RTC_EnterConfigMode                      0x08005f11   Thumb Code    14  stm32f10x_rtc.o(i.RTC_EnterConfigMode)
    RTC_ExitConfigMode                       0x08005f25   Thumb Code    16  stm32f10x_rtc.o(i.RTC_ExitConfigMode)
    RTC_GetCounter                           0x08005f39   Thumb Code    16  stm32f10x_rtc.o(i.RTC_GetCounter)
    RTC_SetCounter                           0x08005f4d   Thumb Code    24  stm32f10x_rtc.o(i.RTC_SetCounter)
    RTC_SetPrescaler                         0x08005f69   Thumb Code    26  stm32f10x_rtc.o(i.RTC_SetPrescaler)
    RTC_WaitForLastTask                      0x08005f89   Thumb Code    16  stm32f10x_rtc.o(i.RTC_WaitForLastTask)
    RTC_WaitForSynchro                       0x08005f9d   Thumb Code    30  stm32f10x_rtc.o(i.RTC_WaitForSynchro)
    ReadEepromData                           0x08006045   Thumb Code   126  eeprom_drv.o(i.ReadEepromData)
    ReadNorflashData                         0x080060c3   Thumb Code    68  norflash_drv.o(i.ReadNorflashData)
    ReadSysParam                             0x08006175   Thumb Code    42  store_app.o(i.ReadSysParam)
    RtcDrvInit                               0x080061cd   Thumb Code   184  rtc_drv.o(i.RtcDrvInit)
    SVC_Handler                              0x08006331   Thumb Code     2  stm32f10x_it.o(i.SVC_Handler)
    SensorDrvInit                            0x08006333   Thumb Code    12  sensor_drv.o(i.SensorDrvInit)
    SensorDrvProc                            0x0800633f   Thumb Code    16  sensor_drv.o(i.SensorDrvProc)
    Sensor_Task                              0x0800634f   Thumb Code    12  sensor_app.o(i.Sensor_Task)
    SetModbusAddrParam                       0x0800635d   Thumb Code    78  store_app.o(i.SetModbusAddrParam)
    SurgeHistoryProc                         0x0800657d   Thumb Code    92  surge_history.o(i.SurgeHistoryProc)
    SurgeMdlDrvInit                          0x080065e9   Thumb Code    20  surgemdl_drv.o(i.SurgeMdlDrvInit)
    SurgemdlDataPro                          0x08006681   Thumb Code   114  surgemdl_drv.o(i.SurgemdlDataPro)
    Switchinput_DrvInit                      0x080067b9   Thumb Code    78  switch_drv.o(i.Switchinput_DrvInit)
    SysTick_Handler                          0x0800680d   Thumb Code    38  systick_drv.o(i.SysTick_Handler)
    SysTick_Init                             0x0800683d   Thumb Code    92  systick_drv.o(i.SysTick_Init)
    SystemInit                               0x080068a5   Thumb Code    78  system_stm32f10x.o(i.SystemInit)
    TIM5_IRQHandler                          0x08006905   Thumb Code    34  porttimer.o(i.TIM5_IRQHandler)
    TIM_ClearFlag                            0x0800692d   Thumb Code     6  stm32f10x_tim.o(i.TIM_ClearFlag)
    TIM_ClearITPendingBit                    0x08006933   Thumb Code     6  stm32f10x_tim.o(i.TIM_ClearITPendingBit)
    TIM_Cmd                                  0x08006939   Thumb Code    24  stm32f10x_tim.o(i.TIM_Cmd)
    TIM_DeInit                               0x08006951   Thumb Code   424  stm32f10x_tim.o(i.TIM_DeInit)
    TIM_GetITStatus                          0x08006b39   Thumb Code    34  stm32f10x_tim.o(i.TIM_GetITStatus)
    TIM_ITConfig                             0x08006b5b   Thumb Code    18  stm32f10x_tim.o(i.TIM_ITConfig)
    TIM_SetCounter                           0x08006b6d   Thumb Code     4  stm32f10x_tim.o(i.TIM_SetCounter)
    TIM_TimeBaseInit                         0x08006b71   Thumb Code   122  stm32f10x_tim.o(i.TIM_TimeBaseInit)
    TaskScheduleCbReg                        0x08006cb5   Thumb Code     6  systick_drv.o(i.TaskScheduleCbReg)
    TempDrvInit                              0x08006cc1   Thumb Code    12  ntc_drv.o(i.TempDrvInit)
    TempSensorProc                           0x08006ccd   Thumb Code   112  ntc_drv.o(i.TempSensorProc)
    ToggleLed                                0x08006d4d   Thumb Code    80  led_drv.o(i.ToggleLed)
    TurnOffLed                               0x08006da1   Thumb Code    42  led_drv.o(i.TurnOffLed)
    TurnOffScreen                            0x08006dd1   Thumb Code    12  lcd12864_drv.o(i.TurnOffScreen)
    TurnOnLed                                0x08006de1   Thumb Code    42  led_drv.o(i.TurnOnLed)
    TurnOnScreen                             0x08006e11   Thumb Code    12  lcd12864_drv.o(i.TurnOnScreen)
    USART1_IRQHandler                        0x08006e21   Thumb Code    64  portserial.o(i.USART1_IRQHandler)
    USART2_IRQHandler                        0x08006e65   Thumb Code    82  surgemdl_drv.o(i.USART2_IRQHandler)
    USART_ClearFlag                          0x08006ec5   Thumb Code    18  stm32f10x_usart.o(i.USART_ClearFlag)
    USART_ClearITPendingBit                  0x08006ed7   Thumb Code    30  stm32f10x_usart.o(i.USART_ClearITPendingBit)
    USART_Cmd                                0x08006ef5   Thumb Code    24  stm32f10x_usart.o(i.USART_Cmd)
    USART_DMACmd                             0x08006f0d   Thumb Code    18  stm32f10x_usart.o(i.USART_DMACmd)
    USART_DeInit                             0x08006f21   Thumb Code   134  stm32f10x_usart.o(i.USART_DeInit)
    USART_GetFlagStatus                      0x08006fbd   Thumb Code    26  stm32f10x_usart.o(i.USART_GetFlagStatus)
    USART_GetITStatus                        0x08006fd7   Thumb Code    84  stm32f10x_usart.o(i.USART_GetITStatus)
    USART_ITConfig                           0x0800702b   Thumb Code    74  stm32f10x_usart.o(i.USART_ITConfig)
    USART_Init                               0x08007075   Thumb Code   210  stm32f10x_usart.o(i.USART_Init)
    USART_ReceiveData                        0x0800714d   Thumb Code    10  stm32f10x_usart.o(i.USART_ReceiveData)
    USART_SendData                           0x08007157   Thumb Code     8  stm32f10x_usart.o(i.USART_SendData)
    UsageFault_Handler                       0x080071d1   Thumb Code     4  stm32f10x_it.o(i.UsageFault_Handler)
    WriteEepromData                          0x0800722d   Thumb Code   150  eeprom_drv.o(i.WriteEepromData)
    WriteNorflashData                        0x080072c3   Thumb Code   120  norflash_drv.o(i.WriteNorflashData)
    WriteSysParam                            0x080073c9   Thumb Code    44  store_app.o(i.WriteSysParam)
    __0sprintf                               0x080073f5   Thumb Code    34  printfa.o(i.__0sprintf)
    __1sprintf                               0x080073f5   Thumb Code     0  printfa.o(i.__0sprintf)
    __2sprintf                               0x080073f5   Thumb Code     0  printfa.o(i.__0sprintf)
    __c89sprintf                             0x080073f5   Thumb Code     0  printfa.o(i.__0sprintf)
    sprintf                                  0x080073f5   Thumb Code     0  printfa.o(i.__0sprintf)
    __aeabi_assert                           0x0800741d   Thumb Code   110  retarget_io.o(i.__aeabi_assert)
    __scatterload_copy                       0x080074b9   Thumb Code    14  handlers.o(i.__scatterload_copy)
    __scatterload_null                       0x080074c7   Thumb Code     2  handlers.o(i.__scatterload_null)
    __scatterload_zeroinit                   0x080074c9   Thumb Code    14  handlers.o(i.__scatterload_zeroinit)
    abort                                    0x08007d95   Thumb Code     4  retarget_io.o(i.abort)
    clear_area                               0x08007d99   Thumb Code    56  lcd12864_drv.o(i.clear_area)
    clear_screen                             0x08007dd5   Thumb Code    52  lcd12864_drv.o(i.clear_screen)
    eMBEnable                                0x08008025   Thumb Code    32  mb.o(i.eMBEnable)
    eMBFuncReadDiscreteInputs                0x0800804d   Thumb Code   164  mbfuncdisc.o(i.eMBFuncReadDiscreteInputs)
    eMBFuncReadHoldingRegister               0x080080f1   Thumb Code   134  mbfuncholding.o(i.eMBFuncReadHoldingRegister)
    eMBFuncWriteHoldingRegister              0x08008177   Thumb Code    62  mbfuncholding.o(i.eMBFuncWriteHoldingRegister)
    eMBFuncWriteMultipleHoldingRegister      0x080081b5   Thumb Code   106  mbfuncholding.o(i.eMBFuncWriteMultipleHoldingRegister)
    eMBInit                                  0x08008221   Thumb Code   150  mb.o(i.eMBInit)
    eMBPoll                                  0x08008301   Thumb Code   312  mb.o(i.eMBPoll)
    eMBRTUInit                               0x08008469   Thumb Code    76  mbrtu.o(i.eMBRTUInit)
    eMBRTUReceive                            0x080084b9   Thumb Code    82  mbrtu.o(i.eMBRTUReceive)
    eMBRTUSend                               0x0800855d   Thumb Code   146  mbrtu.o(i.eMBRTUSend)
    eMBRTUStart                              0x08008605   Thumb Code    22  mbrtu.o(i.eMBRTUStart)
    eMBRTUStop                               0x08008621   Thumb Code    16  mbrtu.o(i.eMBRTUStop)
    eMBRegDiscreteCB                         0x08008631   Thumb Code    30  modbus_slave.o(i.eMBRegDiscreteCB)
    eMBRegHoldingCB                          0x08008655   Thumb Code    54  modbus_slave.o(i.eMBRegHoldingCB)
    eMBSetSlaveAddr                          0x08008691   Thumb Code    24  mb.o(i.eMBSetSlaveAddr)
    fputc                                    0x080086ad   Thumb Code    26  retarget_io.o(i.fputc)
    fputs                                    0x080086cd   Thumb Code    24  fputs.o(i.fputs)
    main                                     0x080087c1   Thumb Code    24  main.o(i.main)
    prveMBError2Exception                    0x080087d9   Thumb Code    34  mbutils.o(i.prveMBError2Exception)
    usMBCRC16                                0x08008879   Thumb Code    48  mbcrc.o(i.usMBCRC16)
    vMBPortSerialEnable                      0x080088b1   Thumb Code   104  portserial.o(i.vMBPortSerialEnable)
    vMBPortTimersDisable                     0x08008921   Thumb Code    38  porttimer.o(i.vMBPortTimersDisable)
    vMBPortTimersEnable                      0x0800894d   Thumb Code    38  porttimer.o(i.vMBPortTimersEnable)
    xMBPortEventGet                          0x08008979   Thumb Code    26  portevent.o(i.xMBPortEventGet)
    xMBPortEventInit                         0x0800899d   Thumb Code    10  portevent.o(i.xMBPortEventInit)
    xMBPortEventPost                         0x080089ad   Thumb Code    16  portevent.o(i.xMBPortEventPost)
    xMBPortSerialGetByte                     0x080089c5   Thumb Code    18  portserial.o(i.xMBPortSerialGetByte)
    xMBPortSerialInit                        0x080089dd   Thumb Code    32  portserial.o(i.xMBPortSerialInit)
    xMBPortSerialPutByte                     0x080089fd   Thumb Code    18  portserial.o(i.xMBPortSerialPutByte)
    xMBPortTimersInit                        0x08008a15   Thumb Code   112  porttimer.o(i.xMBPortTimersInit)
    xMBRTUReceiveFSM                         0x08008a89   Thumb Code   140  mbrtu.o(i.xMBRTUReceiveFSM)
    xMBRTUTimerT35Expired                    0x08008b61   Thumb Code    96  mbrtu.o(i.xMBRTUTimerT35Expired)
    xMBRTUTransmitFSM                        0x08008be9   Thumb Code   116  mbrtu.o(i.xMBRTUTransmitFSM)
    gImage_Surge                             0x08008cb4   Data         256  picture.o(.constdata)
    gImage_Discon                            0x08008db4   Data         256  picture.o(.constdata)
    g_Image_ConfigPic                        0x08008eb4   Data         256  picture.o(.constdata)
    gImage_Ver                               0x08008fb4   Data         256  picture.o(.constdata)
    Region$$Table$$Base                      0x08009728   Number         0  anon$$obj.o(Region$$Table)
    Region$$Table$$Limit                     0x08009748   Number         0  anon$$obj.o(Region$$Table)
    g_Image_ConfigPicDesc                    0x20000034   Data           8  picture.o(.data)
    g_tempIconPicDesc                        0x2000003c   Data           8  picture.o(.data)
    g_surgeIconPicDesc                       0x20000044   Data           8  picture.o(.data)
    g_centigradeIconPicDesc                  0x2000004c   Data           8  picture.o(.data)
    g_movPercent100Pic2Desc                  0x20000054   Data           8  picture.o(.data)
    g_movPercent75PicDesc                    0x2000005c   Data           8  picture.o(.data)
    g_movPercent50PicDesc                    0x20000064   Data           8  picture.o(.data)
    g_movPercent25PicDesc                    0x2000006c   Data           8  picture.o(.data)
    g_movPercent0PicDesc                     0x20000074   Data           8  picture.o(.data)
    g_movPercentPicsDesc                     0x2000007c   Data          40  picture.o(.data)
    g_RepeatSurgeHistoryPage                 0x200000cb   Data           1  hmi_app2.o(.data)
    pxMBFrameCBByteReceived                  0x20000178   Data           4  mb.o(.data)
    pxMBFrameCBTransmitterEmpty              0x2000017c   Data           4  mb.o(.data)
    pxMBPortCBTimerExpired                   0x20000180   Data           4  mb.o(.data)
    pxMBFrameCBReceiveFSMCur                 0x20000184   Data           4  mb.o(.data)
    pxMBFrameCBTransmitFSMCur                0x20000188   Data           4  mb.o(.data)
    fontaddr                                 0x20000288   Data           4  lcd12864_drv.o(.data)
    g_NtcSensorIsOk                          0x200002ac   Data           1  ntc_drv.o(.data)
    SystemCoreClock                          0x20000318   Data           4  system_stm32f10x.o(.data)
    AHBPrescTable                            0x2000031c   Data          16  system_stm32f10x.o(.data)
    __stderr                                 0x2000032c   Data           4  stderr.o(.data)
    g_ChildKeyIndex                          0x20000368   Data          10  hmi_app2.o(.bss)
    ucRTUBuf                                 0x20000391   Data         256  mbrtu.o(.bss)
    __initial_sp                             0x20003560   Data           0  startup_stm32f10x_hd.o(STACK)



==============================================================================

Memory Map of the image

  Image Entry point : 0x08003131

  Load Region LR_IROM1 (Base: 0x08003000, Size: 0x00006a78, Max: 0x00040000, ABSOLUTE, COMPRESSED[0x00006868])

    Execution Region ER_IROM1 (Exec base: 0x08003000, Load base: 0x08003000, Size: 0x00006748, Max: 0x00040000, ABSOLUTE)

    Exec Addr    Load Addr    Size         Type   Attr      Idx    E Section Name        Object

    0x08003000   0x08003000   0x00000130   Data   RO         5062    RESET               startup_stm32f10x_hd.o
    0x08003130   0x08003130   0x00000000   Code   RO         5381  * .ARM.Collect$$$$00000000  mc_w.l(entry.o)
    0x08003130   0x08003130   0x00000004   Code   RO         5687    .ARM.Collect$$$$00000001  mc_w.l(entry2.o)
    0x08003134   0x08003134   0x00000004   Code   RO         5690    .ARM.Collect$$$$00000004  mc_w.l(entry5.o)
    0x08003138   0x08003138   0x00000000   Code   RO         5692    .ARM.Collect$$$$00000008  mc_w.l(entry7b.o)
    0x08003138   0x08003138   0x00000000   Code   RO         5694    .ARM.Collect$$$$0000000A  mc_w.l(entry8b.o)
    0x08003138   0x08003138   0x00000008   Code   RO         5695    .ARM.Collect$$$$0000000B  mc_w.l(entry9a.o)
    0x08003140   0x08003140   0x00000000   Code   RO         5697    .ARM.Collect$$$$0000000D  mc_w.l(entry10a.o)
    0x08003140   0x08003140   0x00000000   Code   RO         5699    .ARM.Collect$$$$0000000F  mc_w.l(entry11a.o)
    0x08003140   0x08003140   0x00000004   Code   RO         5688    .ARM.Collect$$$$00002712  mc_w.l(entry2.o)
    0x08003144   0x08003144   0x00000024   Code   RO         5063    .text               startup_stm32f10x_hd.o
    0x08003168   0x08003168   0x00000062   Code   RO         5389    .text               mc_w.l(uldiv.o)
    0x080031ca   0x080031ca   0x0000009c   Code   RO         5391    .text               mc_w.l(qsort.o)
    0x08003266   0x08003266   0x00000024   Code   RO         5400    .text               mc_w.l(memcpya.o)
    0x0800328a   0x0800328a   0x00000024   Code   RO         5402    .text               mc_w.l(memseta.o)
    0x080032ae   0x080032ae   0x000000b0   Code   RO         5669    .text               mf_w.l(fadd.o)
    0x0800335e   0x0800335e   0x00000064   Code   RO         5671    .text               mf_w.l(fmul.o)
    0x080033c2   0x080033c2   0x0000007c   Code   RO         5673    .text               mf_w.l(fdiv.o)
    0x0800343e   0x0800343e   0x00000012   Code   RO         5675    .text               mf_w.l(fflti.o)
    0x08003450   0x08003450   0x0000000a   Code   RO         5677    .text               mf_w.l(ffltui.o)
    0x0800345a   0x0800345a   0x00000028   Code   RO         5679    .text               mf_w.l(ffixui.o)
    0x08003482   0x08003482   0x00000026   Code   RO         5681    .text               mf_w.l(f2d.o)
    0x080034a8   0x080034a8   0x00000014   Code   RO         5683    .text               mf_w.l(cfcmple.o)
    0x080034bc   0x080034bc   0x00000014   Code   RO         5685    .text               mf_w.l(cfrcmple.o)
    0x080034d0   0x080034d0   0x0000002c   Code   RO         5702    .text               mc_w.l(uidiv.o)
    0x080034fc   0x080034fc   0x0000001e   Code   RO         5704    .text               mc_w.l(llshl.o)
    0x0800351a   0x0800351a   0x00000020   Code   RO         5706    .text               mc_w.l(llushr.o)
    0x0800353a   0x0800353a   0x00000002   PAD
    0x0800353c   0x0800353c   0x0000000c   Code   RO         5708    .text               mc_w.l(localtime_w.o)
    0x08003548   0x08003548   0x0000008c   Code   RO         5711    .text               mc_w.l(localtime_i.o)
    0x080035d4   0x080035d4   0x00000000   Code   RO         5714    .text               mc_w.l(iusefp.o)
    0x080035d4   0x080035d4   0x0000006e   Code   RO         5715    .text               mf_w.l(fepilogue.o)
    0x08003642   0x08003642   0x0000014e   Code   RO         5717    .text               mf_w.l(dadd.o)
    0x08003790   0x08003790   0x000000e4   Code   RO         5719    .text               mf_w.l(dmul.o)
    0x08003874   0x08003874   0x000000de   Code   RO         5721    .text               mf_w.l(ddiv.o)
    0x08003952   0x08003952   0x00000030   Code   RO         5723    .text               mf_w.l(dfixul.o)
    0x08003982   0x08003982   0x00000002   PAD
    0x08003984   0x08003984   0x00000030   Code   RO         5725    .text               mf_w.l(cdrcmple.o)
    0x080039b4   0x080039b4   0x00000024   Code   RO         5727    .text               mc_w.l(init.o)
    0x080039d8   0x080039d8   0x00000024   Code   RO         5729    .text               mc_w.l(llsshr.o)
    0x080039fc   0x080039fc   0x000000ba   Code   RO         5731    .text               mf_w.l(depilogue.o)
    0x08003ab6   0x08003ab6   0x00000056   Code   RO         5741    .text               mc_w.l(__dczerorl2.o)
    0x08003b0c   0x08003b0c   0x00000016   Code   RO         2101    i.ADC_Cmd           stm32f10x_adc.o
    0x08003b22   0x08003b22   0x00000002   PAD
    0x08003b24   0x08003b24   0x0000005c   Code   RO         2103    i.ADC_DeInit        stm32f10x_adc.o
    0x08003b80   0x08003b80   0x00000014   Code   RO         2109    i.ADC_GetCalibrationStatus  stm32f10x_adc.o
    0x08003b94   0x08003b94   0x00000008   Code   RO         2110    i.ADC_GetConversionValue  stm32f10x_adc.o
    0x08003b9c   0x08003b9c   0x00000012   Code   RO         2112    i.ADC_GetFlagStatus  stm32f10x_adc.o
    0x08003bae   0x08003bae   0x00000014   Code   RO         2115    i.ADC_GetResetCalibrationStatus  stm32f10x_adc.o
    0x08003bc2   0x08003bc2   0x00000002   PAD
    0x08003bc4   0x08003bc4   0x00000050   Code   RO         2119    i.ADC_Init          stm32f10x_adc.o
    0x08003c14   0x08003c14   0x000000b8   Code   RO         2123    i.ADC_RegularChannelConfig  stm32f10x_adc.o
    0x08003ccc   0x08003ccc   0x0000000a   Code   RO         2124    i.ADC_ResetCalibration  stm32f10x_adc.o
    0x08003cd6   0x08003cd6   0x00000016   Code   RO         2126    i.ADC_SoftwareStartConvCmd  stm32f10x_adc.o
    0x08003cec   0x08003cec   0x0000000a   Code   RO         2128    i.ADC_StartCalibration  stm32f10x_adc.o
    0x08003cf6   0x08003cf6   0x00000002   PAD
    0x08003cf8   0x08003cf8   0x00000088   Code   RO         1759    i.AdcInit           ntc_drv.o
    0x08003d80   0x08003d80   0x0000005c   Code   RO         1760    i.AdcToTemp10Mpl    ntc_drv.o
    0x08003ddc   0x08003ddc   0x00000018   Code   RO            1    i.AppInit           main.o
    0x08003df4   0x08003df4   0x0000001e   Code   RO         1761    i.ArithAvgFltr      ntc_drv.o
    0x08003e12   0x08003e12   0x00000010   Code   RO         2319    i.BKP_DeInit        stm32f10x_bkp.o
    0x08003e22   0x08003e22   0x00000002   PAD
    0x08003e24   0x08003e24   0x0000001c   Code   RO         2324    i.BKP_ReadBackupRegister  stm32f10x_bkp.o
    0x08003e40   0x08003e40   0x0000001c   Code   RO         2328    i.BKP_WriteBackupRegister  stm32f10x_bkp.o
    0x08003e5c   0x08003e5c   0x00000004   Code   RO         1181    i.BusFault_Handler  stm32f10x_it.o
    0x08003e60   0x08003e60   0x00000040   Code   RO          606    i.CalMovLevel       mov_invalid.o
    0x08003ea0   0x08003ea0   0x0000003a   Code   RO          209    i.CalcCrc8          store_app.o
    0x08003eda   0x08003eda   0x00000026   Code   RO         1762    i.CmpCb             ntc_drv.o
    0x08003f00   0x08003f00   0x000000a0   Code   RO          841    i.CustomFuncHandlerCb  modbus_app.o
    0x08003fa0   0x08003fa0   0x0000000c   Code   RO          947    i.CustomFuncHandlerCbReg  mb.o
    0x08003fac   0x08003fac   0x00000018   Code   RO         2786    i.DMA_Cmd           stm32f10x_dma.o
    0x08003fc4   0x08003fc4   0x0000014c   Code   RO         2787    i.DMA_DeInit        stm32f10x_dma.o
    0x08004110   0x08004110   0x00000008   Code   RO         2788    i.DMA_GetCurrDataCounter  stm32f10x_dma.o
    0x08004118   0x08004118   0x0000003c   Code   RO         2792    i.DMA_Init          stm32f10x_dma.o
    0x08004154   0x08004154   0x00000004   Code   RO         2793    i.DMA_SetCurrDataCounter  stm32f10x_dma.o
    0x08004158   0x08004158   0x00000002   Code   RO         1182    i.DebugMon_Handler  stm32f10x_it.o
    0x0800415a   0x0800415a   0x00000002   PAD
    0x0800415c   0x0800415c   0x00000028   Code   RO         1280    i.DelayInit         delay.o
    0x08004184   0x08004184   0x00000018   Code   RO         1281    i.DelayNms          delay.o
    0x0800419c   0x0800419c   0x0000003c   Code   RO         1282    i.DelayNus          delay.o
    0x080041d8   0x080041d8   0x00000030   Code   RO         1763    i.DescBinarySearch  ntc_drv.o
    0x08004208   0x08004208   0x00000012   Code   RO         1504    i.DisableNorflashWrite  norflash_drv.o
    0x0800421a   0x0800421a   0x00000002   PAD
    0x0800421c   0x0800421c   0x0000005c   Code   RO          811    i.DisplayAddrConfig  hmi_serialwork.o
    0x08004278   0x08004278   0x0000001c   Code   RO          703    i.DisplayInvalidInfo  hmi_mainpage.o
    0x08004294   0x08004294   0x000000cc   Code   RO          777    i.DisplayInvalidTimeInfo  hmi_invalid_history.o
    0x08004360   0x08004360   0x00000010   Code   RO          778    i.DisplayInvalidTimePage  hmi_invalid_history.o
    0x08004370   0x08004370   0x00000034   Code   RO          746    i.DisplayKeyBar     hmi_surge_history.o
    0x080043a4   0x080043a4   0x00000020   Code   RO          779    i.DisplayKeyBar     hmi_invalid_history.o
    0x080043c4   0x080043c4   0x00000060   Code   RO          812    i.DisplayKeyBar     hmi_serialwork.o
    0x08004424   0x08004424   0x00000018   Code   RO          704    i.DisplayMainpage   hmi_mainpage.o
    0x0800443c   0x0800443c   0x00000018   Code   RO          799    i.DisplayMenuKey    hmi_common.o
    0x08004454   0x08004454   0x0000000c   Code   RO          813    i.DisplayRS485ConfigPage  hmi_serialwork.o
    0x08004460   0x08004460   0x0000009c   Code   RO          814    i.DisplayRS485StatePage  hmi_serialwork.o
    0x080044fc   0x080044fc   0x00000010   Code   RO          747    i.DisplaySurgeHistoryPage  hmi_surge_history.o
    0x0800450c   0x0800450c   0x00000058   Code   RO          705    i.DisplaySurgeNumInfo  hmi_mainpage.o
    0x08004564   0x08004564   0x000001e0   Code   RO          748    i.DisplaySurgehistoryInfo  hmi_surge_history.o
    0x08004744   0x08004744   0x000000f8   Code   RO          706    i.DisplayTempInfo   hmi_mainpage.o
    0x0800483c   0x0800483c   0x0000005c   Code   RO          707    i.DisplayTime       hmi_mainpage.o
    0x08004898   0x08004898   0x00000034   Code   RO            2    i.DrvInit           main.o
    0x080048cc   0x080048cc   0x00000008   Code   RO         1345    i.EepromDrvInit     eeprom_drv.o
    0x080048d4   0x080048d4   0x0000002c   Code   RO         1348    i.Eeprom_GPIO_Config  eeprom_drv.o
    0x08004900   0x08004900   0x00000012   Code   RO         1505    i.EnableNorflashWrite  norflash_drv.o
    0x08004912   0x08004912   0x0000005c   Code   RO         1507    i.EraseNorflashForWrite  norflash_drv.o
    0x0800496e   0x0800496e   0x00000036   Code   RO         1508    i.EraseNorflashSector  norflash_drv.o
    0x080049a4   0x080049a4   0x0000003c   Code   RO          512    i.EraseSurgeHistoryInfo  surge_history.o
    0x080049e0   0x080049e0   0x00000008   Code   RO         1917    i.FeedDog           iwdg_drv.o
    0x080049e8   0x080049e8   0x00000116   Code   RO         3210    i.GPIO_Init         stm32f10x_gpio.o
    0x08004afe   0x08004afe   0x00000002   PAD
    0x08004b00   0x08004b00   0x00000090   Code   RO         3212    i.GPIO_PinRemapConfig  stm32f10x_gpio.o
    0x08004b90   0x08004b90   0x00000012   Code   RO         3214    i.GPIO_ReadInputDataBit  stm32f10x_gpio.o
    0x08004ba2   0x08004ba2   0x00000004   Code   RO         3217    i.GPIO_ResetBits    stm32f10x_gpio.o
    0x08004ba6   0x08004ba6   0x00000004   Code   RO         3218    i.GPIO_SetBits      stm32f10x_gpio.o
    0x08004baa   0x08004baa   0x0000000a   Code   RO         3221    i.GPIO_WriteBit     stm32f10x_gpio.o
    0x08004bb4   0x08004bb4   0x0000001c   Code   RO         1764    i.GetAdcVal         ntc_drv.o
    0x08004bd0   0x08004bd0   0x00000012   Code   RO          571    i.GetInvalidTime    invalid_app.o
    0x08004be2   0x08004be2   0x00000022   Code   RO         1429    i.GetKeyVal         key_drv.o
    0x08004c04   0x08004c04   0x00000110   Code   RO          607    i.GetMOVFail_PCT    mov_invalid.o
    0x08004d14   0x08004d14   0x0000000c   Code   RO          210    i.GetModbusAddrData  store_app.o
    0x08004d20   0x08004d20   0x0000000c   Code   RO          211    i.GetModbusBaudData  store_app.o
    0x08004d2c   0x08004d2c   0x0000000c   Code   RO          608    i.GetMovLevel       mov_invalid.o
    0x08004d38   0x08004d38   0x0000000c   Code   RO         1845    i.GetRefreshflag    surgemdl_drv.o
    0x08004d44   0x08004d44   0x00000036   Code   RO         1455    i.GetRtcTime        rtc_drv.o
    0x08004d7a   0x08004d7a   0x0000002a   Code   RO         1729    i.GetSensorData     sensor_drv.o
    0x08004da4   0x08004da4   0x00000012   Code   RO          513    i.GetSurgeHistoryInfo  surge_history.o
    0x08004db6   0x08004db6   0x00000002   PAD
    0x08004db8   0x08004db8   0x00000020   Code   RO         1846    i.GetSurgemdlData   surgemdl_drv.o
    0x08004dd8   0x08004dd8   0x00000044   Code   RO         1709    i.GetSwitchinputStatus  switch_drv.o
    0x08004e1c   0x08004e1c   0x0000000c   Code   RO         1244    i.GetSysRunTime     systick_drv.o
    0x08004e28   0x08004e28   0x00000020   Code   RO         1765    i.GetTempData       ntc_drv.o
    0x08004e48   0x08004e48   0x00000008   Code   RO          652    i.GetleftrightIndex  hmi_app2.o
    0x08004e50   0x08004e50   0x00000024   Code   RO         1766    i.GpioInit          ntc_drv.o
    0x08004e74   0x08004e74   0x00000044   Code   RO         1961    i.GpioInit          portserial.o
    0x08004eb8   0x08004eb8   0x00000068   Code   RO         1509    i.Gpio_Iint         norflash_drv.o
    0x08004f20   0x08004f20   0x00000004   Code   RO         1183    i.HardFault_Handler  stm32f10x_it.o
    0x08004f24   0x08004f24   0x00000074   Code   RO          653    i.HmiTask           hmi_app2.o
    0x08004f98   0x08004f98   0x00000058   Code   RO         1349    i.I2CReadByte       eeprom_drv.o
    0x08004ff0   0x08004ff0   0x00000044   Code   RO         1350    i.I2CSendAck        eeprom_drv.o
    0x08005034   0x08005034   0x0000005c   Code   RO         1351    i.I2CSendByte       eeprom_drv.o
    0x08005090   0x08005090   0x00000038   Code   RO         1352    i.I2CSendNack       eeprom_drv.o
    0x080050c8   0x080050c8   0x00000044   Code   RO         1353    i.I2CStart          eeprom_drv.o
    0x0800510c   0x0800510c   0x00000034   Code   RO         1354    i.I2CStop           eeprom_drv.o
    0x08005140   0x08005140   0x0000005c   Code   RO         1355    i.I2CWaitAck        eeprom_drv.o
    0x0800519c   0x0800519c   0x00000010   Code   RO         3522    i.IWDG_Enable       stm32f10x_iwdg.o
    0x080051ac   0x080051ac   0x00000010   Code   RO         3524    i.IWDG_ReloadCounter  stm32f10x_iwdg.o
    0x080051bc   0x080051bc   0x0000000c   Code   RO         3525    i.IWDG_SetPrescaler  stm32f10x_iwdg.o
    0x080051c8   0x080051c8   0x0000000c   Code   RO         3526    i.IWDG_SetReload    stm32f10x_iwdg.o
    0x080051d4   0x080051d4   0x0000000c   Code   RO         3527    i.IWDG_WriteAccessCmd  stm32f10x_iwdg.o
    0x080051e0   0x080051e0   0x00000012   Code   RO         1482    i.InitIrqAfterBoot  iap_drv.o
    0x080051f2   0x080051f2   0x00000002   PAD
    0x080051f4   0x080051f4   0x00000048   Code   RO          212    i.InitSysParam      store_app.o
    0x0800523c   0x0800523c   0x0000000c   Code   RO          572    i.Invalid_Task      invalid_app.o
    0x08005248   0x08005248   0x0000001e   Code   RO         1918    i.IwdgDrvInit       iwdg_drv.o
    0x08005266   0x08005266   0x00000002   PAD
    0x08005268   0x08005268   0x00000068   Code   RO         1430    i.KeyDrvInit        key_drv.o
    0x080052d0   0x080052d0   0x000001f8   Code   RO         1431    i.KeyScan           key_drv.o
    0x080054c8   0x080054c8   0x000000b4   Code   RO         1602    i.LCD12864_GPIO_Config  lcd12864_drv.o
    0x0800557c   0x0800557c   0x00000060   Code   RO         1603    i.LCD_WR_DATA       lcd12864_drv.o
    0x080055dc   0x080055dc   0x00000064   Code   RO         1604    i.LCD_WR_REG        lcd12864_drv.o
    0x08005640   0x08005640   0x0000009c   Code   RO         1605    i.Lcd12864DrvInit   lcd12864_drv.o
    0x080056dc   0x080056dc   0x0000001e   Code   RO         1606    i.LcdDrawChinese    lcd12864_drv.o
    0x080056fa   0x080056fa   0x00000056   Code   RO         1607    i.LcdDrawPicture    lcd12864_drv.o
    0x08005750   0x08005750   0x0000001e   Code   RO         1608    i.LcdDrawString     lcd12864_drv.o
    0x0800576e   0x0800576e   0x00000002   PAD
    0x08005770   0x08005770   0x00000070   Code   RO         1305    i.LedDrvInit        led_drv.o
    0x080057e0   0x080057e0   0x0000001e   Code   RO         1847    i.MX_DMA_Enable     surgemdl_drv.o
    0x080057fe   0x080057fe   0x00000002   PAD
    0x08005800   0x08005800   0x00000020   Code   RO         1767    i.MedianAvgFltr     ntc_drv.o
    0x08005820   0x08005820   0x00000004   Code   RO         1184    i.MemManage_Handler  stm32f10x_it.o
    0x08005824   0x08005824   0x00000034   Code   RO          842    i.ModbusAppInit     modbus_app.o
    0x08005858   0x08005858   0x0000003e   Code   RO          843    i.ModbusGetDispersed  modbus_app.o
    0x08005896   0x08005896   0x00000018   Code   RO          844    i.ModbusGetHumi     modbus_app.o
    0x080058ae   0x080058ae   0x00000012   Code   RO          845    i.ModbusGetLightNum  modbus_app.o
    0x080058c0   0x080058c0   0x00000020   Code   RO          846    i.ModbusGetPhaseVol  modbus_app.o
    0x080058e0   0x080058e0   0x00000020   Code   RO          847    i.ModbusGetTemp     modbus_app.o
    0x08005900   0x08005900   0x00000016   Code   RO          848    i.ModbusSetLed1     modbus_app.o
    0x08005916   0x08005916   0x00000016   Code   RO          849    i.ModbusSetLed2     modbus_app.o
    0x0800592c   0x0800592c   0x00000048   Code   RO          850    i.ModbusSetRtcTime  modbus_app.o
    0x08005974   0x08005974   0x00000014   Code   RO          851    i.ModbusSetRtcTime_Pre  modbus_app.o
    0x08005988   0x08005988   0x00000028   Code   RO         1152    i.ModbusSlaveInit   modbus_slave.o
    0x080059b0   0x080059b0   0x00000008   Code   RO          852    i.ModbusTask        modbus_app.o
    0x080059b8   0x080059b8   0x00000010   Code   RO          609    i.MovInvalidProc    mov_invalid.o
    0x080059c8   0x080059c8   0x00000002   Code   RO         1185    i.NMI_Handler       stm32f10x_it.o
    0x080059ca   0x080059ca   0x00000002   PAD
    0x080059cc   0x080059cc   0x00000070   Code   RO         2059    i.NVIC_Init         misc.o
    0x08005a3c   0x08005a3c   0x00000014   Code   RO         2060    i.NVIC_PriorityGroupConfig  misc.o
    0x08005a50   0x08005a50   0x00000014   Code   RO         2061    i.NVIC_SetVectorTable  misc.o
    0x08005a64   0x08005a64   0x00000008   Code   RO         1510    i.NorflashDrvInit   norflash_drv.o
    0x08005a6c   0x08005a6c   0x00000002   Code   RO         1186    i.PVD_IRQHandler    stm32f10x_it.o
    0x08005a6e   0x08005a6e   0x00000002   PAD
    0x08005a70   0x08005a70   0x0000000c   Code   RO         3564    i.PWR_BackupAccessCmd  stm32f10x_pwr.o
    0x08005a7c   0x08005a7c   0x00000002   Code   RO         1187    i.PendSV_Handler    stm32f10x_it.o
    0x08005a7e   0x08005a7e   0x00000002   PAD
    0x08005a80   0x08005a80   0x0000000c   Code   RO         1848    i.PresetNum_Surge   surgemdl_drv.o
    0x08005a8c   0x08005a8c   0x000001e8   Code   RO          655    i.ProcKeyEvent      hmi_app2.o
    0x08005c74   0x08005c74   0x00000048   Code   RO         1512    i.ProgramNorflashPage  norflash_drv.o
    0x08005cbc   0x08005cbc   0x00000030   Code   RO         1768    i.PushDataToBuf     ntc_drv.o
    0x08005cec   0x08005cec   0x00000018   Code   RO         3624    i.RCC_ADCCLKConfig  stm32f10x_rcc.o
    0x08005d04   0x08005d04   0x00000020   Code   RO         3625    i.RCC_AHBPeriphClockCmd  stm32f10x_rcc.o
    0x08005d24   0x08005d24   0x00000020   Code   RO         3626    i.RCC_APB1PeriphClockCmd  stm32f10x_rcc.o
    0x08005d44   0x08005d44   0x00000020   Code   RO         3627    i.RCC_APB1PeriphResetCmd  stm32f10x_rcc.o
    0x08005d64   0x08005d64   0x00000020   Code   RO         3628    i.RCC_APB2PeriphClockCmd  stm32f10x_rcc.o
    0x08005d84   0x08005d84   0x00000020   Code   RO         3629    i.RCC_APB2PeriphResetCmd  stm32f10x_rcc.o
    0x08005da4   0x08005da4   0x0000000c   Code   RO         3631    i.RCC_BackupResetCmd  stm32f10x_rcc.o
    0x08005db0   0x08005db0   0x000000d4   Code   RO         3636    i.RCC_GetClocksFreq  stm32f10x_rcc.o
    0x08005e84   0x08005e84   0x0000003c   Code   RO         3637    i.RCC_GetFlagStatus  stm32f10x_rcc.o
    0x08005ec0   0x08005ec0   0x00000034   Code   RO         3644    i.RCC_LSEConfig     stm32f10x_rcc.o
    0x08005ef4   0x08005ef4   0x0000000c   Code   RO         3651    i.RCC_RTCCLKCmd     stm32f10x_rcc.o
    0x08005f00   0x08005f00   0x00000010   Code   RO         3652    i.RCC_RTCCLKConfig  stm32f10x_rcc.o
    0x08005f10   0x08005f10   0x00000014   Code   RO         3826    i.RTC_EnterConfigMode  stm32f10x_rtc.o
    0x08005f24   0x08005f24   0x00000014   Code   RO         3827    i.RTC_ExitConfigMode  stm32f10x_rtc.o
    0x08005f38   0x08005f38   0x00000014   Code   RO         3828    i.RTC_GetCounter    stm32f10x_rtc.o
    0x08005f4c   0x08005f4c   0x0000001c   Code   RO         3834    i.RTC_SetCounter    stm32f10x_rtc.o
    0x08005f68   0x08005f68   0x00000020   Code   RO         3835    i.RTC_SetPrescaler  stm32f10x_rtc.o
    0x08005f88   0x08005f88   0x00000014   Code   RO         3836    i.RTC_WaitForLastTask  stm32f10x_rtc.o
    0x08005f9c   0x08005f9c   0x00000024   Code   RO         3837    i.RTC_WaitForSynchro  stm32f10x_rtc.o
    0x08005fc0   0x08005fc0   0x00000036   Code   RO          213    i.ReadDataWithCheck  store_app.o
    0x08005ff6   0x08005ff6   0x00000002   PAD
    0x08005ff8   0x08005ff8   0x0000004c   Code   RO          853    i.ReadDiscreteInputsCb  modbus_app.o
    0x08006044   0x08006044   0x0000007e   Code   RO         1357    i.ReadEepromData    eeprom_drv.o
    0x080060c2   0x080060c2   0x00000044   Code   RO         1513    i.ReadNorflashData  norflash_drv.o
    0x08006106   0x08006106   0x00000002   PAD
    0x08006108   0x08006108   0x0000006c   Code   RO          854    i.ReadRegsCb        modbus_app.o
    0x08006174   0x08006174   0x0000002a   Code   RO          214    i.ReadSysParam      store_app.o
    0x0800619e   0x0800619e   0x00000002   PAD
    0x080061a0   0x080061a0   0x0000002c   Code   RO          514    i.RecordSurgeParam  surge_history.o
    0x080061cc   0x080061cc   0x000000bc   Code   RO         1456    i.RtcDrvInit        rtc_drv.o
    0x08006288   0x08006288   0x00000020   Code   RO         1515    i.SPIInit           norflash_drv.o
    0x080062a8   0x080062a8   0x00000060   Code   RO         1516    i.SPIReadWriteByte  norflash_drv.o
    0x08006308   0x08006308   0x00000014   Code   RO         1517    i.SPIStart          norflash_drv.o
    0x0800631c   0x0800631c   0x00000014   Code   RO         1518    i.SPIStop           norflash_drv.o
    0x08006330   0x08006330   0x00000002   Code   RO         1188    i.SVC_Handler       stm32f10x_it.o
    0x08006332   0x08006332   0x0000000c   Code   RO         1730    i.SensorDrvInit     sensor_drv.o
    0x0800633e   0x0800633e   0x00000010   Code   RO         1731    i.SensorDrvProc     sensor_drv.o
    0x0800634e   0x0800634e   0x0000000c   Code   RO          402    i.Sensor_Task       sensor_app.o
    0x0800635a   0x0800635a   0x00000002   PAD
    0x0800635c   0x0800635c   0x00000054   Code   RO          215    i.SetModbusAddrParam  store_app.o
    0x080063b0   0x080063b0   0x00000008   Code   RO         5026    i.SetSysClock       system_stm32f10x.o
    0x080063b8   0x080063b8   0x000000e0   Code   RO         5027    i.SetSysClockTo72   system_stm32f10x.o
    0x08006498   0x08006498   0x0000001e   Code   RO          515    i.StoreSurgeNum     surge_history.o
    0x080064b6   0x080064b6   0x00000002   PAD
    0x080064b8   0x080064b8   0x00000070   Code   RO         1849    i.SurgeDmaInit      surgemdl_drv.o
    0x08006528   0x08006528   0x00000054   Code   RO         1850    i.SurgeGpioInit     surgemdl_drv.o
    0x0800657c   0x0800657c   0x0000006c   Code   RO          516    i.SurgeHistoryProc  surge_history.o
    0x080065e8   0x080065e8   0x00000014   Code   RO         1851    i.SurgeMdlDrvInit   surgemdl_drv.o
    0x080065fc   0x080065fc   0x00000084   Code   RO         1852    i.SurgeUartInit     surgemdl_drv.o
    0x08006680   0x08006680   0x00000088   Code   RO         1853    i.SurgemdlDataPro   surgemdl_drv.o
    0x08006708   0x08006708   0x0000002c   Code   RO         1962    i.SwitchInit        portserial.o
    0x08006734   0x08006734   0x00000084   Code   RO          573    i.SwitchinputProc   invalid_app.o
    0x080067b8   0x080067b8   0x00000054   Code   RO         1710    i.Switchinput_DrvInit  switch_drv.o
    0x0800680c   0x0800680c   0x00000030   Code   RO         1245    i.SysTick_Handler   systick_drv.o
    0x0800683c   0x0800683c   0x00000068   Code   RO         1246    i.SysTick_Init      systick_drv.o
    0x080068a4   0x080068a4   0x00000060   Code   RO         5029    i.SystemInit        system_stm32f10x.o
    0x08006904   0x08006904   0x00000028   Code   RO         2024    i.TIM5_IRQHandler   porttimer.o
    0x0800692c   0x0800692c   0x00000006   Code   RO         4254    i.TIM_ClearFlag     stm32f10x_tim.o
    0x08006932   0x08006932   0x00000006   Code   RO         4255    i.TIM_ClearITPendingBit  stm32f10x_tim.o
    0x08006938   0x08006938   0x00000018   Code   RO         4260    i.TIM_Cmd           stm32f10x_tim.o
    0x08006950   0x08006950   0x000001e8   Code   RO         4265    i.TIM_DeInit        stm32f10x_tim.o
    0x08006b38   0x08006b38   0x00000022   Code   RO         4281    i.TIM_GetITStatus   stm32f10x_tim.o
    0x08006b5a   0x08006b5a   0x00000012   Code   RO         4285    i.TIM_ITConfig      stm32f10x_tim.o
    0x08006b6c   0x08006b6c   0x00000004   Code   RO         4325    i.TIM_SetCounter    stm32f10x_tim.o
    0x08006b70   0x08006b70   0x000000a4   Code   RO         4331    i.TIM_TimeBaseInit  stm32f10x_tim.o
    0x08006c14   0x08006c14   0x00000038   Code   RO            3    i.TaskHandler       main.o
    0x08006c4c   0x08006c4c   0x00000068   Code   RO            4    i.TaskScheduleCb    main.o
    0x08006cb4   0x08006cb4   0x0000000c   Code   RO         1247    i.TaskScheduleCbReg  systick_drv.o
    0x08006cc0   0x08006cc0   0x0000000c   Code   RO         1769    i.TempDrvInit       ntc_drv.o
    0x08006ccc   0x08006ccc   0x00000080   Code   RO         1770    i.TempSensorProc    ntc_drv.o
    0x08006d4c   0x08006d4c   0x00000054   Code   RO         1306    i.ToggleLed         led_drv.o
    0x08006da0   0x08006da0   0x00000030   Code   RO         1307    i.TurnOffLed        led_drv.o
    0x08006dd0   0x08006dd0   0x00000010   Code   RO         1609    i.TurnOffScreen     lcd12864_drv.o
    0x08006de0   0x08006de0   0x00000030   Code   RO         1308    i.TurnOnLed         led_drv.o
    0x08006e10   0x08006e10   0x00000010   Code   RO         1610    i.TurnOnScreen      lcd12864_drv.o
    0x08006e20   0x08006e20   0x00000044   Code   RO         1963    i.USART1_IRQHandler  portserial.o
    0x08006e64   0x08006e64   0x00000060   Code   RO         1855    i.USART2_IRQHandler  surgemdl_drv.o
    0x08006ec4   0x08006ec4   0x00000012   Code   RO         4792    i.USART_ClearFlag   stm32f10x_usart.o
    0x08006ed6   0x08006ed6   0x0000001e   Code   RO         4793    i.USART_ClearITPendingBit  stm32f10x_usart.o
    0x08006ef4   0x08006ef4   0x00000018   Code   RO         4796    i.USART_Cmd         stm32f10x_usart.o
    0x08006f0c   0x08006f0c   0x00000012   Code   RO         4797    i.USART_DMACmd      stm32f10x_usart.o
    0x08006f1e   0x08006f1e   0x00000002   PAD
    0x08006f20   0x08006f20   0x0000009c   Code   RO         4798    i.USART_DeInit      stm32f10x_usart.o
    0x08006fbc   0x08006fbc   0x0000001a   Code   RO         4799    i.USART_GetFlagStatus  stm32f10x_usart.o
    0x08006fd6   0x08006fd6   0x00000054   Code   RO         4800    i.USART_GetITStatus  stm32f10x_usart.o
    0x0800702a   0x0800702a   0x0000004a   Code   RO         4802    i.USART_ITConfig    stm32f10x_usart.o
    0x08007074   0x08007074   0x000000d8   Code   RO         4803    i.USART_Init        stm32f10x_usart.o
    0x0800714c   0x0800714c   0x0000000a   Code   RO         4810    i.USART_ReceiveData  stm32f10x_usart.o
    0x08007156   0x08007156   0x00000008   Code   RO         4813    i.USART_SendData    stm32f10x_usart.o
    0x0800715e   0x0800715e   0x00000002   PAD
    0x08007160   0x08007160   0x00000070   Code   RO         1964    i.UartInit          portserial.o
    0x080071d0   0x080071d0   0x00000004   Code   RO         1189    i.UsageFault_Handler  stm32f10x_it.o
    0x080071d4   0x080071d4   0x00000030   Code   RO         1519    i.WaitNorflashWriteEnd  norflash_drv.o
    0x08007204   0x08007204   0x00000028   Code   RO          217    i.WriteDataWithCheck  store_app.o
    0x0800722c   0x0800722c   0x00000096   Code   RO         1358    i.WriteEepromData   eeprom_drv.o
    0x080072c2   0x080072c2   0x00000078   Code   RO         1520    i.WriteNorflashData  norflash_drv.o
    0x0800733a   0x0800733a   0x00000002   PAD
    0x0800733c   0x0800733c   0x0000008c   Code   RO          855    i.WriteRegsCb       modbus_app.o
    0x080073c8   0x080073c8   0x0000002c   Code   RO          218    i.WriteSysParam     store_app.o
    0x080073f4   0x080073f4   0x00000028   Code   RO         5643    i.__0sprintf        mc_w.l(printfa.o)
    0x0800741c   0x0800741c   0x0000009c   Code   RO         5333    i.__aeabi_assert    retarget_io.o
    0x080074b8   0x080074b8   0x0000000e   Code   RO         5735    i.__scatterload_copy  mc_w.l(handlers.o)
    0x080074c6   0x080074c6   0x00000002   Code   RO         5736    i.__scatterload_null  mc_w.l(handlers.o)
    0x080074c8   0x080074c8   0x0000000e   Code   RO         5737    i.__scatterload_zeroinit  mc_w.l(handlers.o)
    0x080074d6   0x080074d6   0x00000002   PAD
    0x080074d8   0x080074d8   0x00000184   Code   RO         5648    i._fp_digits        mc_w.l(printfa.o)
    0x0800765c   0x0800765c   0x000006dc   Code   RO         5649    i._printf_core      mc_w.l(printfa.o)
    0x08007d38   0x08007d38   0x00000024   Code   RO         5650    i._printf_post_padding  mc_w.l(printfa.o)
    0x08007d5c   0x08007d5c   0x0000002e   Code   RO         5651    i._printf_pre_padding  mc_w.l(printfa.o)
    0x08007d8a   0x08007d8a   0x0000000a   Code   RO         5653    i._sputc            mc_w.l(printfa.o)
    0x08007d94   0x08007d94   0x00000004   Code   RO         5335    i.abort             retarget_io.o
    0x08007d98   0x08007d98   0x0000003c   Code   RO         1611    i.clear_area        lcd12864_drv.o
    0x08007dd4   0x08007dd4   0x00000038   Code   RO         1612    i.clear_screen      lcd12864_drv.o
    0x08007e0c   0x08007e0c   0x00000174   Code   RO         1613    i.display_GB2312_string  lcd12864_drv.o
    0x08007f80   0x08007f80   0x00000058   Code   RO         1614    i.display_graphic_16x16  lcd12864_drv.o
    0x08007fd8   0x08007fd8   0x0000004c   Code   RO         1615    i.display_graphic_8x16  lcd12864_drv.o
    0x08008024   0x08008024   0x00000028   Code   RO          950    i.eMBEnable         mb.o
    0x0800804c   0x0800804c   0x000000a4   Code   RO         1019    i.eMBFuncReadDiscreteInputs  mbfuncdisc.o
    0x080080f0   0x080080f0   0x00000086   Code   RO         1031    i.eMBFuncReadHoldingRegister  mbfuncholding.o
    0x08008176   0x08008176   0x0000003e   Code   RO         1032    i.eMBFuncWriteHoldingRegister  mbfuncholding.o
    0x080081b4   0x080081b4   0x0000006a   Code   RO         1033    i.eMBFuncWriteMultipleHoldingRegister  mbfuncholding.o
    0x0800821e   0x0800821e   0x00000002   PAD
    0x08008220   0x08008220   0x000000e0   Code   RO          951    i.eMBInit           mb.o
    0x08008300   0x08008300   0x00000168   Code   RO          952    i.eMBPoll           mb.o
    0x08008468   0x08008468   0x00000050   Code   RO         1093    i.eMBRTUInit        mbrtu.o
    0x080084b8   0x080084b8   0x000000a4   Code   RO         1094    i.eMBRTUReceive     mbrtu.o
    0x0800855c   0x0800855c   0x000000a8   Code   RO         1095    i.eMBRTUSend        mbrtu.o
    0x08008604   0x08008604   0x0000001c   Code   RO         1096    i.eMBRTUStart       mbrtu.o
    0x08008620   0x08008620   0x00000010   Code   RO         1097    i.eMBRTUStop        mbrtu.o
    0x08008630   0x08008630   0x00000024   Code   RO         1153    i.eMBRegDiscreteCB  modbus_slave.o
    0x08008654   0x08008654   0x0000003c   Code   RO         1154    i.eMBRegHoldingCB   modbus_slave.o
    0x08008690   0x08008690   0x0000001c   Code   RO          954    i.eMBSetSlaveAddr   mb.o
    0x080086ac   0x080086ac   0x00000020   Code   RO         5337    i.fputc             retarget_io.o
    0x080086cc   0x080086cc   0x00000018   Code   RO         5384    i.fputs             mc_w.l(fputs.o)
    0x080086e4   0x080086e4   0x00000048   Code   RO         1616    i.get_data_from_ROM  lcd12864_drv.o
    0x0800872c   0x0800872c   0x0000006c   Code   RO         1617    i.get_n_bytes_data_from_ROM  lcd12864_drv.o
    0x08008798   0x08008798   0x00000028   Code   RO         1618    i.lcd_address       lcd12864_drv.o
    0x080087c0   0x080087c0   0x00000018   Code   RO            5    i.main              main.o
    0x080087d8   0x080087d8   0x00000022   Code   RO         1055    i.prveMBError2Exception  mbutils.o
    0x080087fa   0x080087fa   0x00000002   PAD
    0x080087fc   0x080087fc   0x00000010   Code   RO         2025    i.prvvTIMERExpiredISR  porttimer.o
    0x0800880c   0x0800880c   0x00000010   Code   RO         1965    i.prvvUARTRxISR     portserial.o
    0x0800881c   0x0800881c   0x00000010   Code   RO         1966    i.prvvUARTTxReadyISR  portserial.o
    0x0800882c   0x0800882c   0x00000048   Code   RO         1619    i.send_command_to_ROM  lcd12864_drv.o
    0x08008874   0x08008874   0x00000004   Code   RO         5338    i.stderr_putchar    retarget_io.o
    0x08008878   0x08008878   0x00000038   Code   RO         1079    i.usMBCRC16         mbcrc.o
    0x080088b0   0x080088b0   0x00000070   Code   RO         1967    i.vMBPortSerialEnable  portserial.o
    0x08008920   0x08008920   0x0000002c   Code   RO         2050    i.vMBPortTimersDisable  porttimer.o
    0x0800894c   0x0800894c   0x0000002c   Code   RO         2044    i.vMBPortTimersEnable  porttimer.o
    0x08008978   0x08008978   0x00000024   Code   RO         1935    i.xMBPortEventGet   portevent.o
    0x0800899c   0x0800899c   0x00000010   Code   RO         1936    i.xMBPortEventInit  portevent.o
    0x080089ac   0x080089ac   0x00000018   Code   RO         1937    i.xMBPortEventPost  portevent.o
    0x080089c4   0x080089c4   0x00000018   Code   RO         1968    i.xMBPortSerialGetByte  portserial.o
    0x080089dc   0x080089dc   0x00000020   Code   RO         1969    i.xMBPortSerialInit  portserial.o
    0x080089fc   0x080089fc   0x00000018   Code   RO         1970    i.xMBPortSerialPutByte  portserial.o
    0x08008a14   0x08008a14   0x00000074   Code   RO         2026    i.xMBPortTimersInit  porttimer.o
    0x08008a88   0x08008a88   0x000000d8   Code   RO         1098    i.xMBRTUReceiveFSM  mbrtu.o
    0x08008b60   0x08008b60   0x00000088   Code   RO         1099    i.xMBRTUTimerT35Expired  mbrtu.o
    0x08008be8   0x08008be8   0x000000c0   Code   RO         1100    i.xMBRTUTransmitFSM  mbrtu.o
    0x08008ca8   0x08008ca8   0x0000000c   Data   RO          220    .constdata          store_app.o
    0x08008cb4   0x08008cb4   0x00000668   Data   RO          558    .constdata          picture.o
    0x0800931c   0x0800931c   0x00000008   Data   RO          749    .constdata          hmi_surge_history.o
    0x08009324   0x08009324   0x00000014   Data   RO          857    .constdata          modbus_app.o
    0x08009338   0x08009338   0x00000200   Data   RO         1080    .constdata          mbcrc.o
    0x08009538   0x08009538   0x0000017e   Data   RO         1772    .constdata          ntc_drv.o
    0x080096b6   0x080096b6   0x0000000c   Data   RO         5712    .constdata          mc_w.l(localtime_i.o)
    0x080096c2   0x080096c2   0x00000002   PAD
    0x080096c4   0x080096c4   0x00000063   Data   RO         1102    .conststring        mbrtu.o
    0x08009727   0x08009727   0x00000001   PAD
    0x08009728   0x08009728   0x00000020   Data   RO         5733    Region$$Table       anon$$obj.o


    Execution Region RW_IRAM1 (Exec base: 0x20000000, Load base: 0x08009748, Size: 0x00003560, Max: 0x0000c000, ABSOLUTE, COMPRESSED[0x00000120])

    Exec Addr    Load Addr    Size         Type   Attr      Idx    E Section Name        Object

    0x20000000   COMPRESSED   0x00000030   Data   RW            6    .data               main.o
    0x20000030   COMPRESSED   0x00000001   Data   RW          518    .data               surge_history.o
    0x20000031   COMPRESSED   0x00000003   PAD
    0x20000034   COMPRESSED   0x00000070   Data   RW          559    .data               picture.o
    0x200000a4   COMPRESSED   0x00000002   Data   RW          575    .data               invalid_app.o
    0x200000a6   COMPRESSED   0x00000002   PAD
    0x200000a8   COMPRESSED   0x00000021   Data   RW          610    .data               mov_invalid.o
    0x200000c9   COMPRESSED   0x00000005   Data   RW          657    .data               hmi_app2.o
    0x200000ce   COMPRESSED   0x00000001   Data   RW          708    .data               hmi_mainpage.o
    0x200000cf   COMPRESSED   0x00000001   PAD
    0x200000d0   COMPRESSED   0x00000002   Data   RW          750    .data               hmi_surge_history.o
    0x200000d2   COMPRESSED   0x00000001   Data   RW          815    .data               hmi_serialwork.o
    0x200000d3   COMPRESSED   0x00000001   PAD
    0x200000d4   COMPRESSED   0x0000008c   Data   RW          858    .data               modbus_app.o
    0x20000160   COMPRESSED   0x000000b9   Data   RW          955    .data               mb.o
    0x20000219   COMPRESSED   0x00000003   PAD
    0x2000021c   COMPRESSED   0x0000000c   Data   RW         1103    .data               mbrtu.o
    0x20000228   COMPRESSED   0x0000000c   Data   RW         1248    .data               systick_drv.o
    0x20000234   COMPRESSED   0x00000024   Data   RW         1309    .data               led_drv.o
    0x20000258   COMPRESSED   0x00000030   Data   RW         1433    .data               key_drv.o
    0x20000288   COMPRESSED   0x00000004   Data   RW         1620    .data               lcd12864_drv.o
    0x2000028c   COMPRESSED   0x0000001a   Data   RW         1711    .data               switch_drv.o
    0x200002a6   COMPRESSED   0x00000002   PAD
    0x200002a8   COMPRESSED   0x0000000a   Data   RW         1773    .data               ntc_drv.o
    0x200002b2   COMPRESSED   0x00000002   PAD
    0x200002b4   COMPRESSED   0x00000038   Data   RW         1858    .data               surgemdl_drv.o
    0x200002ec   COMPRESSED   0x00000002   Data   RW         1938    .data               portevent.o
    0x200002ee   COMPRESSED   0x00000002   PAD
    0x200002f0   COMPRESSED   0x00000014   Data   RW         1971    .data               portserial.o
    0x20000304   COMPRESSED   0x00000014   Data   RW         3656    .data               stm32f10x_rcc.o
    0x20000318   COMPRESSED   0x00000014   Data   RW         5030    .data               system_stm32f10x.o
    0x2000032c   COMPRESSED   0x00000004   Data   RW         5388    .data               mc_w.l(stderr.o)
    0x20000330        -       0x0000000c   Zero   RW          219    .bss                store_app.o
    0x2000033c        -       0x0000001c   Zero   RW          517    .bss                surge_history.o
    0x20000358        -       0x00000010   Zero   RW          574    .bss                invalid_app.o
    0x20000368        -       0x0000000a   Zero   RW          656    .bss                hmi_app2.o
    0x20000372        -       0x0000001f   Zero   RW          856    .bss                modbus_app.o
    0x20000391        -       0x00000100   Zero   RW         1101    .bss                mbrtu.o
    0x20000491   COMPRESSED   0x00000003   PAD
    0x20000494        -       0x0000000c   Zero   RW         1155    .bss                modbus_slave.o
    0x200004a0        -       0x00000060   Zero   RW         1432    .bss                key_drv.o
    0x20000500        -       0x00000014   Zero   RW         1771    .bss                ntc_drv.o
    0x20000514        -       0x0000001e   Zero   RW         1856    .bss                surgemdl_drv.o
    0x20000532   COMPRESSED   0x00000002   PAD
    0x20000534        -       0x0000002c   Zero   RW         5709    .bss                mc_w.l(localtime_w.o)
    0x20000560        -       0x00003000   Zero   RW         5060    STACK               startup_stm32f10x_hd.o


==============================================================================

Image component sizes


      Code (inc. data)   RO Data    RW Data    ZI Data      Debug   Object Name

       124         16          0          0          0       1822   delay.o
       844         40          0          0          0       7826   eeprom_drv.o
       612         38          0          5         10       3769   hmi_app2.o
        24         10          0          0          0        529   hmi_common.o
       252         66          0          0          0       1749   hmi_invalid_history.o
       480         88          0          1          0       3638   hmi_mainpage.o
       356        114          0          1          0       2317   hmi_serialwork.o
       548        102          8          2          0       1938   hmi_surge_history.o
        18          0          0          0          0        523   iap_drv.o
       162         10          0          2         16       3432   invalid_app.o
        38          0          0          0          0       1032   iwdg_drv.o
       642         20          0         48         96       3365   key_drv.o
      1654        100          0          4          0      14026   lcd12864_drv.o
       292         20          0         36          0       3258   led_drv.o
       260         16          0         48          0     230819   main.o
       664        140          0        185          0       6411   mb.o
        56          8        512          0          0       1404   mbcrc.o
       164          0          0          0          0       1724   mbfuncdisc.o
       302          0          0          0          0       4225   mbfuncholding.o
      1000        306         99         12        256       6771   mbrtu.o
        34          0          0          0          0        644   mbutils.o
       152         30          0          0          0       2337   misc.o
       848         58         20        140         31      15370   modbus_app.o
       136         18          0          0         12       2895   modbus_slave.o
       364         32          0         33          0       3439   mov_invalid.o
       770         32          0          0          0      10473   norflash_drv.o
       660         58        382         10         20      10027   ntc_drv.o
         0          0       1640        112          0       2261   picture.o
        76         24          0          2          0       2412   portevent.o
       516         54          0         20          0       6876   portserial.o
       260         28          0          0          0       2903   porttimer.o
       196         52          0          0          0       2221   retarget_io.o
       242          4          0          0          0       2726   rtc_drv.o
        12          0          0          0          0       1574   sensor_app.o
        70          0          0          0          0       2356   sensor_drv.o
        36          8        304          0      12288        876   startup_stm32f10x_hd.o
       486         24          0          0          0       9386   stm32f10x_adc.o
        72         10          0          0          0       2948   stm32f10x_bkp.o
       428          8          0          0          0       4944   stm32f10x_dma.o
       458          6          0          0          0       5530   stm32f10x_gpio.o
        26          0          0          0          0       4545   stm32f10x_it.o
        68         30          0          0          0       2790   stm32f10x_iwdg.o
        12          6          0          0          0        578   stm32f10x_pwr.o
       548         82          0         20          0      10331   stm32f10x_rcc.o
       176         34          0          0          0       3991   stm32f10x_rtc.o
       744        106          0          0          0       6004   stm32f10x_tim.o
       664         28          0          0          0       9343   stm32f10x_usart.o
       418         28         12          0         12     278375   store_app.o
       260         28          0          1         28       5025   surge_history.o
       666         78          0         56         30       7105   surgemdl_drv.o
       152         14          0         26          0       2261   switch_drv.o
       328         28          0         20          0       2485   system_stm32f10x.o
       176         32          0         12          0      18264   systick_drv.o

    ----------------------------------------------------------------------
     18596       2034       3010        812      12804     743873   Object Totals
         0          0         32          0          0          0   (incl. Generated)
        50          0          1         16          5          0   (incl. Padding)

    ----------------------------------------------------------------------

      Code (inc. data)   RO Data    RW Data    ZI Data      Debug   Library Member Name

        86          0          0          0          0          0   __dczerorl2.o
         0          0          0          0          0          0   entry.o
         0          0          0          0          0          0   entry10a.o
         0          0          0          0          0          0   entry11a.o
         8          4          0          0          0          0   entry2.o
         4          0          0          0          0          0   entry5.o
         0          0          0          0          0          0   entry7b.o
         0          0          0          0          0          0   entry8b.o
         8          4          0          0          0          0   entry9a.o
        24          0          0          0          0         80   fputs.o
        30          0          0          0          0          0   handlers.o
        36          8          0          0          0         68   init.o
         0          0          0          0          0          0   iusefp.o
        30          0          0          0          0         68   llshl.o
        36          0          0          0          0         68   llsshr.o
        32          0          0          0          0         68   llushr.o
       140          6         12          0          0         76   localtime_i.o
        12          6          0          0         44         68   localtime_w.o
        36          0          0          0          0         68   memcpya.o
        36          0          0          0          0        108   memseta.o
      2276         86          0          0          0        520   printfa.o
       156          0          0          0          0         88   qsort.o
         0          0          0          4          0          0   stderr.o
        44          0          0          0          0         80   uidiv.o
        98          0          0          0          0         92   uldiv.o
        48          0          0          0          0         68   cdrcmple.o
        20          0          0          0          0         68   cfcmple.o
        20          0          0          0          0         68   cfrcmple.o
       334          0          0          0          0        148   dadd.o
       222          0          0          0          0        100   ddiv.o
       186          0          0          0          0        176   depilogue.o
        48          0          0          0          0         68   dfixul.o
       228          0          0          0          0         96   dmul.o
        38          0          0          0          0         68   f2d.o
       176          0          0          0          0        140   fadd.o
       124          0          0          0          0         88   fdiv.o
       110          0          0          0          0        168   fepilogue.o
        40          0          0          0          0         68   ffixui.o
        18          0          0          0          0         68   fflti.o
        10          0          0          0          0         68   ffltui.o
       100          0          0          0          0         76   fmul.o

    ----------------------------------------------------------------------
      4820        114         14          4         44       2988   Library Totals
         6          0          2          0          0          0   (incl. Padding)

    ----------------------------------------------------------------------

      Code (inc. data)   RO Data    RW Data    ZI Data      Debug   Library Name

      3092        114         12          4         44       1452   mc_w.l
      1722          0          0          0          0       1536   mf_w.l

    ----------------------------------------------------------------------
      4820        114         14          4         44       2988   Library Totals

    ----------------------------------------------------------------------

==============================================================================


      Code (inc. data)   RO Data    RW Data    ZI Data      Debug   

     23416       2148       3024        816      12848     731285   Grand Totals
     23416       2148       3024        288      12848     731285   ELF Image Totals (compressed)
     23416       2148       3024        288          0          0   ROM Totals

==============================================================================

    Total RO  Size (Code + RO Data)                26440 (  25.82kB)
    Total RW  Size (RW Data + ZI Data)             13664 (  13.34kB)
    Total ROM Size (Code + RO Data + RW Data)      26728 (  26.10kB)

==============================================================================

